[2026-08-31T19:43:58.180+0000] {local_task_job_runner.py:123} INFO - ::group::Pre task execution logs
[2026-08-31T19:43:58.196+0000] {taskinstance.py:2613} INFO - Dependencies all met for dep_context=non-requeueable deps ti=<TaskInstance: etl_pipeline.load_data manual__2026-08-31T19:43:52.624606+00:00 [queued]>
[2026-08-31T19:43:58.203+0000] {taskinstance.py:2613} INFO - Dependencies all met for dep_context=requeueable deps ti=<TaskInstance: etl_pipeline.load_data manual__2026-08-31T19:43:52.624606+00:00 [queued]>
[2026-08-31T19:43:58.204+0000] {taskinstance.py:2866} INFO - Starting attempt 1 of 1
[2026-08-31T19:43:58.217+0000] {taskinstance.py:2889} INFO - Executing <Task(BashOperator): load_data> on 2026-08-31 19:43:52.624606+00:00
[2026-08-31T19:43:58.225+0000] {standard_task_runner.py:104} INFO - Running: ['airflow', 'tasks', 'run', 'etl_pipeline', 'load_data', 'manual__2026-08-31T19:43:52.624606+00:00', '--job-id', '43', '--raw', '--subdir', 'DAGS_FOLDER/sales_etl_dag.py', '--cfg-path', '/tmp/tmpf61p32l5']
[2026-08-31T19:43:58.228+0000] {standard_task_runner.py:105} INFO - Job 43: Subtask load_data
[2026-08-31T19:43:58.229+0000] {logging_mixin.py:190} WARNING - /home/airflow/.local/lib/python3.12/site-packages/airflow/task/task_runner/standard_task_runner.py:70 DeprecationWarning: This process (pid=380) is multi-threaded, use of fork() may lead to deadlocks in the child.
[2026-08-31T19:43:58.230+0000] {standard_task_runner.py:72} INFO - Started process 381 to run task
[2026-08-31T19:43:58.296+0000] {task_command.py:467} INFO - Running <TaskInstance: etl_pipeline.load_data manual__2026-08-31T19:43:52.624606+00:00 [running]> on host a914322f514a
[2026-08-31T19:43:58.365+0000] {taskinstance.py:3132} INFO - Exporting env vars: AIRFLOW_CTX_DAG_OWNER='airflow' AIRFLOW_CTX_DAG_ID='etl_pipeline' AIRFLOW_CTX_TASK_ID='load_data' AIRFLOW_CTX_EXECUTION_DATE='2026-08-31T19:43:52.624606+00:00' AIRFLOW_CTX_TRY_NUMBER='1' AIRFLOW_CTX_DAG_RUN_ID='manual__2026-08-31T19:43:52.624606+00:00'
[2026-08-31T19:43:58.366+0000] {taskinstance.py:731} INFO - ::endgroup::
[2026-08-31T19:43:58.380+0000] {subprocess.py:78} INFO - Tmp dir root location: /tmp
[2026-08-31T19:43:58.381+0000] {subprocess.py:88} INFO - Running command: ['/usr/bin/bash', '-c', 'PYTHONPATH=/opt/airflow/src python -m load']
[2026-08-31T19:43:58.390+0000] {subprocess.py:99} INFO - Output:
[2026-08-31T19:43:59.572+0000] {subprocess.py:106} INFO - DATASETS EXTRACTED:
[2026-08-31T19:43:59.573+0000] {subprocess.py:106} INFO - dict_keys([])
[2026-08-31T19:43:59.657+0000] {subprocess.py:110} INFO - Command exited with return code 0
[2026-08-31T19:43:59.683+0000] {taskinstance.py:340} INFO - ::group::Post task execution logs
[2026-08-31T19:43:59.684+0000] {taskinstance.py:352} INFO - Marking task as SUCCESS. dag_id=etl_pipeline, task_id=load_data, run_id=manual__2026-08-31T19:43:52.624606+00:00, execution_date=20260831T194352, start_date=20260831T194358, end_date=20260831T194359
[2026-08-31T19:43:59.731+0000] {local_task_job_runner.py:266} INFO - Task exited with return code 0
[2026-08-31T19:43:59.758+0000] {taskinstance.py:3895} INFO - 4 downstream tasks scheduled from follow-on schedule check
[2026-08-31T19:43:59.760+0000] {local_task_job_runner.py:245} INFO - ::endgroup::
