[2026-09-28T18:07:34.206+0000] {local_task_job_runner.py:123} INFO - ::group::Pre task execution logs
[2026-09-28T18:07:34.251+0000] {taskinstance.py:2613} INFO - Dependencies all met for dep_context=non-requeueable deps ti=<TaskInstance: etl_pipeline.load_data scheduled__2026-09-27T02:00:00+00:00 [queued]>
[2026-09-28T18:07:34.282+0000] {taskinstance.py:2613} INFO - Dependencies all met for dep_context=requeueable deps ti=<TaskInstance: etl_pipeline.load_data scheduled__2026-09-27T02:00:00+00:00 [queued]>
[2026-09-28T18:07:34.284+0000] {taskinstance.py:2866} INFO - Starting attempt 1 of 3
[2026-09-28T18:07:34.379+0000] {taskinstance.py:2889} INFO - Executing <Task(BashOperator): load_data> on 2026-09-27 02:00:00+00:00
[2026-09-28T18:07:34.395+0000] {standard_task_runner.py:104} INFO - Running: ['airflow', 'tasks', 'run', 'etl_pipeline', 'load_data', 'scheduled__2026-09-27T02:00:00+00:00', '--job-id', '171', '--raw', '--subdir', 'DAGS_FOLDER/sales_etl_dag.py', '--cfg-path', '/tmp/tmp91b8fymz']
[2026-09-28T18:07:34.399+0000] {standard_task_runner.py:105} INFO - Job 171: Subtask load_data
[2026-09-28T18:07:34.409+0000] {logging_mixin.py:190} WARNING - /home/airflow/.local/lib/python3.12/site-packages/airflow/task/task_runner/standard_task_runner.py:70 DeprecationWarning: This process (pid=221) is multi-threaded, use of fork() may lead to deadlocks in the child.
[2026-09-28T18:07:34.411+0000] {standard_task_runner.py:72} INFO - Started process 224 to run task
[2026-09-28T18:07:34.543+0000] {task_command.py:467} INFO - Running <TaskInstance: etl_pipeline.load_data scheduled__2026-09-27T02:00:00+00:00 [running]> on host c0ac871157a5
[2026-09-28T18:07:34.907+0000] {taskinstance.py:3132} INFO - Exporting env vars: AIRFLOW_CTX_DAG_OWNER='airflow' AIRFLOW_CTX_DAG_ID='etl_pipeline' AIRFLOW_CTX_TASK_ID='load_data' AIRFLOW_CTX_EXECUTION_DATE='2026-09-27T02:00:00+00:00' AIRFLOW_CTX_TRY_NUMBER='1' AIRFLOW_CTX_DAG_RUN_ID='scheduled__2026-09-27T02:00:00+00:00'
[2026-09-28T18:07:34.915+0000] {taskinstance.py:731} INFO - ::endgroup::
[2026-09-28T18:07:34.971+0000] {subprocess.py:78} INFO - Tmp dir root location: /tmp
[2026-09-28T18:07:34.973+0000] {subprocess.py:88} INFO - Running command: ['/usr/bin/bash', '-c', 'PYTHONPATH=/opt/airflow/src python -m load']
[2026-09-28T18:07:35.006+0000] {subprocess.py:99} INFO - Output:
[2026-09-28T18:09:24.889+0000] {subprocess.py:106} INFO - CURRENT DIRECTORY: /tmp/airflowtmpenb8jbn2
[2026-09-28T18:09:24.891+0000] {subprocess.py:106} INFO - DATA FOLDER: /opt/airflow/data/raw
[2026-09-28T18:09:24.892+0000] {subprocess.py:106} INFO - CSV FILES: [PosixPath('/opt/airflow/data/raw/olist_customers_dataset.csv'), PosixPath('/opt/airflow/data/raw/olist_geolocation_dataset.csv'), PosixPath('/opt/airflow/data/raw/olist_orders_dataset.csv'), PosixPath('/opt/airflow/data/raw/olist_order_items_dataset.csv'), PosixPath('/opt/airflow/data/raw/olist_order_payments_dataset.csv'), PosixPath('/opt/airflow/data/raw/olist_order_reviews_dataset.csv'), PosixPath('/opt/airflow/data/raw/olist_products_dataset.csv'), PosixPath('/opt/airflow/data/raw/olist_sellers_dataset.csv'), PosixPath('/opt/airflow/data/raw/product_category_name_translation.csv')]
[2026-09-28T18:09:24.893+0000] {subprocess.py:106} INFO - DATASETS EXTRACTED:
[2026-09-28T18:09:24.893+0000] {subprocess.py:106} INFO - dict_keys(['olist_customers_dataset', 'olist_geolocation_dataset', 'olist_orders_dataset', 'olist_order_items_dataset', 'olist_order_payments_dataset', 'olist_order_reviews_dataset', 'olist_products_dataset', 'olist_sellers_dataset', 'product_category_name_translation'])
[2026-09-28T18:09:24.894+0000] {subprocess.py:106} INFO - order_delivered_customer_date    object
[2026-09-28T18:09:24.895+0000] {subprocess.py:106} INFO - order_purchase_timestamp         object
[2026-09-28T18:09:24.895+0000] {subprocess.py:106} INFO - dtype: object
[2026-09-28T18:09:24.896+0000] {subprocess.py:106} INFO - order_delivered_customer_date    datetime64[ns]
[2026-09-28T18:09:24.896+0000] {subprocess.py:106} INFO - order_purchase_timestamp         datetime64[ns]
[2026-09-28T18:09:24.897+0000] {subprocess.py:106} INFO - dtype: object
[2026-09-28T18:09:24.898+0000] {subprocess.py:106} INFO - order_delivered_customer_date    datetime64[ns]
[2026-09-28T18:09:24.898+0000] {subprocess.py:106} INFO - order_purchase_timestamp         datetime64[ns]
[2026-09-28T18:09:24.899+0000] {subprocess.py:106} INFO - dtype: object
[2026-09-28T18:09:24.900+0000] {subprocess.py:106} INFO - order_delivered_customer_date    datetime64[ns]
[2026-09-28T18:09:24.900+0000] {subprocess.py:106} INFO - order_purchase_timestamp         datetime64[ns]
[2026-09-28T18:09:24.901+0000] {subprocess.py:106} INFO - dtype: object
[2026-09-28T18:09:24.901+0000] {subprocess.py:106} INFO - order_delivered_customer_date    datetime64[ns]
[2026-09-28T18:09:24.902+0000] {subprocess.py:106} INFO - order_purchase_timestamp         datetime64[ns]
[2026-09-28T18:09:24.902+0000] {subprocess.py:106} INFO - dtype: object
[2026-09-28T18:09:24.902+0000] {subprocess.py:106} INFO - order_delivered_customer_date    datetime64[ns]
[2026-09-28T18:09:24.903+0000] {subprocess.py:106} INFO - order_purchase_timestamp         datetime64[ns]
[2026-09-28T18:09:24.904+0000] {subprocess.py:106} INFO - dtype: object
[2026-09-28T18:09:24.904+0000] {subprocess.py:106} INFO - order_delivered_customer_date    datetime64[ns]
[2026-09-28T18:09:24.905+0000] {subprocess.py:106} INFO - order_purchase_timestamp         datetime64[ns]
[2026-09-28T18:09:24.905+0000] {subprocess.py:106} INFO - dtype: object
[2026-09-28T18:09:24.906+0000] {subprocess.py:106} INFO - order_delivered_customer_date    datetime64[ns]
[2026-09-28T18:09:24.906+0000] {subprocess.py:106} INFO - order_purchase_timestamp         datetime64[ns]
[2026-09-28T18:09:24.907+0000] {subprocess.py:106} INFO - dtype: object
[2026-09-28T18:09:24.908+0000] {subprocess.py:106} INFO - order_delivered_customer_date    datetime64[ns]
[2026-09-28T18:09:24.908+0000] {subprocess.py:106} INFO - order_purchase_timestamp         datetime64[ns]
[2026-09-28T18:09:24.909+0000] {subprocess.py:106} INFO - dtype: object
[2026-09-28T18:09:24.909+0000] {subprocess.py:106} INFO - Loading olist_customers_dataset → stg_customers, rows=99441
[2026-09-28T18:09:24.910+0000] {subprocess.py:106} INFO - Loading olist_geolocation_dataset → stg_geolocation, rows=1000163
[2026-09-28T18:09:24.911+0000] {subprocess.py:106} INFO - Loading olist_orders_dataset → stg_orders, rows=99441
[2026-09-28T18:09:24.911+0000] {subprocess.py:106} INFO - Loading olist_order_items_dataset → stg_order_items, rows=112650
[2026-09-28T18:09:24.911+0000] {subprocess.py:106} INFO - Loading olist_order_payments_dataset → stg_order_payments, rows=103886
[2026-09-28T18:09:24.912+0000] {subprocess.py:106} INFO - Loading olist_order_reviews_dataset → stg_order_reviews, rows=99224
[2026-09-28T18:09:24.913+0000] {subprocess.py:106} INFO - Loading olist_products_dataset → stg_products, rows=32951
[2026-09-28T18:09:24.913+0000] {subprocess.py:106} INFO - Loading olist_sellers_dataset → stg_sellers, rows=3095
[2026-09-28T18:09:24.914+0000] {subprocess.py:106} INFO - Loading product_category_name_translation → stg_product_category_name_translation, rows=71
[2026-09-28T18:09:25.117+0000] {subprocess.py:110} INFO - Command exited with return code 0
[2026-09-28T18:09:25.153+0000] {taskinstance.py:340} INFO - ::group::Post task execution logs
[2026-09-28T18:09:25.154+0000] {taskinstance.py:352} INFO - Marking task as SUCCESS. dag_id=etl_pipeline, task_id=load_data, run_id=scheduled__2026-09-27T02:00:00+00:00, execution_date=20260927T020000, start_date=20260928T180734, end_date=20260928T180925
[2026-09-28T18:09:25.182+0000] {local_task_job_runner.py:266} INFO - Task exited with return code 0
[2026-09-28T18:09:25.223+0000] {taskinstance.py:3895} INFO - 4 downstream tasks scheduled from follow-on schedule check
[2026-09-28T18:09:25.228+0000] {local_task_job_runner.py:245} INFO - ::endgroup::
