[2026-08-31T19:15:28.063+0000] {local_task_job_runner.py:123} INFO - ::group::Pre task execution logs
[2026-08-31T19:15:28.087+0000] {taskinstance.py:2613} INFO - Dependencies all met for dep_context=non-requeueable deps ti=<TaskInstance: etl_pipeline.transform_data manual__2026-08-31T19:15:24.761441+00:00 [queued]>
[2026-08-31T19:15:28.096+0000] {taskinstance.py:2613} INFO - Dependencies all met for dep_context=requeueable deps ti=<TaskInstance: etl_pipeline.transform_data manual__2026-08-31T19:15:24.761441+00:00 [queued]>
[2026-08-31T19:15:28.097+0000] {taskinstance.py:2866} INFO - Starting attempt 1 of 1
[2026-08-31T19:15:28.112+0000] {taskinstance.py:2889} INFO - Executing <Task(BashOperator): transform_data> on 2026-08-31 19:15:24.761441+00:00
[2026-08-31T19:15:28.122+0000] {standard_task_runner.py:104} INFO - Running: ['airflow', 'tasks', 'run', 'etl_pipeline', 'transform_data', 'manual__2026-08-31T19:15:24.761441+00:00', '--job-id', '20', '--raw', '--subdir', 'DAGS_FOLDER/sales_etl_dag.py', '--cfg-path', '/tmp/tmpbwiqlq91']
[2026-08-31T19:15:28.125+0000] {logging_mixin.py:190} WARNING - /home/airflow/.local/lib/python3.12/site-packages/airflow/task/task_runner/standard_task_runner.py:70 DeprecationWarning: This process (pid=585) is multi-threaded, use of fork() may lead to deadlocks in the child.
[2026-08-31T19:15:28.126+0000] {standard_task_runner.py:105} INFO - Job 20: Subtask transform_data
[2026-08-31T19:15:28.126+0000] {standard_task_runner.py:72} INFO - Started process 586 to run task
[2026-08-31T19:15:28.262+0000] {task_command.py:467} INFO - Running <TaskInstance: etl_pipeline.transform_data manual__2026-08-31T19:15:24.761441+00:00 [running]> on host f252e9273545
[2026-08-31T19:15:28.347+0000] {taskinstance.py:3132} INFO - Exporting env vars: AIRFLOW_CTX_DAG_OWNER='airflow' AIRFLOW_CTX_DAG_ID='etl_pipeline' AIRFLOW_CTX_TASK_ID='transform_data' AIRFLOW_CTX_EXECUTION_DATE='2026-08-31T19:15:24.761441+00:00' AIRFLOW_CTX_TRY_NUMBER='1' AIRFLOW_CTX_DAG_RUN_ID='manual__2026-08-31T19:15:24.761441+00:00'
[2026-08-31T19:15:28.348+0000] {taskinstance.py:731} INFO - ::endgroup::
[2026-08-31T19:15:28.361+0000] {subprocess.py:78} INFO - Tmp dir root location: /tmp
[2026-08-31T19:15:28.363+0000] {subprocess.py:88} INFO - Running command: ['/usr/bin/bash', '-c', 'PYTHONPATH=/opt/airflow/src python -m transform']
[2026-08-31T19:15:28.374+0000] {subprocess.py:99} INFO - Output:
[2026-08-31T19:15:29.176+0000] {subprocess.py:106} INFO - DATASETS EXTRACTED:
[2026-08-31T19:15:29.177+0000] {subprocess.py:106} INFO - dict_keys([])
[2026-08-31T19:15:29.237+0000] {subprocess.py:110} INFO - Command exited with return code 0
[2026-08-31T19:15:29.262+0000] {taskinstance.py:340} INFO - ::group::Post task execution logs
[2026-08-31T19:15:29.263+0000] {taskinstance.py:352} INFO - Marking task as SUCCESS. dag_id=etl_pipeline, task_id=transform_data, run_id=manual__2026-08-31T19:15:24.761441+00:00, execution_date=20260831T191524, start_date=20260831T191528, end_date=20260831T191529
[2026-08-31T19:15:29.311+0000] {local_task_job_runner.py:266} INFO - Task exited with return code 0
[2026-08-31T19:15:29.332+0000] {taskinstance.py:3895} INFO - 1 downstream tasks scheduled from follow-on schedule check
[2026-08-31T19:15:29.334+0000] {local_task_job_runner.py:245} INFO - ::endgroup::
