[2026-08-31T19:44:00.048+0000] {local_task_job_runner.py:123} INFO - ::group::Pre task execution logs
[2026-08-31T19:44:00.070+0000] {taskinstance.py:2613} INFO - Dependencies all met for dep_context=non-requeueable deps ti=<TaskInstance: etl_pipeline.dim_product manual__2026-08-31T19:43:52.624606+00:00 [queued]>
[2026-08-31T19:44:00.080+0000] {taskinstance.py:2613} INFO - Dependencies all met for dep_context=requeueable deps ti=<TaskInstance: etl_pipeline.dim_product manual__2026-08-31T19:43:52.624606+00:00 [queued]>
[2026-08-31T19:44:00.081+0000] {taskinstance.py:2866} INFO - Starting attempt 1 of 1
[2026-08-31T19:44:00.095+0000] {taskinstance.py:2889} INFO - Executing <Task(BashOperator): dim_product> on 2026-08-31 19:43:52.624606+00:00
[2026-08-31T19:44:00.107+0000] {logging_mixin.py:190} WARNING - /home/airflow/.local/lib/python3.12/site-packages/airflow/task/task_runner/standard_task_runner.py:70 DeprecationWarning: This process (pid=395) is multi-threaded, use of fork() may lead to deadlocks in the child.
[2026-08-31T19:44:00.104+0000] {standard_task_runner.py:104} INFO - Running: ['airflow', 'tasks', 'run', 'etl_pipeline', 'dim_product', 'manual__2026-08-31T19:43:52.624606+00:00', '--job-id', '47', '--raw', '--subdir', 'DAGS_FOLDER/sales_etl_dag.py', '--cfg-path', '/tmp/tmpc_r67uij']
[2026-08-31T19:44:00.107+0000] {standard_task_runner.py:72} INFO - Started process 397 to run task
[2026-08-31T19:44:00.108+0000] {standard_task_runner.py:105} INFO - Job 47: Subtask dim_product
[2026-08-31T19:44:00.207+0000] {task_command.py:467} INFO - Running <TaskInstance: etl_pipeline.dim_product manual__2026-08-31T19:43:52.624606+00:00 [running]> on host a914322f514a
[2026-08-31T19:44:00.303+0000] {taskinstance.py:3132} INFO - Exporting env vars: AIRFLOW_CTX_DAG_OWNER='airflow' AIRFLOW_CTX_DAG_ID='etl_pipeline' AIRFLOW_CTX_TASK_ID='dim_product' AIRFLOW_CTX_EXECUTION_DATE='2026-08-31T19:43:52.624606+00:00' AIRFLOW_CTX_TRY_NUMBER='1' AIRFLOW_CTX_DAG_RUN_ID='manual__2026-08-31T19:43:52.624606+00:00'
[2026-08-31T19:44:00.305+0000] {taskinstance.py:731} INFO - ::endgroup::
[2026-08-31T19:44:00.324+0000] {subprocess.py:78} INFO - Tmp dir root location: /tmp
[2026-08-31T19:44:00.326+0000] {subprocess.py:88} INFO - Running command: ['/usr/bin/bash', '-c', 'PYTHONPATH=/opt/airflow/src python -m warehouse.dim_product']
[2026-08-31T19:44:00.336+0000] {subprocess.py:99} INFO - Output:
[2026-08-31T19:44:01.909+0000] {subprocess.py:106} INFO - Traceback (most recent call last):
[2026-08-31T19:44:01.910+0000] {subprocess.py:106} INFO -   File "/home/airflow/.local/lib/python3.12/site-packages/sqlalchemy/engine/base.py", line 1910, in _execute_context
[2026-08-31T19:44:01.911+0000] {subprocess.py:106} INFO -     self.dialect.do_execute(
[2026-08-31T19:44:01.912+0000] {subprocess.py:106} INFO -   File "/home/airflow/.local/lib/python3.12/site-packages/sqlalchemy/engine/default.py", line 736, in do_execute
[2026-08-31T19:44:01.912+0000] {subprocess.py:106} INFO -     cursor.execute(statement, parameters)
[2026-08-31T19:44:01.913+0000] {subprocess.py:106} INFO - psycopg2.errors.UndefinedTable: relation "stg_products" does not exist
[2026-08-31T19:44:01.913+0000] {subprocess.py:106} INFO - LINE 13:     FROM stg_products AS p
[2026-08-31T19:44:01.914+0000] {subprocess.py:106} INFO -                   ^
[2026-08-31T19:44:01.915+0000] {subprocess.py:106} INFO - 
[2026-08-31T19:44:01.915+0000] {subprocess.py:106} INFO - 
[2026-08-31T19:44:01.916+0000] {subprocess.py:106} INFO - The above exception was the direct cause of the following exception:
[2026-08-31T19:44:01.916+0000] {subprocess.py:106} INFO - 
[2026-08-31T19:44:01.917+0000] {subprocess.py:106} INFO - Traceback (most recent call last):
[2026-08-31T19:44:01.917+0000] {subprocess.py:106} INFO -   File "<frozen runpy>", line 198, in _run_module_as_main
[2026-08-31T19:44:01.918+0000] {subprocess.py:106} INFO -   File "<frozen runpy>", line 88, in _run_code
[2026-08-31T19:44:01.919+0000] {subprocess.py:106} INFO -   File "/opt/airflow/src/warehouse/dim_product.py", line 19, in <module>
[2026-08-31T19:44:01.919+0000] {subprocess.py:106} INFO -     products=pd.read_sql(
[2026-08-31T19:44:01.920+0000] {subprocess.py:106} INFO -              ^^^^^^^^^^^^
[2026-08-31T19:44:01.920+0000] {subprocess.py:106} INFO -   File "/home/airflow/.local/lib/python3.12/site-packages/pandas/io/sql.py", line 682, in read_sql
[2026-08-31T19:44:01.921+0000] {subprocess.py:106} INFO -     return pandas_sql.read_query(
[2026-08-31T19:44:01.921+0000] {subprocess.py:106} INFO -            ^^^^^^^^^^^^^^^^^^^^^^
[2026-08-31T19:44:01.922+0000] {subprocess.py:106} INFO -   File "/home/airflow/.local/lib/python3.12/site-packages/pandas/io/sql.py", line 1776, in read_query
[2026-08-31T19:44:01.922+0000] {subprocess.py:106} INFO -     result = self.execute(sql, params)
[2026-08-31T19:44:01.923+0000] {subprocess.py:106} INFO -              ^^^^^^^^^^^^^^^^^^^^^^^^^
[2026-08-31T19:44:01.923+0000] {subprocess.py:106} INFO -   File "/home/airflow/.local/lib/python3.12/site-packages/pandas/io/sql.py", line 1599, in execute
[2026-08-31T19:44:01.924+0000] {subprocess.py:106} INFO -     return self.con.exec_driver_sql(sql, *args)
[2026-08-31T19:44:01.924+0000] {subprocess.py:106} INFO -            ^^^^^^^^^^^^^^^^^^^^^^^^^^^^^^^^^^^^
[2026-08-31T19:44:01.925+0000] {subprocess.py:106} INFO -   File "/home/airflow/.local/lib/python3.12/site-packages/sqlalchemy/engine/base.py", line 1770, in exec_driver_sql
[2026-08-31T19:44:01.926+0000] {subprocess.py:106} INFO -     return self._exec_driver_sql(
[2026-08-31T19:44:01.926+0000] {subprocess.py:106} INFO -            ^^^^^^^^^^^^^^^^^^^^^^
[2026-08-31T19:44:01.927+0000] {subprocess.py:106} INFO -   File "/home/airflow/.local/lib/python3.12/site-packages/sqlalchemy/engine/base.py", line 1674, in _exec_driver_sql
[2026-08-31T19:44:01.927+0000] {subprocess.py:106} INFO -     ret = self._execute_context(
[2026-08-31T19:44:01.928+0000] {subprocess.py:106} INFO -           ^^^^^^^^^^^^^^^^^^^^^^
[2026-08-31T19:44:01.929+0000] {subprocess.py:106} INFO -   File "/home/airflow/.local/lib/python3.12/site-packages/sqlalchemy/engine/base.py", line 1953, in _execute_context
[2026-08-31T19:44:01.929+0000] {subprocess.py:106} INFO -     self._handle_dbapi_exception(
[2026-08-31T19:44:01.930+0000] {subprocess.py:106} INFO -   File "/home/airflow/.local/lib/python3.12/site-packages/sqlalchemy/engine/base.py", line 2134, in _handle_dbapi_exception
[2026-08-31T19:44:01.931+0000] {subprocess.py:106} INFO -     util.raise_(
[2026-08-31T19:44:01.932+0000] {subprocess.py:106} INFO -   File "/home/airflow/.local/lib/python3.12/site-packages/sqlalchemy/util/compat.py", line 211, in raise_
[2026-08-31T19:44:01.932+0000] {subprocess.py:106} INFO -     raise exception
[2026-08-31T19:44:01.933+0000] {subprocess.py:106} INFO -   File "/home/airflow/.local/lib/python3.12/site-packages/sqlalchemy/engine/base.py", line 1910, in _execute_context
[2026-08-31T19:44:01.934+0000] {subprocess.py:106} INFO -     self.dialect.do_execute(
[2026-08-31T19:44:01.934+0000] {subprocess.py:106} INFO -   File "/home/airflow/.local/lib/python3.12/site-packages/sqlalchemy/engine/default.py", line 736, in do_execute
[2026-08-31T19:44:01.935+0000] {subprocess.py:106} INFO -     cursor.execute(statement, parameters)
[2026-08-31T19:44:01.935+0000] {subprocess.py:106} INFO - sqlalchemy.exc.ProgrammingError: (psycopg2.errors.UndefinedTable) relation "stg_products" does not exist
[2026-08-31T19:44:01.936+0000] {subprocess.py:106} INFO - LINE 13:     FROM stg_products AS p
[2026-08-31T19:44:01.936+0000] {subprocess.py:106} INFO -                   ^
[2026-08-31T19:44:01.936+0000] {subprocess.py:106} INFO - 
[2026-08-31T19:44:01.937+0000] {subprocess.py:106} INFO - [SQL:
[2026-08-31T19:44:01.937+0000] {subprocess.py:106} INFO -     SELECT
[2026-08-31T19:44:01.938+0000] {subprocess.py:106} INFO -         p.product_id,
[2026-08-31T19:44:01.938+0000] {subprocess.py:106} INFO -         p.product_category_name,
[2026-08-31T19:44:01.939+0000] {subprocess.py:106} INFO -         p.product_name_lenght,
[2026-08-31T19:44:01.939+0000] {subprocess.py:106} INFO -         p.product_description_lenght,
[2026-08-31T19:44:01.940+0000] {subprocess.py:106} INFO -         p.product_photos_qty,
[2026-08-31T19:44:01.940+0000] {subprocess.py:106} INFO -         p.product_weight_g,
[2026-08-31T19:44:01.941+0000] {subprocess.py:106} INFO -         p.product_length_cm,
[2026-08-31T19:44:01.941+0000] {subprocess.py:106} INFO -         p.product_height_cm,
[2026-08-31T19:44:01.942+0000] {subprocess.py:106} INFO -         p.product_width_cm,
[2026-08-31T19:44:01.943+0000] {subprocess.py:106} INFO -         c.product_category_name_english
[2026-08-31T19:44:01.943+0000] {subprocess.py:106} INFO -     FROM stg_products AS p
[2026-08-31T19:44:01.943+0000] {subprocess.py:106} INFO -     LEFT JOIN stg_product_category_name_translation AS c
[2026-08-31T19:44:01.944+0000] {subprocess.py:106} INFO -     ON p.product_category_name=c.product_category_name
[2026-08-31T19:44:01.944+0000] {subprocess.py:106} INFO -     ]
[2026-08-31T19:44:01.945+0000] {subprocess.py:106} INFO - (Background on this error at: https://sqlalche.me/e/14/f405)
[2026-08-31T19:44:02.083+0000] {subprocess.py:110} INFO - Command exited with return code 1
[2026-08-31T19:44:02.098+0000] {taskinstance.py:3311} ERROR - Task failed with exception
Traceback (most recent call last):
  File "/home/airflow/.local/lib/python3.12/site-packages/airflow/models/taskinstance.py", line 767, in _execute_task
    result = _execute_callable(context=context, **execute_callable_kwargs)
             ^^^^^^^^^^^^^^^^^^^^^^^^^^^^^^^^^^^^^^^^^^^^^^^^^^^^^^^^^^^^^
  File "/home/airflow/.local/lib/python3.12/site-packages/airflow/models/taskinstance.py", line 733, in _execute_callable
    return ExecutionCallableRunner(
           ^^^^^^^^^^^^^^^^^^^^^^^^
  File "/home/airflow/.local/lib/python3.12/site-packages/airflow/utils/operator_helpers.py", line 252, in run
    return self.func(*args, **kwargs)
           ^^^^^^^^^^^^^^^^^^^^^^^^^^
  File "/home/airflow/.local/lib/python3.12/site-packages/airflow/models/baseoperator.py", line 422, in wrapper
    return func(self, *args, **kwargs)
           ^^^^^^^^^^^^^^^^^^^^^^^^^^^
  File "/home/airflow/.local/lib/python3.12/site-packages/airflow/operators/bash.py", line 276, in execute
    raise AirflowException(
airflow.exceptions.AirflowException: Bash command failed. The command returned a non-zero exit code 1.
[2026-08-31T19:44:02.104+0000] {taskinstance.py:1225} INFO - Marking task as FAILED. dag_id=etl_pipeline, task_id=dim_product, run_id=manual__2026-08-31T19:43:52.624606+00:00, execution_date=20260831T194352, start_date=20260831T194400, end_date=20260831T194402
[2026-08-31T19:44:02.120+0000] {taskinstance.py:340} INFO - ::group::Post task execution logs
[2026-08-31T19:44:02.121+0000] {standard_task_runner.py:124} ERROR - Failed to execute job 47 for task dim_product (Bash command failed. The command returned a non-zero exit code 1.; 397)
Traceback (most recent call last):
  File "/home/airflow/.local/lib/python3.12/site-packages/airflow/task/task_runner/standard_task_runner.py", line 117, in _start_by_fork
    ret = args.func(args, dag=self.dag)
          ^^^^^^^^^^^^^^^^^^^^^^^^^^^^^
  File "/home/airflow/.local/lib/python3.12/site-packages/airflow/cli/cli_config.py", line 49, in command
    return func(*args, **kwargs)
           ^^^^^^^^^^^^^^^^^^^^^
  File "/home/airflow/.local/lib/python3.12/site-packages/airflow/utils/cli.py", line 116, in wrapper
    return f(*args, **kwargs)
           ^^^^^^^^^^^^^^^^^^
  File "/home/airflow/.local/lib/python3.12/site-packages/airflow/cli/commands/task_command.py", line 483, in task_run
    task_return_code = _run_task_by_selected_method(args, _dag, ti)
                       ^^^^^^^^^^^^^^^^^^^^^^^^^^^^^^^^^^^^^^^^^^^^
  File "/home/airflow/.local/lib/python3.12/site-packages/airflow/cli/commands/task_command.py", line 256, in _run_task_by_selected_method
    return _run_raw_task(args, ti)
           ^^^^^^^^^^^^^^^^^^^^^^^
  File "/home/airflow/.local/lib/python3.12/site-packages/airflow/cli/commands/task_command.py", line 341, in _run_raw_task
    return ti._run_raw_task(
           ^^^^^^^^^^^^^^^^^
  File "/home/airflow/.local/lib/python3.12/site-packages/airflow/utils/session.py", line 97, in wrapper
    return func(*args, session=session, **kwargs)
           ^^^^^^^^^^^^^^^^^^^^^^^^^^^^^^^^^^^^^^
  File "/home/airflow/.local/lib/python3.12/site-packages/airflow/models/taskinstance.py", line 3005, in _run_raw_task
    return _run_raw_task(
           ^^^^^^^^^^^^^^
  File "/home/airflow/.local/lib/python3.12/site-packages/airflow/models/taskinstance.py", line 273, in _run_raw_task
    TaskInstance._execute_task_with_callbacks(
  File "/home/airflow/.local/lib/python3.12/site-packages/airflow/models/taskinstance.py", line 3159, in _execute_task_with_callbacks
    result = self._execute_task(context, task_orig)
             ^^^^^^^^^^^^^^^^^^^^^^^^^^^^^^^^^^^^^^
  File "/home/airflow/.local/lib/python3.12/site-packages/airflow/models/taskinstance.py", line 3183, in _execute_task
    return _execute_task(self, context, task_orig)
           ^^^^^^^^^^^^^^^^^^^^^^^^^^^^^^^^^^^^^^^
  File "/home/airflow/.local/lib/python3.12/site-packages/airflow/models/taskinstance.py", line 767, in _execute_task
    result = _execute_callable(context=context, **execute_callable_kwargs)
             ^^^^^^^^^^^^^^^^^^^^^^^^^^^^^^^^^^^^^^^^^^^^^^^^^^^^^^^^^^^^^
  File "/home/airflow/.local/lib/python3.12/site-packages/airflow/models/taskinstance.py", line 733, in _execute_callable
    return ExecutionCallableRunner(
           ^^^^^^^^^^^^^^^^^^^^^^^^
  File "/home/airflow/.local/lib/python3.12/site-packages/airflow/utils/operator_helpers.py", line 252, in run
    return self.func(*args, **kwargs)
           ^^^^^^^^^^^^^^^^^^^^^^^^^^
  File "/home/airflow/.local/lib/python3.12/site-packages/airflow/models/baseoperator.py", line 422, in wrapper
    return func(self, *args, **kwargs)
           ^^^^^^^^^^^^^^^^^^^^^^^^^^^
  File "/home/airflow/.local/lib/python3.12/site-packages/airflow/operators/bash.py", line 276, in execute
    raise AirflowException(
airflow.exceptions.AirflowException: Bash command failed. The command returned a non-zero exit code 1.
[2026-08-31T19:44:02.131+0000] {local_task_job_runner.py:266} INFO - Task exited with return code 1
[2026-08-31T19:44:02.163+0000] {taskinstance.py:3895} INFO - 0 downstream tasks scheduled from follow-on schedule check
[2026-08-31T19:44:02.171+0000] {local_task_job_runner.py:245} INFO - ::endgroup::
