[2026-09-02T14:39:20.021+0000] {local_task_job_runner.py:123} INFO - ::group::Pre task execution logs
[2026-09-02T14:39:20.097+0000] {taskinstance.py:2613} INFO - Dependencies all met for dep_context=non-requeueable deps ti=<TaskInstance: etl_pipeline.dim_customer scheduled__2026-09-01T00:00:00+00:00 [queued]>
[2026-09-02T14:39:20.118+0000] {taskinstance.py:2613} INFO - Dependencies all met for dep_context=requeueable deps ti=<TaskInstance: etl_pipeline.dim_customer scheduled__2026-09-01T00:00:00+00:00 [queued]>
[2026-09-02T14:39:20.120+0000] {taskinstance.py:2866} INFO - Starting attempt 1 of 1
[2026-09-02T14:39:20.168+0000] {taskinstance.py:2889} INFO - Executing <Task(BashOperator): dim_customer> on 2026-09-01 00:00:00+00:00
[2026-09-02T14:39:20.213+0000] {standard_task_runner.py:104} INFO - Running: ['airflow', 'tasks', 'run', 'etl_pipeline', 'dim_customer', 'scheduled__2026-09-01T00:00:00+00:00', '--job-id', '87', '--raw', '--subdir', 'DAGS_FOLDER/sales_etl_dag.py', '--cfg-path', '/tmp/tmpj35t05sj']
[2026-09-02T14:39:20.233+0000] {standard_task_runner.py:105} INFO - Job 87: Subtask dim_customer
[2026-09-02T14:39:20.234+0000] {logging_mixin.py:190} WARNING - /home/airflow/.local/lib/python3.12/site-packages/airflow/task/task_runner/standard_task_runner.py:70 DeprecationWarning: This process (pid=250) is multi-threaded, use of fork() may lead to deadlocks in the child.
[2026-09-02T14:39:20.240+0000] {standard_task_runner.py:72} INFO - Started process 262 to run task
[2026-09-02T14:39:20.519+0000] {task_command.py:467} INFO - Running <TaskInstance: etl_pipeline.dim_customer scheduled__2026-09-01T00:00:00+00:00 [running]> on host a914322f514a
[2026-09-02T14:39:21.094+0000] {taskinstance.py:3132} INFO - Exporting env vars: AIRFLOW_CTX_DAG_OWNER='airflow' AIRFLOW_CTX_DAG_ID='etl_pipeline' AIRFLOW_CTX_TASK_ID='dim_customer' AIRFLOW_CTX_EXECUTION_DATE='2026-09-01T00:00:00+00:00' AIRFLOW_CTX_TRY_NUMBER='1' AIRFLOW_CTX_DAG_RUN_ID='scheduled__2026-09-01T00:00:00+00:00'
[2026-09-02T14:39:21.098+0000] {taskinstance.py:731} INFO - ::endgroup::
[2026-09-02T14:39:21.247+0000] {subprocess.py:78} INFO - Tmp dir root location: /tmp
[2026-09-02T14:39:21.253+0000] {subprocess.py:88} INFO - Running command: ['/usr/bin/bash', '-c', 'PYTHONPATH=/opt/airflow/src python -m warehouse.dim_customer']
[2026-09-02T14:39:21.303+0000] {subprocess.py:99} INFO - Output:
[2026-09-02T14:39:27.956+0000] {subprocess.py:106} INFO - Traceback (most recent call last):
[2026-09-02T14:39:27.959+0000] {subprocess.py:106} INFO -   File "/home/airflow/.local/lib/python3.12/site-packages/sqlalchemy/engine/base.py", line 1910, in _execute_context
[2026-09-02T14:39:27.961+0000] {subprocess.py:106} INFO -     self.dialect.do_execute(
[2026-09-02T14:39:27.962+0000] {subprocess.py:106} INFO -   File "/home/airflow/.local/lib/python3.12/site-packages/sqlalchemy/engine/default.py", line 736, in do_execute
[2026-09-02T14:39:27.963+0000] {subprocess.py:106} INFO -     cursor.execute(statement, parameters)
[2026-09-02T14:39:27.964+0000] {subprocess.py:106} INFO - psycopg2.errors.UndefinedTable: relation "stg_customers" does not exist
[2026-09-02T14:39:27.969+0000] {subprocess.py:106} INFO - LINE 8:     FROM stg_customers
[2026-09-02T14:39:27.970+0000] {subprocess.py:106} INFO -                  ^
[2026-09-02T14:39:27.975+0000] {subprocess.py:106} INFO - 
[2026-09-02T14:39:27.978+0000] {subprocess.py:106} INFO - 
[2026-09-02T14:39:27.979+0000] {subprocess.py:106} INFO - The above exception was the direct cause of the following exception:
[2026-09-02T14:39:27.980+0000] {subprocess.py:106} INFO - 
[2026-09-02T14:39:27.981+0000] {subprocess.py:106} INFO - Traceback (most recent call last):
[2026-09-02T14:39:27.982+0000] {subprocess.py:106} INFO -   File "<frozen runpy>", line 198, in _run_module_as_main
[2026-09-02T14:39:27.982+0000] {subprocess.py:106} INFO -   File "<frozen runpy>", line 88, in _run_code
[2026-09-02T14:39:27.983+0000] {subprocess.py:106} INFO -   File "/opt/airflow/src/warehouse/dim_customer.py", line 21, in <module>
[2026-09-02T14:39:27.984+0000] {subprocess.py:106} INFO -     customers=pd.read_sql(
[2026-09-02T14:39:27.985+0000] {subprocess.py:106} INFO -               ^^^^^^^^^^^^
[2026-09-02T14:39:27.986+0000] {subprocess.py:106} INFO -   File "/home/airflow/.local/lib/python3.12/site-packages/pandas/io/sql.py", line 682, in read_sql
[2026-09-02T14:39:27.991+0000] {subprocess.py:106} INFO -     return pandas_sql.read_query(
[2026-09-02T14:39:27.994+0000] {subprocess.py:106} INFO -            ^^^^^^^^^^^^^^^^^^^^^^
[2026-09-02T14:39:27.997+0000] {subprocess.py:106} INFO -   File "/home/airflow/.local/lib/python3.12/site-packages/pandas/io/sql.py", line 1776, in read_query
[2026-09-02T14:39:28.004+0000] {subprocess.py:106} INFO -     result = self.execute(sql, params)
[2026-09-02T14:39:28.010+0000] {subprocess.py:106} INFO -              ^^^^^^^^^^^^^^^^^^^^^^^^^
[2026-09-02T14:39:28.011+0000] {subprocess.py:106} INFO -   File "/home/airflow/.local/lib/python3.12/site-packages/pandas/io/sql.py", line 1599, in execute
[2026-09-02T14:39:28.012+0000] {subprocess.py:106} INFO -     return self.con.exec_driver_sql(sql, *args)
[2026-09-02T14:39:28.016+0000] {subprocess.py:106} INFO -            ^^^^^^^^^^^^^^^^^^^^^^^^^^^^^^^^^^^^
[2026-09-02T14:39:28.023+0000] {subprocess.py:106} INFO -   File "/home/airflow/.local/lib/python3.12/site-packages/sqlalchemy/engine/base.py", line 1770, in exec_driver_sql
[2026-09-02T14:39:28.040+0000] {subprocess.py:106} INFO -     return self._exec_driver_sql(
[2026-09-02T14:39:28.051+0000] {subprocess.py:106} INFO -            ^^^^^^^^^^^^^^^^^^^^^^
[2026-09-02T14:39:28.052+0000] {subprocess.py:106} INFO -   File "/home/airflow/.local/lib/python3.12/site-packages/sqlalchemy/engine/base.py", line 1674, in _exec_driver_sql
[2026-09-02T14:39:28.052+0000] {subprocess.py:106} INFO -     ret = self._execute_context(
[2026-09-02T14:39:28.057+0000] {subprocess.py:106} INFO -           ^^^^^^^^^^^^^^^^^^^^^^
[2026-09-02T14:39:28.070+0000] {subprocess.py:106} INFO -   File "/home/airflow/.local/lib/python3.12/site-packages/sqlalchemy/engine/base.py", line 1953, in _execute_context
[2026-09-02T14:39:28.071+0000] {subprocess.py:106} INFO -     self._handle_dbapi_exception(
[2026-09-02T14:39:28.072+0000] {subprocess.py:106} INFO -   File "/home/airflow/.local/lib/python3.12/site-packages/sqlalchemy/engine/base.py", line 2134, in _handle_dbapi_exception
[2026-09-02T14:39:28.075+0000] {subprocess.py:106} INFO -     util.raise_(
[2026-09-02T14:39:28.090+0000] {subprocess.py:106} INFO -   File "/home/airflow/.local/lib/python3.12/site-packages/sqlalchemy/util/compat.py", line 211, in raise_
[2026-09-02T14:39:28.092+0000] {subprocess.py:106} INFO -     raise exception
[2026-09-02T14:39:28.097+0000] {subprocess.py:106} INFO -   File "/home/airflow/.local/lib/python3.12/site-packages/sqlalchemy/engine/base.py", line 1910, in _execute_context
[2026-09-02T14:39:28.101+0000] {subprocess.py:106} INFO -     self.dialect.do_execute(
[2026-09-02T14:39:28.102+0000] {subprocess.py:106} INFO -   File "/home/airflow/.local/lib/python3.12/site-packages/sqlalchemy/engine/default.py", line 736, in do_execute
[2026-09-02T14:39:28.103+0000] {subprocess.py:106} INFO -     cursor.execute(statement, parameters)
[2026-09-02T14:39:28.116+0000] {subprocess.py:106} INFO - sqlalchemy.exc.ProgrammingError: (psycopg2.errors.UndefinedTable) relation "stg_customers" does not exist
[2026-09-02T14:39:28.121+0000] {subprocess.py:106} INFO - LINE 8:     FROM stg_customers
[2026-09-02T14:39:28.128+0000] {subprocess.py:106} INFO -                  ^
[2026-09-02T14:39:28.135+0000] {subprocess.py:106} INFO - 
[2026-09-02T14:39:28.140+0000] {subprocess.py:106} INFO - [SQL:
[2026-09-02T14:39:28.141+0000] {subprocess.py:106} INFO -     SELECT
[2026-09-02T14:39:28.143+0000] {subprocess.py:106} INFO -         customer_id,
[2026-09-02T14:39:28.144+0000] {subprocess.py:106} INFO -         customer_unique_id,
[2026-09-02T14:39:28.145+0000] {subprocess.py:106} INFO -         customer_zip_code_prefix,
[2026-09-02T14:39:28.160+0000] {subprocess.py:106} INFO -         customer_city,
[2026-09-02T14:39:28.169+0000] {subprocess.py:106} INFO -         customer_state
[2026-09-02T14:39:28.170+0000] {subprocess.py:106} INFO -     FROM stg_customers
[2026-09-02T14:39:28.177+0000] {subprocess.py:106} INFO -     ]
[2026-09-02T14:39:28.183+0000] {subprocess.py:106} INFO - (Background on this error at: https://sqlalche.me/e/14/f405)
[2026-09-02T14:39:28.478+0000] {subprocess.py:110} INFO - Command exited with return code 1
[2026-09-02T14:39:28.527+0000] {taskinstance.py:3311} ERROR - Task failed with exception
Traceback (most recent call last):
  File "/home/airflow/.local/lib/python3.12/site-packages/airflow/models/taskinstance.py", line 767, in _execute_task
    result = _execute_callable(context=context, **execute_callable_kwargs)
             ^^^^^^^^^^^^^^^^^^^^^^^^^^^^^^^^^^^^^^^^^^^^^^^^^^^^^^^^^^^^^
  File "/home/airflow/.local/lib/python3.12/site-packages/airflow/models/taskinstance.py", line 733, in _execute_callable
    return ExecutionCallableRunner(
           ^^^^^^^^^^^^^^^^^^^^^^^^
  File "/home/airflow/.local/lib/python3.12/site-packages/airflow/utils/operator_helpers.py", line 252, in run
    return self.func(*args, **kwargs)
           ^^^^^^^^^^^^^^^^^^^^^^^^^^
  File "/home/airflow/.local/lib/python3.12/site-packages/airflow/models/baseoperator.py", line 422, in wrapper
    return func(self, *args, **kwargs)
           ^^^^^^^^^^^^^^^^^^^^^^^^^^^
  File "/home/airflow/.local/lib/python3.12/site-packages/airflow/operators/bash.py", line 276, in execute
    raise AirflowException(
airflow.exceptions.AirflowException: Bash command failed. The command returned a non-zero exit code 1.
[2026-09-02T14:39:28.552+0000] {taskinstance.py:1225} INFO - Marking task as FAILED. dag_id=etl_pipeline, task_id=dim_customer, run_id=scheduled__2026-09-01T00:00:00+00:00, execution_date=20260901T000000, start_date=20260902T143920, end_date=20260902T143928
[2026-09-02T14:39:28.607+0000] {taskinstance.py:340} INFO - ::group::Post task execution logs
[2026-09-02T14:39:28.612+0000] {standard_task_runner.py:124} ERROR - Failed to execute job 87 for task dim_customer (Bash command failed. The command returned a non-zero exit code 1.; 262)
Traceback (most recent call last):
  File "/home/airflow/.local/lib/python3.12/site-packages/airflow/task/task_runner/standard_task_runner.py", line 117, in _start_by_fork
    ret = args.func(args, dag=self.dag)
          ^^^^^^^^^^^^^^^^^^^^^^^^^^^^^
  File "/home/airflow/.local/lib/python3.12/site-packages/airflow/cli/cli_config.py", line 49, in command
    return func(*args, **kwargs)
           ^^^^^^^^^^^^^^^^^^^^^
  File "/home/airflow/.local/lib/python3.12/site-packages/airflow/utils/cli.py", line 116, in wrapper
    return f(*args, **kwargs)
           ^^^^^^^^^^^^^^^^^^
  File "/home/airflow/.local/lib/python3.12/site-packages/airflow/cli/commands/task_command.py", line 483, in task_run
    task_return_code = _run_task_by_selected_method(args, _dag, ti)
                       ^^^^^^^^^^^^^^^^^^^^^^^^^^^^^^^^^^^^^^^^^^^^
  File "/home/airflow/.local/lib/python3.12/site-packages/airflow/cli/commands/task_command.py", line 256, in _run_task_by_selected_method
    return _run_raw_task(args, ti)
           ^^^^^^^^^^^^^^^^^^^^^^^
  File "/home/airflow/.local/lib/python3.12/site-packages/airflow/cli/commands/task_command.py", line 341, in _run_raw_task
    return ti._run_raw_task(
           ^^^^^^^^^^^^^^^^^
  File "/home/airflow/.local/lib/python3.12/site-packages/airflow/utils/session.py", line 97, in wrapper
    return func(*args, session=session, **kwargs)
           ^^^^^^^^^^^^^^^^^^^^^^^^^^^^^^^^^^^^^^
  File "/home/airflow/.local/lib/python3.12/site-packages/airflow/models/taskinstance.py", line 3005, in _run_raw_task
    return _run_raw_task(
           ^^^^^^^^^^^^^^
  File "/home/airflow/.local/lib/python3.12/site-packages/airflow/models/taskinstance.py", line 273, in _run_raw_task
    TaskInstance._execute_task_with_callbacks(
  File "/home/airflow/.local/lib/python3.12/site-packages/airflow/models/taskinstance.py", line 3159, in _execute_task_with_callbacks
    result = self._execute_task(context, task_orig)
             ^^^^^^^^^^^^^^^^^^^^^^^^^^^^^^^^^^^^^^
  File "/home/airflow/.local/lib/python3.12/site-packages/airflow/models/taskinstance.py", line 3183, in _execute_task
    return _execute_task(self, context, task_orig)
           ^^^^^^^^^^^^^^^^^^^^^^^^^^^^^^^^^^^^^^^
  File "/home/airflow/.local/lib/python3.12/site-packages/airflow/models/taskinstance.py", line 767, in _execute_task
    result = _execute_callable(context=context, **execute_callable_kwargs)
             ^^^^^^^^^^^^^^^^^^^^^^^^^^^^^^^^^^^^^^^^^^^^^^^^^^^^^^^^^^^^^
  File "/home/airflow/.local/lib/python3.12/site-packages/airflow/models/taskinstance.py", line 733, in _execute_callable
    return ExecutionCallableRunner(
           ^^^^^^^^^^^^^^^^^^^^^^^^
  File "/home/airflow/.local/lib/python3.12/site-packages/airflow/utils/operator_helpers.py", line 252, in run
    return self.func(*args, **kwargs)
           ^^^^^^^^^^^^^^^^^^^^^^^^^^
  File "/home/airflow/.local/lib/python3.12/site-packages/airflow/models/baseoperator.py", line 422, in wrapper
    return func(self, *args, **kwargs)
           ^^^^^^^^^^^^^^^^^^^^^^^^^^^
  File "/home/airflow/.local/lib/python3.12/site-packages/airflow/operators/bash.py", line 276, in execute
    raise AirflowException(
airflow.exceptions.AirflowException: Bash command failed. The command returned a non-zero exit code 1.
[2026-09-02T14:39:28.688+0000] {local_task_job_runner.py:266} INFO - Task exited with return code 1
[2026-09-02T14:39:28.721+0000] {local_task_job_runner.py:245} INFO - ::endgroup::
