[2026-09-02T14:39:19.983+0000] {local_task_job_runner.py:123} INFO - ::group::Pre task execution logs
[2026-09-02T14:39:20.054+0000] {taskinstance.py:2613} INFO - Dependencies all met for dep_context=non-requeueable deps ti=<TaskInstance: etl_pipeline.dim_product scheduled__2026-09-01T00:00:00+00:00 [queued]>
[2026-09-02T14:39:20.096+0000] {taskinstance.py:2613} INFO - Dependencies all met for dep_context=requeueable deps ti=<TaskInstance: etl_pipeline.dim_product scheduled__2026-09-01T00:00:00+00:00 [queued]>
[2026-09-02T14:39:20.100+0000] {taskinstance.py:2866} INFO - Starting attempt 1 of 1
[2026-09-02T14:39:20.183+0000] {taskinstance.py:2889} INFO - Executing <Task(BashOperator): dim_product> on 2026-09-01 00:00:00+00:00
[2026-09-02T14:39:20.217+0000] {logging_mixin.py:190} WARNING - /home/airflow/.local/lib/python3.12/site-packages/airflow/task/task_runner/standard_task_runner.py:70 DeprecationWarning: This process (pid=248) is multi-threaded, use of fork() may lead to deadlocks in the child.
[2026-09-02T14:39:20.221+0000] {standard_task_runner.py:72} INFO - Started process 263 to run task
[2026-09-02T14:39:20.244+0000] {standard_task_runner.py:104} INFO - Running: ['airflow', 'tasks', 'run', 'etl_pipeline', 'dim_product', 'scheduled__2026-09-01T00:00:00+00:00', '--job-id', '86', '--raw', '--subdir', 'DAGS_FOLDER/sales_etl_dag.py', '--cfg-path', '/tmp/tmphnofup4j']
[2026-09-02T14:39:20.253+0000] {standard_task_runner.py:105} INFO - Job 86: Subtask dim_product
[2026-09-02T14:39:20.665+0000] {task_command.py:467} INFO - Running <TaskInstance: etl_pipeline.dim_product scheduled__2026-09-01T00:00:00+00:00 [running]> on host a914322f514a
[2026-09-02T14:39:21.473+0000] {taskinstance.py:3132} INFO - Exporting env vars: AIRFLOW_CTX_DAG_OWNER='airflow' AIRFLOW_CTX_DAG_ID='etl_pipeline' AIRFLOW_CTX_TASK_ID='dim_product' AIRFLOW_CTX_EXECUTION_DATE='2026-09-01T00:00:00+00:00' AIRFLOW_CTX_TRY_NUMBER='1' AIRFLOW_CTX_DAG_RUN_ID='scheduled__2026-09-01T00:00:00+00:00'
[2026-09-02T14:39:21.483+0000] {taskinstance.py:731} INFO - ::endgroup::
[2026-09-02T14:39:21.581+0000] {subprocess.py:78} INFO - Tmp dir root location: /tmp
[2026-09-02T14:39:21.592+0000] {subprocess.py:88} INFO - Running command: ['/usr/bin/bash', '-c', 'PYTHONPATH=/opt/airflow/src python -m warehouse.dim_product']
[2026-09-02T14:39:21.644+0000] {subprocess.py:99} INFO - Output:
[2026-09-02T14:39:28.295+0000] {subprocess.py:106} INFO - Traceback (most recent call last):
[2026-09-02T14:39:28.297+0000] {subprocess.py:106} INFO -   File "/home/airflow/.local/lib/python3.12/site-packages/sqlalchemy/engine/base.py", line 1910, in _execute_context
[2026-09-02T14:39:28.299+0000] {subprocess.py:106} INFO -     self.dialect.do_execute(
[2026-09-02T14:39:28.300+0000] {subprocess.py:106} INFO -   File "/home/airflow/.local/lib/python3.12/site-packages/sqlalchemy/engine/default.py", line 736, in do_execute
[2026-09-02T14:39:28.303+0000] {subprocess.py:106} INFO -     cursor.execute(statement, parameters)
[2026-09-02T14:39:28.308+0000] {subprocess.py:106} INFO - psycopg2.errors.UndefinedTable: relation "stg_products" does not exist
[2026-09-02T14:39:28.309+0000] {subprocess.py:106} INFO - LINE 13:     FROM stg_products AS p
[2026-09-02T14:39:28.313+0000] {subprocess.py:106} INFO -                   ^
[2026-09-02T14:39:28.313+0000] {subprocess.py:106} INFO - 
[2026-09-02T14:39:28.314+0000] {subprocess.py:106} INFO - 
[2026-09-02T14:39:28.315+0000] {subprocess.py:106} INFO - The above exception was the direct cause of the following exception:
[2026-09-02T14:39:28.318+0000] {subprocess.py:106} INFO - 
[2026-09-02T14:39:28.324+0000] {subprocess.py:106} INFO - Traceback (most recent call last):
[2026-09-02T14:39:28.325+0000] {subprocess.py:106} INFO -   File "<frozen runpy>", line 198, in _run_module_as_main
[2026-09-02T14:39:28.329+0000] {subprocess.py:106} INFO -   File "<frozen runpy>", line 88, in _run_code
[2026-09-02T14:39:28.335+0000] {subprocess.py:106} INFO -   File "/opt/airflow/src/warehouse/dim_product.py", line 19, in <module>
[2026-09-02T14:39:28.337+0000] {subprocess.py:106} INFO -     products=pd.read_sql(
[2026-09-02T14:39:28.338+0000] {subprocess.py:106} INFO -              ^^^^^^^^^^^^
[2026-09-02T14:39:28.355+0000] {subprocess.py:106} INFO -   File "/home/airflow/.local/lib/python3.12/site-packages/pandas/io/sql.py", line 682, in read_sql
[2026-09-02T14:39:28.368+0000] {subprocess.py:106} INFO -     return pandas_sql.read_query(
[2026-09-02T14:39:28.394+0000] {subprocess.py:106} INFO -            ^^^^^^^^^^^^^^^^^^^^^^
[2026-09-02T14:39:28.407+0000] {subprocess.py:106} INFO -   File "/home/airflow/.local/lib/python3.12/site-packages/pandas/io/sql.py", line 1776, in read_query
[2026-09-02T14:39:28.410+0000] {subprocess.py:106} INFO -     result = self.execute(sql, params)
[2026-09-02T14:39:28.418+0000] {subprocess.py:106} INFO -              ^^^^^^^^^^^^^^^^^^^^^^^^^
[2026-09-02T14:39:28.426+0000] {subprocess.py:106} INFO -   File "/home/airflow/.local/lib/python3.12/site-packages/pandas/io/sql.py", line 1599, in execute
[2026-09-02T14:39:28.428+0000] {subprocess.py:106} INFO -     return self.con.exec_driver_sql(sql, *args)
[2026-09-02T14:39:28.429+0000] {subprocess.py:106} INFO -            ^^^^^^^^^^^^^^^^^^^^^^^^^^^^^^^^^^^^
[2026-09-02T14:39:28.430+0000] {subprocess.py:106} INFO -   File "/home/airflow/.local/lib/python3.12/site-packages/sqlalchemy/engine/base.py", line 1770, in exec_driver_sql
[2026-09-02T14:39:28.431+0000] {subprocess.py:106} INFO -     return self._exec_driver_sql(
[2026-09-02T14:39:28.442+0000] {subprocess.py:106} INFO -            ^^^^^^^^^^^^^^^^^^^^^^
[2026-09-02T14:39:28.443+0000] {subprocess.py:106} INFO -   File "/home/airflow/.local/lib/python3.12/site-packages/sqlalchemy/engine/base.py", line 1674, in _exec_driver_sql
[2026-09-02T14:39:28.444+0000] {subprocess.py:106} INFO -     ret = self._execute_context(
[2026-09-02T14:39:28.445+0000] {subprocess.py:106} INFO -           ^^^^^^^^^^^^^^^^^^^^^^
[2026-09-02T14:39:28.445+0000] {subprocess.py:106} INFO -   File "/home/airflow/.local/lib/python3.12/site-packages/sqlalchemy/engine/base.py", line 1953, in _execute_context
[2026-09-02T14:39:28.447+0000] {subprocess.py:106} INFO -     self._handle_dbapi_exception(
[2026-09-02T14:39:28.448+0000] {subprocess.py:106} INFO -   File "/home/airflow/.local/lib/python3.12/site-packages/sqlalchemy/engine/base.py", line 2134, in _handle_dbapi_exception
[2026-09-02T14:39:28.451+0000] {subprocess.py:106} INFO -     util.raise_(
[2026-09-02T14:39:28.455+0000] {subprocess.py:106} INFO -   File "/home/airflow/.local/lib/python3.12/site-packages/sqlalchemy/util/compat.py", line 211, in raise_
[2026-09-02T14:39:28.457+0000] {subprocess.py:106} INFO -     raise exception
[2026-09-02T14:39:28.458+0000] {subprocess.py:106} INFO -   File "/home/airflow/.local/lib/python3.12/site-packages/sqlalchemy/engine/base.py", line 1910, in _execute_context
[2026-09-02T14:39:28.461+0000] {subprocess.py:106} INFO -     self.dialect.do_execute(
[2026-09-02T14:39:28.464+0000] {subprocess.py:106} INFO -   File "/home/airflow/.local/lib/python3.12/site-packages/sqlalchemy/engine/default.py", line 736, in do_execute
[2026-09-02T14:39:28.469+0000] {subprocess.py:106} INFO -     cursor.execute(statement, parameters)
[2026-09-02T14:39:28.470+0000] {subprocess.py:106} INFO - sqlalchemy.exc.ProgrammingError: (psycopg2.errors.UndefinedTable) relation "stg_products" does not exist
[2026-09-02T14:39:28.471+0000] {subprocess.py:106} INFO - LINE 13:     FROM stg_products AS p
[2026-09-02T14:39:28.473+0000] {subprocess.py:106} INFO -                   ^
[2026-09-02T14:39:28.477+0000] {subprocess.py:106} INFO - 
[2026-09-02T14:39:28.480+0000] {subprocess.py:106} INFO - [SQL:
[2026-09-02T14:39:28.487+0000] {subprocess.py:106} INFO -     SELECT
[2026-09-02T14:39:28.491+0000] {subprocess.py:106} INFO -         p.product_id,
[2026-09-02T14:39:28.494+0000] {subprocess.py:106} INFO -         p.product_category_name,
[2026-09-02T14:39:28.495+0000] {subprocess.py:106} INFO -         p.product_name_lenght,
[2026-09-02T14:39:28.497+0000] {subprocess.py:106} INFO -         p.product_description_lenght,
[2026-09-02T14:39:28.501+0000] {subprocess.py:106} INFO -         p.product_photos_qty,
[2026-09-02T14:39:28.504+0000] {subprocess.py:106} INFO -         p.product_weight_g,
[2026-09-02T14:39:28.505+0000] {subprocess.py:106} INFO -         p.product_length_cm,
[2026-09-02T14:39:28.512+0000] {subprocess.py:106} INFO -         p.product_height_cm,
[2026-09-02T14:39:28.513+0000] {subprocess.py:106} INFO -         p.product_width_cm,
[2026-09-02T14:39:28.514+0000] {subprocess.py:106} INFO -         c.product_category_name_english
[2026-09-02T14:39:28.517+0000] {subprocess.py:106} INFO -     FROM stg_products AS p
[2026-09-02T14:39:28.526+0000] {subprocess.py:106} INFO -     LEFT JOIN stg_product_category_name_translation AS c
[2026-09-02T14:39:28.528+0000] {subprocess.py:106} INFO -     ON p.product_category_name=c.product_category_name
[2026-09-02T14:39:28.529+0000] {subprocess.py:106} INFO -     ]
[2026-09-02T14:39:28.530+0000] {subprocess.py:106} INFO - (Background on this error at: https://sqlalche.me/e/14/f405)
[2026-09-02T14:39:28.811+0000] {subprocess.py:110} INFO - Command exited with return code 1
[2026-09-02T14:39:28.843+0000] {taskinstance.py:3311} ERROR - Task failed with exception
Traceback (most recent call last):
  File "/home/airflow/.local/lib/python3.12/site-packages/airflow/models/taskinstance.py", line 767, in _execute_task
    result = _execute_callable(context=context, **execute_callable_kwargs)
             ^^^^^^^^^^^^^^^^^^^^^^^^^^^^^^^^^^^^^^^^^^^^^^^^^^^^^^^^^^^^^
  File "/home/airflow/.local/lib/python3.12/site-packages/airflow/models/taskinstance.py", line 733, in _execute_callable
    return ExecutionCallableRunner(
           ^^^^^^^^^^^^^^^^^^^^^^^^
  File "/home/airflow/.local/lib/python3.12/site-packages/airflow/utils/operator_helpers.py", line 252, in run
    return self.func(*args, **kwargs)
           ^^^^^^^^^^^^^^^^^^^^^^^^^^
  File "/home/airflow/.local/lib/python3.12/site-packages/airflow/models/baseoperator.py", line 422, in wrapper
    return func(self, *args, **kwargs)
           ^^^^^^^^^^^^^^^^^^^^^^^^^^^
  File "/home/airflow/.local/lib/python3.12/site-packages/airflow/operators/bash.py", line 276, in execute
    raise AirflowException(
airflow.exceptions.AirflowException: Bash command failed. The command returned a non-zero exit code 1.
[2026-09-02T14:39:28.854+0000] {taskinstance.py:1225} INFO - Marking task as FAILED. dag_id=etl_pipeline, task_id=dim_product, run_id=scheduled__2026-09-01T00:00:00+00:00, execution_date=20260901T000000, start_date=20260902T143920, end_date=20260902T143928
[2026-09-02T14:39:28.895+0000] {taskinstance.py:340} INFO - ::group::Post task execution logs
[2026-09-02T14:39:28.900+0000] {standard_task_runner.py:124} ERROR - Failed to execute job 86 for task dim_product (Bash command failed. The command returned a non-zero exit code 1.; 263)
Traceback (most recent call last):
  File "/home/airflow/.local/lib/python3.12/site-packages/airflow/task/task_runner/standard_task_runner.py", line 117, in _start_by_fork
    ret = args.func(args, dag=self.dag)
          ^^^^^^^^^^^^^^^^^^^^^^^^^^^^^
  File "/home/airflow/.local/lib/python3.12/site-packages/airflow/cli/cli_config.py", line 49, in command
    return func(*args, **kwargs)
           ^^^^^^^^^^^^^^^^^^^^^
  File "/home/airflow/.local/lib/python3.12/site-packages/airflow/utils/cli.py", line 116, in wrapper
    return f(*args, **kwargs)
           ^^^^^^^^^^^^^^^^^^
  File "/home/airflow/.local/lib/python3.12/site-packages/airflow/cli/commands/task_command.py", line 483, in task_run
    task_return_code = _run_task_by_selected_method(args, _dag, ti)
                       ^^^^^^^^^^^^^^^^^^^^^^^^^^^^^^^^^^^^^^^^^^^^
  File "/home/airflow/.local/lib/python3.12/site-packages/airflow/cli/commands/task_command.py", line 256, in _run_task_by_selected_method
    return _run_raw_task(args, ti)
           ^^^^^^^^^^^^^^^^^^^^^^^
  File "/home/airflow/.local/lib/python3.12/site-packages/airflow/cli/commands/task_command.py", line 341, in _run_raw_task
    return ti._run_raw_task(
           ^^^^^^^^^^^^^^^^^
  File "/home/airflow/.local/lib/python3.12/site-packages/airflow/utils/session.py", line 97, in wrapper
    return func(*args, session=session, **kwargs)
           ^^^^^^^^^^^^^^^^^^^^^^^^^^^^^^^^^^^^^^
  File "/home/airflow/.local/lib/python3.12/site-packages/airflow/models/taskinstance.py", line 3005, in _run_raw_task
    return _run_raw_task(
           ^^^^^^^^^^^^^^
  File "/home/airflow/.local/lib/python3.12/site-packages/airflow/models/taskinstance.py", line 273, in _run_raw_task
    TaskInstance._execute_task_with_callbacks(
  File "/home/airflow/.local/lib/python3.12/site-packages/airflow/models/taskinstance.py", line 3159, in _execute_task_with_callbacks
    result = self._execute_task(context, task_orig)
             ^^^^^^^^^^^^^^^^^^^^^^^^^^^^^^^^^^^^^^
  File "/home/airflow/.local/lib/python3.12/site-packages/airflow/models/taskinstance.py", line 3183, in _execute_task
    return _execute_task(self, context, task_orig)
           ^^^^^^^^^^^^^^^^^^^^^^^^^^^^^^^^^^^^^^^
  File "/home/airflow/.local/lib/python3.12/site-packages/airflow/models/taskinstance.py", line 767, in _execute_task
    result = _execute_callable(context=context, **execute_callable_kwargs)
             ^^^^^^^^^^^^^^^^^^^^^^^^^^^^^^^^^^^^^^^^^^^^^^^^^^^^^^^^^^^^^
  File "/home/airflow/.local/lib/python3.12/site-packages/airflow/models/taskinstance.py", line 733, in _execute_callable
    return ExecutionCallableRunner(
           ^^^^^^^^^^^^^^^^^^^^^^^^
  File "/home/airflow/.local/lib/python3.12/site-packages/airflow/utils/operator_helpers.py", line 252, in run
    return self.func(*args, **kwargs)
           ^^^^^^^^^^^^^^^^^^^^^^^^^^
  File "/home/airflow/.local/lib/python3.12/site-packages/airflow/models/baseoperator.py", line 422, in wrapper
    return func(self, *args, **kwargs)
           ^^^^^^^^^^^^^^^^^^^^^^^^^^^
  File "/home/airflow/.local/lib/python3.12/site-packages/airflow/operators/bash.py", line 276, in execute
    raise AirflowException(
airflow.exceptions.AirflowException: Bash command failed. The command returned a non-zero exit code 1.
[2026-09-02T14:39:28.939+0000] {local_task_job_runner.py:266} INFO - Task exited with return code 1
[2026-09-02T14:39:28.976+0000] {taskinstance.py:3895} INFO - 0 downstream tasks scheduled from follow-on schedule check
[2026-09-02T14:39:28.981+0000] {local_task_job_runner.py:245} INFO - ::endgroup::
