[2026-09-23T16:46:43.713+0000] {local_task_job_runner.py:123} INFO - ::group::Pre task execution logs
[2026-09-23T16:46:43.735+0000] {taskinstance.py:2613} INFO - Dependencies all met for dep_context=non-requeueable deps ti=<TaskInstance: etl_pipeline.dim_customer scheduled__2026-09-03T02:00:00+00:00 [queued]>
[2026-09-23T16:46:43.745+0000] {taskinstance.py:2613} INFO - Dependencies all met for dep_context=requeueable deps ti=<TaskInstance: etl_pipeline.dim_customer scheduled__2026-09-03T02:00:00+00:00 [queued]>
[2026-09-23T16:46:43.746+0000] {taskinstance.py:2866} INFO - Starting attempt 1 of 3
[2026-09-23T16:46:43.761+0000] {taskinstance.py:2889} INFO - Executing <Task(BashOperator): dim_customer> on 2026-09-03 02:00:00+00:00
[2026-09-23T16:46:43.771+0000] {standard_task_runner.py:104} INFO - Running: ['airflow', 'tasks', 'run', 'etl_pipeline', 'dim_customer', 'scheduled__2026-09-03T02:00:00+00:00', '--job-id', '160', '--raw', '--subdir', 'DAGS_FOLDER/sales_etl_dag.py', '--cfg-path', '/tmp/tmp2ci6y70s']
[2026-09-23T16:46:43.775+0000] {logging_mixin.py:190} WARNING - /home/airflow/.local/lib/python3.12/site-packages/airflow/task/task_runner/standard_task_runner.py:70 DeprecationWarning: This process (pid=320) is multi-threaded, use of fork() may lead to deadlocks in the child.
[2026-09-23T16:46:43.779+0000] {standard_task_runner.py:105} INFO - Job 160: Subtask dim_customer
[2026-09-23T16:46:43.779+0000] {standard_task_runner.py:72} INFO - Started process 323 to run task
[2026-09-23T16:46:43.839+0000] {task_command.py:467} INFO - Running <TaskInstance: etl_pipeline.dim_customer scheduled__2026-09-03T02:00:00+00:00 [running]> on host 62d0451776ea
[2026-09-23T16:46:43.950+0000] {taskinstance.py:3132} INFO - Exporting env vars: AIRFLOW_CTX_DAG_OWNER='airflow' AIRFLOW_CTX_DAG_ID='etl_pipeline' AIRFLOW_CTX_TASK_ID='dim_customer' AIRFLOW_CTX_EXECUTION_DATE='2026-09-03T02:00:00+00:00' AIRFLOW_CTX_TRY_NUMBER='1' AIRFLOW_CTX_DAG_RUN_ID='scheduled__2026-09-03T02:00:00+00:00'
[2026-09-23T16:46:43.951+0000] {taskinstance.py:731} INFO - ::endgroup::
[2026-09-23T16:46:43.974+0000] {subprocess.py:78} INFO - Tmp dir root location: /tmp
[2026-09-23T16:46:43.977+0000] {subprocess.py:88} INFO - Running command: ['/usr/bin/bash', '-c', 'PYTHONPATH=/opt/airflow/src python -m warehouse.dim_customer']
[2026-09-23T16:46:43.992+0000] {subprocess.py:99} INFO - Output:
[2026-09-23T16:46:49.372+0000] {subprocess.py:106} INFO - customer_data:
[2026-09-23T16:46:49.373+0000] {subprocess.py:106} INFO -                         customer_id  ... customer_key
[2026-09-23T16:46:49.373+0000] {subprocess.py:106} INFO - 0  06b8999e2fba1a1fbc88172c00ba8bc7  ...            1
[2026-09-23T16:46:49.375+0000] {subprocess.py:106} INFO - 1  18955e83d337fd6b2def6b18a428ac77  ...            2
[2026-09-23T16:46:49.377+0000] {subprocess.py:106} INFO - 2  4e7b3e00288586ebd08712fdd0374a03  ...            3
[2026-09-23T16:46:49.378+0000] {subprocess.py:106} INFO - 3  b2b6027bc5c5109e529d4dc6358b12c3  ...            4
[2026-09-23T16:46:49.378+0000] {subprocess.py:106} INFO - 4  4f2d8ab171c80ec8364f7c12e35b23ad  ...            5
[2026-09-23T16:46:49.379+0000] {subprocess.py:106} INFO - 
[2026-09-23T16:46:49.380+0000] {subprocess.py:106} INFO - [5 rows x 6 columns]
[2026-09-23T16:46:49.380+0000] {subprocess.py:106} INFO - (99441, 6)
[2026-09-23T16:46:49.381+0000] {subprocess.py:106} INFO - Dimension table is created
[2026-09-23T16:46:49.382+0000] {subprocess.py:106} INFO - (99441, 99441)
[2026-09-23T16:46:49.496+0000] {subprocess.py:110} INFO - Command exited with return code 0
[2026-09-23T16:46:49.524+0000] {taskinstance.py:340} INFO - ::group::Post task execution logs
[2026-09-23T16:46:49.525+0000] {taskinstance.py:352} INFO - Marking task as SUCCESS. dag_id=etl_pipeline, task_id=dim_customer, run_id=scheduled__2026-09-03T02:00:00+00:00, execution_date=20260903T020000, start_date=20260923T164643, end_date=20260923T164649
[2026-09-23T16:46:49.549+0000] {local_task_job_runner.py:266} INFO - Task exited with return code 0
[2026-09-23T16:46:49.568+0000] {taskinstance.py:3895} INFO - 1 downstream tasks scheduled from follow-on schedule check
[2026-09-23T16:46:49.571+0000] {local_task_job_runner.py:245} INFO - ::endgroup::
