[2026-09-03T10:50:26.940+0000] {local_task_job_runner.py:123} INFO - ::group::Pre task execution logs
[2026-09-03T10:50:26.957+0000] {taskinstance.py:2613} INFO - Dependencies all met for dep_context=non-requeueable deps ti=<TaskInstance: etl_pipeline.transform_data scheduled__2026-09-02T00:00:00+00:00 [queued]>
[2026-09-03T10:50:26.966+0000] {taskinstance.py:2613} INFO - Dependencies all met for dep_context=requeueable deps ti=<TaskInstance: etl_pipeline.transform_data scheduled__2026-09-02T00:00:00+00:00 [queued]>
[2026-09-03T10:50:26.967+0000] {taskinstance.py:2866} INFO - Starting attempt 1 of 1
[2026-09-03T10:50:26.980+0000] {taskinstance.py:2889} INFO - Executing <Task(BashOperator): transform_data> on 2026-09-02 00:00:00+00:00
[2026-09-03T10:50:26.988+0000] {standard_task_runner.py:104} INFO - Running: ['airflow', 'tasks', 'run', 'etl_pipeline', 'transform_data', 'scheduled__2026-09-02T00:00:00+00:00', '--job-id', '130', '--raw', '--subdir', 'DAGS_FOLDER/sales_etl_dag.py', '--cfg-path', '/tmp/tmpl68onx3i']
[2026-09-03T10:50:26.991+0000] {standard_task_runner.py:105} INFO - Job 130: Subtask transform_data
[2026-09-03T10:50:26.992+0000] {logging_mixin.py:190} WARNING - /home/airflow/.local/lib/python3.12/site-packages/airflow/task/task_runner/standard_task_runner.py:70 DeprecationWarning: This process (pid=920) is multi-threaded, use of fork() may lead to deadlocks in the child.
[2026-09-03T10:50:26.993+0000] {standard_task_runner.py:72} INFO - Started process 921 to run task
[2026-09-03T10:50:27.065+0000] {task_command.py:467} INFO - Running <TaskInstance: etl_pipeline.transform_data scheduled__2026-09-02T00:00:00+00:00 [running]> on host 62d0451776ea
[2026-09-03T10:50:27.166+0000] {taskinstance.py:3132} INFO - Exporting env vars: AIRFLOW_CTX_DAG_OWNER='airflow' AIRFLOW_CTX_DAG_ID='etl_pipeline' AIRFLOW_CTX_TASK_ID='transform_data' AIRFLOW_CTX_EXECUTION_DATE='2026-09-02T00:00:00+00:00' AIRFLOW_CTX_TRY_NUMBER='1' AIRFLOW_CTX_DAG_RUN_ID='scheduled__2026-09-02T00:00:00+00:00'
[2026-09-03T10:50:27.167+0000] {taskinstance.py:731} INFO - ::endgroup::
[2026-09-03T10:50:27.186+0000] {subprocess.py:78} INFO - Tmp dir root location: /tmp
[2026-09-03T10:50:27.189+0000] {subprocess.py:88} INFO - Running command: ['/usr/bin/bash', '-c', 'PYTHONPATH=/opt/airflow/src python -m transform']
[2026-09-03T10:50:27.198+0000] {subprocess.py:99} INFO - Output:
[2026-09-03T10:50:30.534+0000] {subprocess.py:106} INFO - Traceback (most recent call last):
[2026-09-03T10:50:30.535+0000] {subprocess.py:106} INFO -   File "/home/airflow/.local/lib/python3.12/site-packages/pandas/core/ops/array_ops.py", line 220, in _na_arithmetic_op
[2026-09-03T10:50:30.536+0000] {subprocess.py:106} INFO -     result = func(left, right)
[2026-09-03T10:50:30.537+0000] {subprocess.py:106} INFO -              ^^^^^^^^^^^^^^^^^
[2026-09-03T10:50:30.538+0000] {subprocess.py:106} INFO -   File "/home/airflow/.local/lib/python3.12/site-packages/pandas/core/computation/expressions.py", line 242, in evaluate
[2026-09-03T10:50:30.538+0000] {subprocess.py:106} INFO -     return _evaluate(op, op_str, a, b)  # type: ignore[misc]
[2026-09-03T10:50:30.539+0000] {subprocess.py:106} INFO -            ^^^^^^^^^^^^^^^^^^^^^^^^^^^
[2026-09-03T10:50:30.539+0000] {subprocess.py:106} INFO -   File "/home/airflow/.local/lib/python3.12/site-packages/pandas/core/computation/expressions.py", line 73, in _evaluate_standard
[2026-09-03T10:50:30.539+0000] {subprocess.py:106} INFO -     return op(a, b)
[2026-09-03T10:50:30.540+0000] {subprocess.py:106} INFO -            ^^^^^^^^
[2026-09-03T10:50:30.540+0000] {subprocess.py:106} INFO - TypeError: unsupported operand type(s) for -: 'str' and 'str'
[2026-09-03T10:50:30.540+0000] {subprocess.py:106} INFO - 
[2026-09-03T10:50:30.541+0000] {subprocess.py:106} INFO - During handling of the above exception, another exception occurred:
[2026-09-03T10:50:30.541+0000] {subprocess.py:106} INFO - 
[2026-09-03T10:50:30.542+0000] {subprocess.py:106} INFO - Traceback (most recent call last):
[2026-09-03T10:50:30.542+0000] {subprocess.py:106} INFO -   File "<frozen runpy>", line 198, in _run_module_as_main
[2026-09-03T10:50:30.543+0000] {subprocess.py:106} INFO -   File "<frozen runpy>", line 88, in _run_code
[2026-09-03T10:50:30.543+0000] {subprocess.py:106} INFO -   File "/opt/airflow/src/transform.py", line 65, in <module>
[2026-09-03T10:50:30.544+0000] {subprocess.py:106} INFO -     datasets["olist_orders_dataset"]["delivery_days"] = (datasets["olist_orders_dataset"]["order_delivered_customer_date"] - datasets["olist_orders_dataset"]["order_purchase_timestamp"]).dt.days
[2026-09-03T10:50:30.544+0000] {subprocess.py:106} INFO -                                                          ~~~~~~~~~~~~~~~~~~~~~~~~~~~~~~~~~~~~~~~~~~~~~~~~~~~~~~~~~~~~~~~~~~^~~~~~~~~~~~~~~~~~~~~~~~~~~~~~~~~~~~~~~~~~~~~~~~~~~~~~~~~~~~~~
[2026-09-03T10:50:30.544+0000] {subprocess.py:106} INFO -   File "/home/airflow/.local/lib/python3.12/site-packages/pandas/core/ops/common.py", line 76, in new_method
[2026-09-03T10:50:30.545+0000] {subprocess.py:106} INFO -     return method(self, other)
[2026-09-03T10:50:30.545+0000] {subprocess.py:106} INFO -            ^^^^^^^^^^^^^^^^^^^
[2026-09-03T10:50:30.546+0000] {subprocess.py:106} INFO -   File "/home/airflow/.local/lib/python3.12/site-packages/pandas/core/arraylike.py", line 194, in __sub__
[2026-09-03T10:50:30.546+0000] {subprocess.py:106} INFO -     return self._arith_method(other, operator.sub)
[2026-09-03T10:50:30.547+0000] {subprocess.py:106} INFO -            ^^^^^^^^^^^^^^^^^^^^^^^^^^^^^^^^^^^^^^^
[2026-09-03T10:50:30.547+0000] {subprocess.py:106} INFO -   File "/home/airflow/.local/lib/python3.12/site-packages/pandas/core/series.py", line 5819, in _arith_method
[2026-09-03T10:50:30.548+0000] {subprocess.py:106} INFO -     return base.IndexOpsMixin._arith_method(self, other, op)
[2026-09-03T10:50:30.549+0000] {subprocess.py:106} INFO -            ^^^^^^^^^^^^^^^^^^^^^^^^^^^^^^^^^^^^^^^^^^^^^^^^^
[2026-09-03T10:50:30.550+0000] {subprocess.py:106} INFO -   File "/home/airflow/.local/lib/python3.12/site-packages/pandas/core/base.py", line 1381, in _arith_method
[2026-09-03T10:50:30.550+0000] {subprocess.py:106} INFO -     result = ops.arithmetic_op(lvalues, rvalues, op)
[2026-09-03T10:50:30.551+0000] {subprocess.py:106} INFO -              ^^^^^^^^^^^^^^^^^^^^^^^^^^^^^^^^^^^^^^^
[2026-09-03T10:50:30.552+0000] {subprocess.py:106} INFO -   File "/home/airflow/.local/lib/python3.12/site-packages/pandas/core/ops/array_ops.py", line 285, in arithmetic_op
[2026-09-03T10:50:30.553+0000] {subprocess.py:106} INFO -     res_values = _na_arithmetic_op(left, right, op)  # type: ignore[arg-type]
[2026-09-03T10:50:30.553+0000] {subprocess.py:106} INFO -                  ^^^^^^^^^^^^^^^^^^^^^^^^^^^^^^^^^^
[2026-09-03T10:50:30.554+0000] {subprocess.py:106} INFO -   File "/home/airflow/.local/lib/python3.12/site-packages/pandas/core/ops/array_ops.py", line 229, in _na_arithmetic_op
[2026-09-03T10:50:30.554+0000] {subprocess.py:106} INFO -     result = _masked_arith_op(left, right, op)
[2026-09-03T10:50:30.555+0000] {subprocess.py:106} INFO -              ^^^^^^^^^^^^^^^^^^^^^^^^^^^^^^^^^
[2026-09-03T10:50:30.556+0000] {subprocess.py:106} INFO -   File "/home/airflow/.local/lib/python3.12/site-packages/pandas/core/ops/array_ops.py", line 165, in _masked_arith_op
[2026-09-03T10:50:30.556+0000] {subprocess.py:106} INFO -     result[mask] = op(xrav[mask], yrav[mask])
[2026-09-03T10:50:30.556+0000] {subprocess.py:106} INFO -                    ^^^^^^^^^^^^^^^^^^^^^^^^^^
[2026-09-03T10:50:30.557+0000] {subprocess.py:106} INFO - TypeError: unsupported operand type(s) for -: 'str' and 'str'
[2026-09-03T10:50:30.557+0000] {subprocess.py:106} INFO - CURRENT DIRECTORY: /tmp/airflowtmpd8ndjsfx
[2026-09-03T10:50:30.558+0000] {subprocess.py:106} INFO - DATA FOLDER: /opt/airflow/data/raw
[2026-09-03T10:50:30.558+0000] {subprocess.py:106} INFO - CSV FILES: [PosixPath('/opt/airflow/data/raw/olist_customers_dataset.csv'), PosixPath('/opt/airflow/data/raw/olist_geolocation_dataset.csv'), PosixPath('/opt/airflow/data/raw/olist_orders_dataset.csv'), PosixPath('/opt/airflow/data/raw/olist_order_items_dataset.csv'), PosixPath('/opt/airflow/data/raw/olist_order_payments_dataset.csv'), PosixPath('/opt/airflow/data/raw/olist_order_reviews_dataset.csv'), PosixPath('/opt/airflow/data/raw/olist_products_dataset.csv'), PosixPath('/opt/airflow/data/raw/olist_sellers_dataset.csv'), PosixPath('/opt/airflow/data/raw/product_category_name_translation.csv')]
[2026-09-03T10:50:30.559+0000] {subprocess.py:106} INFO - DATASETS EXTRACTED:
[2026-09-03T10:50:30.559+0000] {subprocess.py:106} INFO - dict_keys(['olist_customers_dataset', 'olist_geolocation_dataset', 'olist_orders_dataset', 'olist_order_items_dataset', 'olist_order_payments_dataset', 'olist_order_reviews_dataset', 'olist_products_dataset', 'olist_sellers_dataset', 'product_category_name_translation'])
[2026-09-03T10:50:30.560+0000] {subprocess.py:106} INFO - order_delivered_customer_date    object
[2026-09-03T10:50:30.560+0000] {subprocess.py:106} INFO - order_purchase_timestamp         object
[2026-09-03T10:50:30.560+0000] {subprocess.py:106} INFO - dtype: object
[2026-09-03T10:50:30.681+0000] {subprocess.py:110} INFO - Command exited with return code 1
[2026-09-03T10:50:30.694+0000] {taskinstance.py:3311} ERROR - Task failed with exception
Traceback (most recent call last):
  File "/home/airflow/.local/lib/python3.12/site-packages/airflow/models/taskinstance.py", line 767, in _execute_task
    result = _execute_callable(context=context, **execute_callable_kwargs)
             ^^^^^^^^^^^^^^^^^^^^^^^^^^^^^^^^^^^^^^^^^^^^^^^^^^^^^^^^^^^^^
  File "/home/airflow/.local/lib/python3.12/site-packages/airflow/models/taskinstance.py", line 733, in _execute_callable
    return ExecutionCallableRunner(
           ^^^^^^^^^^^^^^^^^^^^^^^^
  File "/home/airflow/.local/lib/python3.12/site-packages/airflow/utils/operator_helpers.py", line 252, in run
    return self.func(*args, **kwargs)
           ^^^^^^^^^^^^^^^^^^^^^^^^^^
  File "/home/airflow/.local/lib/python3.12/site-packages/airflow/models/baseoperator.py", line 422, in wrapper
    return func(self, *args, **kwargs)
           ^^^^^^^^^^^^^^^^^^^^^^^^^^^
  File "/home/airflow/.local/lib/python3.12/site-packages/airflow/operators/bash.py", line 276, in execute
    raise AirflowException(
airflow.exceptions.AirflowException: Bash command failed. The command returned a non-zero exit code 1.
[2026-09-03T10:50:30.700+0000] {taskinstance.py:1225} INFO - Marking task as FAILED. dag_id=etl_pipeline, task_id=transform_data, run_id=scheduled__2026-09-02T00:00:00+00:00, execution_date=20260902T000000, start_date=20260903T105026, end_date=20260903T105030
[2026-09-03T10:50:30.718+0000] {taskinstance.py:340} INFO - ::group::Post task execution logs
[2026-09-03T10:50:30.719+0000] {standard_task_runner.py:124} ERROR - Failed to execute job 130 for task transform_data (Bash command failed. The command returned a non-zero exit code 1.; 921)
Traceback (most recent call last):
  File "/home/airflow/.local/lib/python3.12/site-packages/airflow/task/task_runner/standard_task_runner.py", line 117, in _start_by_fork
    ret = args.func(args, dag=self.dag)
          ^^^^^^^^^^^^^^^^^^^^^^^^^^^^^
  File "/home/airflow/.local/lib/python3.12/site-packages/airflow/cli/cli_config.py", line 49, in command
    return func(*args, **kwargs)
           ^^^^^^^^^^^^^^^^^^^^^
  File "/home/airflow/.local/lib/python3.12/site-packages/airflow/utils/cli.py", line 116, in wrapper
    return f(*args, **kwargs)
           ^^^^^^^^^^^^^^^^^^
  File "/home/airflow/.local/lib/python3.12/site-packages/airflow/cli/commands/task_command.py", line 483, in task_run
    task_return_code = _run_task_by_selected_method(args, _dag, ti)
                       ^^^^^^^^^^^^^^^^^^^^^^^^^^^^^^^^^^^^^^^^^^^^
  File "/home/airflow/.local/lib/python3.12/site-packages/airflow/cli/commands/task_command.py", line 256, in _run_task_by_selected_method
    return _run_raw_task(args, ti)
           ^^^^^^^^^^^^^^^^^^^^^^^
  File "/home/airflow/.local/lib/python3.12/site-packages/airflow/cli/commands/task_command.py", line 341, in _run_raw_task
    return ti._run_raw_task(
           ^^^^^^^^^^^^^^^^^
  File "/home/airflow/.local/lib/python3.12/site-packages/airflow/utils/session.py", line 97, in wrapper
    return func(*args, session=session, **kwargs)
           ^^^^^^^^^^^^^^^^^^^^^^^^^^^^^^^^^^^^^^
  File "/home/airflow/.local/lib/python3.12/site-packages/airflow/models/taskinstance.py", line 3005, in _run_raw_task
    return _run_raw_task(
           ^^^^^^^^^^^^^^
  File "/home/airflow/.local/lib/python3.12/site-packages/airflow/models/taskinstance.py", line 273, in _run_raw_task
    TaskInstance._execute_task_with_callbacks(
  File "/home/airflow/.local/lib/python3.12/site-packages/airflow/models/taskinstance.py", line 3159, in _execute_task_with_callbacks
    result = self._execute_task(context, task_orig)
             ^^^^^^^^^^^^^^^^^^^^^^^^^^^^^^^^^^^^^^
  File "/home/airflow/.local/lib/python3.12/site-packages/airflow/models/taskinstance.py", line 3183, in _execute_task
    return _execute_task(self, context, task_orig)
           ^^^^^^^^^^^^^^^^^^^^^^^^^^^^^^^^^^^^^^^
  File "/home/airflow/.local/lib/python3.12/site-packages/airflow/models/taskinstance.py", line 767, in _execute_task
    result = _execute_callable(context=context, **execute_callable_kwargs)
             ^^^^^^^^^^^^^^^^^^^^^^^^^^^^^^^^^^^^^^^^^^^^^^^^^^^^^^^^^^^^^
  File "/home/airflow/.local/lib/python3.12/site-packages/airflow/models/taskinstance.py", line 733, in _execute_callable
    return ExecutionCallableRunner(
           ^^^^^^^^^^^^^^^^^^^^^^^^
  File "/home/airflow/.local/lib/python3.12/site-packages/airflow/utils/operator_helpers.py", line 252, in run
    return self.func(*args, **kwargs)
           ^^^^^^^^^^^^^^^^^^^^^^^^^^
  File "/home/airflow/.local/lib/python3.12/site-packages/airflow/models/baseoperator.py", line 422, in wrapper
    return func(self, *args, **kwargs)
           ^^^^^^^^^^^^^^^^^^^^^^^^^^^
  File "/home/airflow/.local/lib/python3.12/site-packages/airflow/operators/bash.py", line 276, in execute
    raise AirflowException(
airflow.exceptions.AirflowException: Bash command failed. The command returned a non-zero exit code 1.
[2026-09-03T10:50:30.746+0000] {local_task_job_runner.py:266} INFO - Task exited with return code 1
[2026-09-03T10:50:30.776+0000] {taskinstance.py:3895} INFO - 0 downstream tasks scheduled from follow-on schedule check
[2026-09-03T10:50:30.784+0000] {local_task_job_runner.py:245} INFO - ::endgroup::
