[2026-09-28T18:07:16.534+0000] {local_task_job_runner.py:123} INFO - ::group::Pre task execution logs
[2026-09-28T18:07:16.571+0000] {taskinstance.py:2613} INFO - Dependencies all met for dep_context=non-requeueable deps ti=<TaskInstance: etl_pipeline.transform_data scheduled__2026-09-23T02:00:00+00:00 [queued]>
[2026-09-28T18:07:16.594+0000] {taskinstance.py:2613} INFO - Dependencies all met for dep_context=requeueable deps ti=<TaskInstance: etl_pipeline.transform_data scheduled__2026-09-23T02:00:00+00:00 [queued]>
[2026-09-28T18:07:16.595+0000] {taskinstance.py:2866} INFO - Starting attempt 1 of 3
[2026-09-28T18:07:16.647+0000] {taskinstance.py:2889} INFO - Executing <Task(BashOperator): transform_data> on 2026-09-23 02:00:00+00:00
[2026-09-28T18:07:16.682+0000] {logging_mixin.py:190} WARNING - /home/airflow/.local/lib/python3.12/site-packages/airflow/task/task_runner/standard_task_runner.py:70 DeprecationWarning: This process (pid=197) is multi-threaded, use of fork() may lead to deadlocks in the child.
[2026-09-28T18:07:16.685+0000] {standard_task_runner.py:72} INFO - Started process 199 to run task
[2026-09-28T18:07:16.695+0000] {standard_task_runner.py:104} INFO - Running: ['airflow', 'tasks', 'run', 'etl_pipeline', 'transform_data', 'scheduled__2026-09-23T02:00:00+00:00', '--job-id', '169', '--raw', '--subdir', 'DAGS_FOLDER/sales_etl_dag.py', '--cfg-path', '/tmp/tmpp7hnn95k']
[2026-09-28T18:07:16.699+0000] {standard_task_runner.py:105} INFO - Job 169: Subtask transform_data
[2026-09-28T18:07:16.842+0000] {task_command.py:467} INFO - Running <TaskInstance: etl_pipeline.transform_data scheduled__2026-09-23T02:00:00+00:00 [running]> on host c0ac871157a5
[2026-09-28T18:07:17.122+0000] {taskinstance.py:3132} INFO - Exporting env vars: AIRFLOW_CTX_DAG_OWNER='airflow' AIRFLOW_CTX_DAG_ID='etl_pipeline' AIRFLOW_CTX_TASK_ID='transform_data' AIRFLOW_CTX_EXECUTION_DATE='2026-09-23T02:00:00+00:00' AIRFLOW_CTX_TRY_NUMBER='1' AIRFLOW_CTX_DAG_RUN_ID='scheduled__2026-09-23T02:00:00+00:00'
[2026-09-28T18:07:17.124+0000] {taskinstance.py:731} INFO - ::endgroup::
[2026-09-28T18:07:17.164+0000] {subprocess.py:78} INFO - Tmp dir root location: /tmp
[2026-09-28T18:07:17.167+0000] {subprocess.py:88} INFO - Running command: ['/usr/bin/bash', '-c', 'PYTHONPATH=/opt/airflow/src python -m transform']
[2026-09-28T18:07:17.188+0000] {subprocess.py:99} INFO - Output:
[2026-09-28T18:07:32.770+0000] {subprocess.py:106} INFO - CURRENT DIRECTORY: /tmp/airflowtmpxnbqpm9h
[2026-09-28T18:07:32.776+0000] {subprocess.py:106} INFO - DATA FOLDER: /opt/airflow/data/raw
[2026-09-28T18:07:32.777+0000] {subprocess.py:106} INFO - CSV FILES: [PosixPath('/opt/airflow/data/raw/olist_customers_dataset.csv'), PosixPath('/opt/airflow/data/raw/olist_geolocation_dataset.csv'), PosixPath('/opt/airflow/data/raw/olist_orders_dataset.csv'), PosixPath('/opt/airflow/data/raw/olist_order_items_dataset.csv'), PosixPath('/opt/airflow/data/raw/olist_order_payments_dataset.csv'), PosixPath('/opt/airflow/data/raw/olist_order_reviews_dataset.csv'), PosixPath('/opt/airflow/data/raw/olist_products_dataset.csv'), PosixPath('/opt/airflow/data/raw/olist_sellers_dataset.csv'), PosixPath('/opt/airflow/data/raw/product_category_name_translation.csv')]
[2026-09-28T18:07:32.779+0000] {subprocess.py:106} INFO - DATASETS EXTRACTED:
[2026-09-28T18:07:32.780+0000] {subprocess.py:106} INFO - dict_keys(['olist_customers_dataset', 'olist_geolocation_dataset', 'olist_orders_dataset', 'olist_order_items_dataset', 'olist_order_payments_dataset', 'olist_order_reviews_dataset', 'olist_products_dataset', 'olist_sellers_dataset', 'product_category_name_translation'])
[2026-09-28T18:07:32.781+0000] {subprocess.py:106} INFO - order_delivered_customer_date    object
[2026-09-28T18:07:32.782+0000] {subprocess.py:106} INFO - order_purchase_timestamp         object
[2026-09-28T18:07:32.782+0000] {subprocess.py:106} INFO - dtype: object
[2026-09-28T18:07:32.783+0000] {subprocess.py:106} INFO - order_delivered_customer_date    datetime64[ns]
[2026-09-28T18:07:32.784+0000] {subprocess.py:106} INFO - order_purchase_timestamp         datetime64[ns]
[2026-09-28T18:07:32.786+0000] {subprocess.py:106} INFO - dtype: object
[2026-09-28T18:07:32.787+0000] {subprocess.py:106} INFO - order_delivered_customer_date    datetime64[ns]
[2026-09-28T18:07:32.788+0000] {subprocess.py:106} INFO - order_purchase_timestamp         datetime64[ns]
[2026-09-28T18:07:32.788+0000] {subprocess.py:106} INFO - dtype: object
[2026-09-28T18:07:32.789+0000] {subprocess.py:106} INFO - order_delivered_customer_date    datetime64[ns]
[2026-09-28T18:07:32.789+0000] {subprocess.py:106} INFO - order_purchase_timestamp         datetime64[ns]
[2026-09-28T18:07:32.792+0000] {subprocess.py:106} INFO - dtype: object
[2026-09-28T18:07:32.792+0000] {subprocess.py:106} INFO - order_delivered_customer_date    datetime64[ns]
[2026-09-28T18:07:32.793+0000] {subprocess.py:106} INFO - order_purchase_timestamp         datetime64[ns]
[2026-09-28T18:07:32.794+0000] {subprocess.py:106} INFO - dtype: object
[2026-09-28T18:07:32.798+0000] {subprocess.py:106} INFO - order_delivered_customer_date    datetime64[ns]
[2026-09-28T18:07:32.799+0000] {subprocess.py:106} INFO - order_purchase_timestamp         datetime64[ns]
[2026-09-28T18:07:32.800+0000] {subprocess.py:106} INFO - dtype: object
[2026-09-28T18:07:32.800+0000] {subprocess.py:106} INFO - order_delivered_customer_date    datetime64[ns]
[2026-09-28T18:07:32.801+0000] {subprocess.py:106} INFO - order_purchase_timestamp         datetime64[ns]
[2026-09-28T18:07:32.801+0000] {subprocess.py:106} INFO - dtype: object
[2026-09-28T18:07:32.802+0000] {subprocess.py:106} INFO - order_delivered_customer_date    datetime64[ns]
[2026-09-28T18:07:32.803+0000] {subprocess.py:106} INFO - order_purchase_timestamp         datetime64[ns]
[2026-09-28T18:07:32.803+0000] {subprocess.py:106} INFO - dtype: object
[2026-09-28T18:07:32.804+0000] {subprocess.py:106} INFO - order_delivered_customer_date    datetime64[ns]
[2026-09-28T18:07:32.804+0000] {subprocess.py:106} INFO - order_purchase_timestamp         datetime64[ns]
[2026-09-28T18:07:32.805+0000] {subprocess.py:106} INFO - dtype: object
[2026-09-28T18:07:33.110+0000] {subprocess.py:110} INFO - Command exited with return code 0
[2026-09-28T18:07:33.170+0000] {taskinstance.py:340} INFO - ::group::Post task execution logs
[2026-09-28T18:07:33.171+0000] {taskinstance.py:352} INFO - Marking task as SUCCESS. dag_id=etl_pipeline, task_id=transform_data, run_id=scheduled__2026-09-23T02:00:00+00:00, execution_date=20260923T020000, start_date=20260928T180716, end_date=20260928T180733
[2026-09-28T18:07:33.232+0000] {local_task_job_runner.py:266} INFO - Task exited with return code 0
[2026-09-28T18:07:33.281+0000] {taskinstance.py:3895} INFO - 1 downstream tasks scheduled from follow-on schedule check
[2026-09-28T18:07:33.285+0000] {local_task_job_runner.py:245} INFO - ::endgroup::
