[2026-08-31T19:34:36.987+0000] {local_task_job_runner.py:123} INFO - ::group::Pre task execution logs
[2026-08-31T19:34:37.011+0000] {taskinstance.py:2613} INFO - Dependencies all met for dep_context=non-requeueable deps ti=<TaskInstance: etl_pipeline.dim_customer manual__2026-08-31T19:34:29.355981+00:00 [queued]>
[2026-08-31T19:34:37.020+0000] {taskinstance.py:2613} INFO - Dependencies all met for dep_context=requeueable deps ti=<TaskInstance: etl_pipeline.dim_customer manual__2026-08-31T19:34:29.355981+00:00 [queued]>
[2026-08-31T19:34:37.021+0000] {taskinstance.py:2866} INFO - Starting attempt 1 of 1
[2026-08-31T19:34:37.039+0000] {taskinstance.py:2889} INFO - Executing <Task(BashOperator): dim_customer> on 2026-08-31 19:34:29.355981+00:00
[2026-08-31T19:34:37.048+0000] {standard_task_runner.py:104} INFO - Running: ['airflow', 'tasks', 'run', 'etl_pipeline', 'dim_customer', 'manual__2026-08-31T19:34:29.355981+00:00', '--job-id', '39', '--raw', '--subdir', 'DAGS_FOLDER/sales_etl_dag.py', '--cfg-path', '/tmp/tmpf6uwfexq']
[2026-08-31T19:34:37.052+0000] {standard_task_runner.py:105} INFO - Job 39: Subtask dim_customer
[2026-08-31T19:34:37.053+0000] {logging_mixin.py:190} WARNING - /home/airflow/.local/lib/python3.12/site-packages/airflow/task/task_runner/standard_task_runner.py:70 DeprecationWarning: This process (pid=213) is multi-threaded, use of fork() may lead to deadlocks in the child.
[2026-08-31T19:34:37.053+0000] {standard_task_runner.py:72} INFO - Started process 217 to run task
[2026-08-31T19:34:37.153+0000] {task_command.py:467} INFO - Running <TaskInstance: etl_pipeline.dim_customer manual__2026-08-31T19:34:29.355981+00:00 [running]> on host a914322f514a
[2026-08-31T19:34:37.247+0000] {taskinstance.py:3132} INFO - Exporting env vars: AIRFLOW_CTX_DAG_OWNER='airflow' AIRFLOW_CTX_DAG_ID='etl_pipeline' AIRFLOW_CTX_TASK_ID='dim_customer' AIRFLOW_CTX_EXECUTION_DATE='2026-08-31T19:34:29.355981+00:00' AIRFLOW_CTX_TRY_NUMBER='1' AIRFLOW_CTX_DAG_RUN_ID='manual__2026-08-31T19:34:29.355981+00:00'
[2026-08-31T19:34:37.250+0000] {taskinstance.py:731} INFO - ::endgroup::
[2026-08-31T19:34:37.271+0000] {subprocess.py:78} INFO - Tmp dir root location: /tmp
[2026-08-31T19:34:37.273+0000] {subprocess.py:88} INFO - Running command: ['/usr/bin/bash', '-c', 'PYTHONPATH=/opt/airflow/src python -m warehouse.dim_customer']
[2026-08-31T19:34:37.283+0000] {subprocess.py:99} INFO - Output:
[2026-08-31T19:34:38.834+0000] {subprocess.py:106} INFO - Traceback (most recent call last):
[2026-08-31T19:34:38.835+0000] {subprocess.py:106} INFO -   File "/home/airflow/.local/lib/python3.12/site-packages/sqlalchemy/engine/base.py", line 1910, in _execute_context
[2026-08-31T19:34:38.836+0000] {subprocess.py:106} INFO -     self.dialect.do_execute(
[2026-08-31T19:34:38.837+0000] {subprocess.py:106} INFO -   File "/home/airflow/.local/lib/python3.12/site-packages/sqlalchemy/engine/default.py", line 736, in do_execute
[2026-08-31T19:34:38.837+0000] {subprocess.py:106} INFO -     cursor.execute(statement, parameters)
[2026-08-31T19:34:38.838+0000] {subprocess.py:106} INFO - psycopg2.errors.UndefinedTable: relation "stg_customers" does not exist
[2026-08-31T19:34:38.838+0000] {subprocess.py:106} INFO - LINE 8:     FROM stg_customers
[2026-08-31T19:34:38.839+0000] {subprocess.py:106} INFO -                  ^
[2026-08-31T19:34:38.839+0000] {subprocess.py:106} INFO - 
[2026-08-31T19:34:38.840+0000] {subprocess.py:106} INFO - 
[2026-08-31T19:34:38.840+0000] {subprocess.py:106} INFO - The above exception was the direct cause of the following exception:
[2026-08-31T19:34:38.841+0000] {subprocess.py:106} INFO - 
[2026-08-31T19:34:38.842+0000] {subprocess.py:106} INFO - Traceback (most recent call last):
[2026-08-31T19:34:38.842+0000] {subprocess.py:106} INFO -   File "<frozen runpy>", line 198, in _run_module_as_main
[2026-08-31T19:34:38.843+0000] {subprocess.py:106} INFO -   File "<frozen runpy>", line 88, in _run_code
[2026-08-31T19:34:38.843+0000] {subprocess.py:106} INFO -   File "/opt/airflow/src/warehouse/dim_customer.py", line 21, in <module>
[2026-08-31T19:34:38.844+0000] {subprocess.py:106} INFO -     customers=pd.read_sql(
[2026-08-31T19:34:38.844+0000] {subprocess.py:106} INFO -               ^^^^^^^^^^^^
[2026-08-31T19:34:38.845+0000] {subprocess.py:106} INFO -   File "/home/airflow/.local/lib/python3.12/site-packages/pandas/io/sql.py", line 682, in read_sql
[2026-08-31T19:34:38.846+0000] {subprocess.py:106} INFO -     return pandas_sql.read_query(
[2026-08-31T19:34:38.847+0000] {subprocess.py:106} INFO -            ^^^^^^^^^^^^^^^^^^^^^^
[2026-08-31T19:34:38.848+0000] {subprocess.py:106} INFO -   File "/home/airflow/.local/lib/python3.12/site-packages/pandas/io/sql.py", line 1776, in read_query
[2026-08-31T19:34:38.851+0000] {subprocess.py:106} INFO -     result = self.execute(sql, params)
[2026-08-31T19:34:38.852+0000] {subprocess.py:106} INFO -              ^^^^^^^^^^^^^^^^^^^^^^^^^
[2026-08-31T19:34:38.853+0000] {subprocess.py:106} INFO -   File "/home/airflow/.local/lib/python3.12/site-packages/pandas/io/sql.py", line 1599, in execute
[2026-08-31T19:34:38.854+0000] {subprocess.py:106} INFO -     return self.con.exec_driver_sql(sql, *args)
[2026-08-31T19:34:38.854+0000] {subprocess.py:106} INFO -            ^^^^^^^^^^^^^^^^^^^^^^^^^^^^^^^^^^^^
[2026-08-31T19:34:38.855+0000] {subprocess.py:106} INFO -   File "/home/airflow/.local/lib/python3.12/site-packages/sqlalchemy/engine/base.py", line 1770, in exec_driver_sql
[2026-08-31T19:34:38.855+0000] {subprocess.py:106} INFO -     return self._exec_driver_sql(
[2026-08-31T19:34:38.856+0000] {subprocess.py:106} INFO -            ^^^^^^^^^^^^^^^^^^^^^^
[2026-08-31T19:34:38.856+0000] {subprocess.py:106} INFO -   File "/home/airflow/.local/lib/python3.12/site-packages/sqlalchemy/engine/base.py", line 1674, in _exec_driver_sql
[2026-08-31T19:34:38.857+0000] {subprocess.py:106} INFO -     ret = self._execute_context(
[2026-08-31T19:34:38.858+0000] {subprocess.py:106} INFO -           ^^^^^^^^^^^^^^^^^^^^^^
[2026-08-31T19:34:38.859+0000] {subprocess.py:106} INFO -   File "/home/airflow/.local/lib/python3.12/site-packages/sqlalchemy/engine/base.py", line 1953, in _execute_context
[2026-08-31T19:34:38.862+0000] {subprocess.py:106} INFO -     self._handle_dbapi_exception(
[2026-08-31T19:34:38.863+0000] {subprocess.py:106} INFO -   File "/home/airflow/.local/lib/python3.12/site-packages/sqlalchemy/engine/base.py", line 2134, in _handle_dbapi_exception
[2026-08-31T19:34:38.863+0000] {subprocess.py:106} INFO -     util.raise_(
[2026-08-31T19:34:38.864+0000] {subprocess.py:106} INFO -   File "/home/airflow/.local/lib/python3.12/site-packages/sqlalchemy/util/compat.py", line 211, in raise_
[2026-08-31T19:34:38.865+0000] {subprocess.py:106} INFO -     raise exception
[2026-08-31T19:34:38.866+0000] {subprocess.py:106} INFO -   File "/home/airflow/.local/lib/python3.12/site-packages/sqlalchemy/engine/base.py", line 1910, in _execute_context
[2026-08-31T19:34:38.867+0000] {subprocess.py:106} INFO -     self.dialect.do_execute(
[2026-08-31T19:34:38.868+0000] {subprocess.py:106} INFO -   File "/home/airflow/.local/lib/python3.12/site-packages/sqlalchemy/engine/default.py", line 736, in do_execute
[2026-08-31T19:34:38.869+0000] {subprocess.py:106} INFO -     cursor.execute(statement, parameters)
[2026-08-31T19:34:38.869+0000] {subprocess.py:106} INFO - sqlalchemy.exc.ProgrammingError: (psycopg2.errors.UndefinedTable) relation "stg_customers" does not exist
[2026-08-31T19:34:38.873+0000] {subprocess.py:106} INFO - LINE 8:     FROM stg_customers
[2026-08-31T19:34:38.873+0000] {subprocess.py:106} INFO -                  ^
[2026-08-31T19:34:38.874+0000] {subprocess.py:106} INFO - 
[2026-08-31T19:34:38.875+0000] {subprocess.py:106} INFO - [SQL:
[2026-08-31T19:34:38.875+0000] {subprocess.py:106} INFO -     SELECT
[2026-08-31T19:34:38.876+0000] {subprocess.py:106} INFO -         customer_id,
[2026-08-31T19:34:38.877+0000] {subprocess.py:106} INFO -         customer_unique_id,
[2026-08-31T19:34:38.877+0000] {subprocess.py:106} INFO -         customer_zip_code_prefix,
[2026-08-31T19:34:38.878+0000] {subprocess.py:106} INFO -         customer_city,
[2026-08-31T19:34:38.879+0000] {subprocess.py:106} INFO -         customer_state
[2026-08-31T19:34:38.879+0000] {subprocess.py:106} INFO -     FROM stg_customers
[2026-08-31T19:34:38.880+0000] {subprocess.py:106} INFO -     ]
[2026-08-31T19:34:38.881+0000] {subprocess.py:106} INFO - (Background on this error at: https://sqlalche.me/e/14/f405)
[2026-08-31T19:34:39.003+0000] {subprocess.py:110} INFO - Command exited with return code 1
[2026-08-31T19:34:39.022+0000] {taskinstance.py:3311} ERROR - Task failed with exception
Traceback (most recent call last):
  File "/home/airflow/.local/lib/python3.12/site-packages/airflow/models/taskinstance.py", line 767, in _execute_task
    result = _execute_callable(context=context, **execute_callable_kwargs)
             ^^^^^^^^^^^^^^^^^^^^^^^^^^^^^^^^^^^^^^^^^^^^^^^^^^^^^^^^^^^^^
  File "/home/airflow/.local/lib/python3.12/site-packages/airflow/models/taskinstance.py", line 733, in _execute_callable
    return ExecutionCallableRunner(
           ^^^^^^^^^^^^^^^^^^^^^^^^
  File "/home/airflow/.local/lib/python3.12/site-packages/airflow/utils/operator_helpers.py", line 252, in run
    return self.func(*args, **kwargs)
           ^^^^^^^^^^^^^^^^^^^^^^^^^^
  File "/home/airflow/.local/lib/python3.12/site-packages/airflow/models/baseoperator.py", line 422, in wrapper
    return func(self, *args, **kwargs)
           ^^^^^^^^^^^^^^^^^^^^^^^^^^^
  File "/home/airflow/.local/lib/python3.12/site-packages/airflow/operators/bash.py", line 276, in execute
    raise AirflowException(
airflow.exceptions.AirflowException: Bash command failed. The command returned a non-zero exit code 1.
[2026-08-31T19:34:39.029+0000] {taskinstance.py:1225} INFO - Marking task as FAILED. dag_id=etl_pipeline, task_id=dim_customer, run_id=manual__2026-08-31T19:34:29.355981+00:00, execution_date=20260831T193429, start_date=20260831T193437, end_date=20260831T193439
[2026-08-31T19:34:39.046+0000] {taskinstance.py:340} INFO - ::group::Post task execution logs
[2026-08-31T19:34:39.048+0000] {standard_task_runner.py:124} ERROR - Failed to execute job 39 for task dim_customer (Bash command failed. The command returned a non-zero exit code 1.; 217)
Traceback (most recent call last):
  File "/home/airflow/.local/lib/python3.12/site-packages/airflow/task/task_runner/standard_task_runner.py", line 117, in _start_by_fork
    ret = args.func(args, dag=self.dag)
          ^^^^^^^^^^^^^^^^^^^^^^^^^^^^^
  File "/home/airflow/.local/lib/python3.12/site-packages/airflow/cli/cli_config.py", line 49, in command
    return func(*args, **kwargs)
           ^^^^^^^^^^^^^^^^^^^^^
  File "/home/airflow/.local/lib/python3.12/site-packages/airflow/utils/cli.py", line 116, in wrapper
    return f(*args, **kwargs)
           ^^^^^^^^^^^^^^^^^^
  File "/home/airflow/.local/lib/python3.12/site-packages/airflow/cli/commands/task_command.py", line 483, in task_run
    task_return_code = _run_task_by_selected_method(args, _dag, ti)
                       ^^^^^^^^^^^^^^^^^^^^^^^^^^^^^^^^^^^^^^^^^^^^
  File "/home/airflow/.local/lib/python3.12/site-packages/airflow/cli/commands/task_command.py", line 256, in _run_task_by_selected_method
    return _run_raw_task(args, ti)
           ^^^^^^^^^^^^^^^^^^^^^^^
  File "/home/airflow/.local/lib/python3.12/site-packages/airflow/cli/commands/task_command.py", line 341, in _run_raw_task
    return ti._run_raw_task(
           ^^^^^^^^^^^^^^^^^
  File "/home/airflow/.local/lib/python3.12/site-packages/airflow/utils/session.py", line 97, in wrapper
    return func(*args, session=session, **kwargs)
           ^^^^^^^^^^^^^^^^^^^^^^^^^^^^^^^^^^^^^^
  File "/home/airflow/.local/lib/python3.12/site-packages/airflow/models/taskinstance.py", line 3005, in _run_raw_task
    return _run_raw_task(
           ^^^^^^^^^^^^^^
  File "/home/airflow/.local/lib/python3.12/site-packages/airflow/models/taskinstance.py", line 273, in _run_raw_task
    TaskInstance._execute_task_with_callbacks(
  File "/home/airflow/.local/lib/python3.12/site-packages/airflow/models/taskinstance.py", line 3159, in _execute_task_with_callbacks
    result = self._execute_task(context, task_orig)
             ^^^^^^^^^^^^^^^^^^^^^^^^^^^^^^^^^^^^^^
  File "/home/airflow/.local/lib/python3.12/site-packages/airflow/models/taskinstance.py", line 3183, in _execute_task
    return _execute_task(self, context, task_orig)
           ^^^^^^^^^^^^^^^^^^^^^^^^^^^^^^^^^^^^^^^
  File "/home/airflow/.local/lib/python3.12/site-packages/airflow/models/taskinstance.py", line 767, in _execute_task
    result = _execute_callable(context=context, **execute_callable_kwargs)
             ^^^^^^^^^^^^^^^^^^^^^^^^^^^^^^^^^^^^^^^^^^^^^^^^^^^^^^^^^^^^^
  File "/home/airflow/.local/lib/python3.12/site-packages/airflow/models/taskinstance.py", line 733, in _execute_callable
    return ExecutionCallableRunner(
           ^^^^^^^^^^^^^^^^^^^^^^^^
  File "/home/airflow/.local/lib/python3.12/site-packages/airflow/utils/operator_helpers.py", line 252, in run
    return self.func(*args, **kwargs)
           ^^^^^^^^^^^^^^^^^^^^^^^^^^
  File "/home/airflow/.local/lib/python3.12/site-packages/airflow/models/baseoperator.py", line 422, in wrapper
    return func(self, *args, **kwargs)
           ^^^^^^^^^^^^^^^^^^^^^^^^^^^
  File "/home/airflow/.local/lib/python3.12/site-packages/airflow/operators/bash.py", line 276, in execute
    raise AirflowException(
airflow.exceptions.AirflowException: Bash command failed. The command returned a non-zero exit code 1.
[2026-08-31T19:34:39.081+0000] {local_task_job_runner.py:266} INFO - Task exited with return code 1
[2026-08-31T19:34:39.106+0000] {taskinstance.py:3895} INFO - 0 downstream tasks scheduled from follow-on schedule check
[2026-08-31T19:34:39.111+0000] {local_task_job_runner.py:245} INFO - ::endgroup::
