[2026-09-02T14:59:32.064+0000] {local_task_job_runner.py:123} INFO - ::group::Pre task execution logs
[2026-09-02T14:59:32.137+0000] {taskinstance.py:2613} INFO - Dependencies all met for dep_context=non-requeueable deps ti=<TaskInstance: etl_pipeline.dim_date manual__2026-09-02T14:59:18.990001+00:00 [queued]>
[2026-09-02T14:59:32.162+0000] {taskinstance.py:2613} INFO - Dependencies all met for dep_context=requeueable deps ti=<TaskInstance: etl_pipeline.dim_date manual__2026-09-02T14:59:18.990001+00:00 [queued]>
[2026-09-02T14:59:32.164+0000] {taskinstance.py:2866} INFO - Starting attempt 1 of 1
[2026-09-02T14:59:32.202+0000] {taskinstance.py:2889} INFO - Executing <Task(BashOperator): dim_date> on 2026-09-02 14:59:18.990001+00:00
[2026-09-02T14:59:32.225+0000] {standard_task_runner.py:104} INFO - Running: ['airflow', 'tasks', 'run', 'etl_pipeline', 'dim_date', 'manual__2026-09-02T14:59:18.990001+00:00', '--job-id', '109', '--raw', '--subdir', 'DAGS_FOLDER/sales_etl_dag.py', '--cfg-path', '/tmp/tmp4h09x7_w']
[2026-09-02T14:59:32.248+0000] {standard_task_runner.py:105} INFO - Job 109: Subtask dim_date
[2026-09-02T14:59:32.252+0000] {logging_mixin.py:190} WARNING - /home/airflow/.local/lib/python3.12/site-packages/airflow/task/task_runner/standard_task_runner.py:70 DeprecationWarning: This process (pid=221) is multi-threaded, use of fork() may lead to deadlocks in the child.
[2026-09-02T14:59:32.254+0000] {standard_task_runner.py:72} INFO - Started process 223 to run task
[2026-09-02T14:59:32.550+0000] {task_command.py:467} INFO - Running <TaskInstance: etl_pipeline.dim_date manual__2026-09-02T14:59:18.990001+00:00 [running]> on host 62d0451776ea
[2026-09-02T14:59:33.252+0000] {taskinstance.py:3132} INFO - Exporting env vars: AIRFLOW_CTX_DAG_OWNER='airflow' AIRFLOW_CTX_DAG_ID='etl_pipeline' AIRFLOW_CTX_TASK_ID='dim_date' AIRFLOW_CTX_EXECUTION_DATE='2026-09-02T14:59:18.990001+00:00' AIRFLOW_CTX_TRY_NUMBER='1' AIRFLOW_CTX_DAG_RUN_ID='manual__2026-09-02T14:59:18.990001+00:00'
[2026-09-02T14:59:33.255+0000] {taskinstance.py:731} INFO - ::endgroup::
[2026-09-02T14:59:33.368+0000] {subprocess.py:78} INFO - Tmp dir root location: /tmp
[2026-09-02T14:59:33.374+0000] {subprocess.py:88} INFO - Running command: ['/usr/bin/bash', '-c', 'PYTHONPATH=/opt/airflow/src python -m warehouse.dim_date']
[2026-09-02T14:59:33.483+0000] {subprocess.py:99} INFO - Output:
[2026-09-02T14:59:40.081+0000] {subprocess.py:106} INFO - Traceback (most recent call last):
[2026-09-02T14:59:40.083+0000] {subprocess.py:106} INFO -   File "/home/airflow/.local/lib/python3.12/site-packages/sqlalchemy/engine/base.py", line 1910, in _execute_context
[2026-09-02T14:59:40.084+0000] {subprocess.py:106} INFO -     self.dialect.do_execute(
[2026-09-02T14:59:40.085+0000] {subprocess.py:106} INFO -   File "/home/airflow/.local/lib/python3.12/site-packages/sqlalchemy/engine/default.py", line 736, in do_execute
[2026-09-02T14:59:40.086+0000] {subprocess.py:106} INFO -     cursor.execute(statement, parameters)
[2026-09-02T14:59:40.087+0000] {subprocess.py:106} INFO - psycopg2.errors.UndefinedTable: relation "stg_orders" does not exist
[2026-09-02T14:59:40.088+0000] {subprocess.py:106} INFO - LINE 5:             FROM stg_orders
[2026-09-02T14:59:40.089+0000] {subprocess.py:106} INFO -                          ^
[2026-09-02T14:59:40.090+0000] {subprocess.py:106} INFO - 
[2026-09-02T14:59:40.091+0000] {subprocess.py:106} INFO - 
[2026-09-02T14:59:40.092+0000] {subprocess.py:106} INFO - The above exception was the direct cause of the following exception:
[2026-09-02T14:59:40.099+0000] {subprocess.py:106} INFO - 
[2026-09-02T14:59:40.100+0000] {subprocess.py:106} INFO - Traceback (most recent call last):
[2026-09-02T14:59:40.101+0000] {subprocess.py:106} INFO -   File "<frozen runpy>", line 198, in _run_module_as_main
[2026-09-02T14:59:40.103+0000] {subprocess.py:106} INFO -   File "<frozen runpy>", line 88, in _run_code
[2026-09-02T14:59:40.104+0000] {subprocess.py:106} INFO -   File "/opt/airflow/src/warehouse/dim_date.py", line 19, in <module>
[2026-09-02T14:59:40.105+0000] {subprocess.py:106} INFO -     result=connection.execute(
[2026-09-02T14:59:40.106+0000] {subprocess.py:106} INFO -            ^^^^^^^^^^^^^^^^^^^
[2026-09-02T14:59:40.107+0000] {subprocess.py:106} INFO -   File "/home/airflow/.local/lib/python3.12/site-packages/sqlalchemy/engine/base.py", line 1385, in execute
[2026-09-02T14:59:40.108+0000] {subprocess.py:106} INFO -     return meth(self, multiparams, params, _EMPTY_EXECUTION_OPTS)
[2026-09-02T14:59:40.109+0000] {subprocess.py:106} INFO -            ^^^^^^^^^^^^^^^^^^^^^^^^^^^^^^^^^^^^^^^^^^^^^^^^^^^^^^
[2026-09-02T14:59:40.110+0000] {subprocess.py:106} INFO -   File "/home/airflow/.local/lib/python3.12/site-packages/sqlalchemy/sql/elements.py", line 334, in _execute_on_connection
[2026-09-02T14:59:40.112+0000] {subprocess.py:106} INFO -     return connection._execute_clauseelement(
[2026-09-02T14:59:40.113+0000] {subprocess.py:106} INFO -            ^^^^^^^^^^^^^^^^^^^^^^^^^^^^^^^^^^
[2026-09-02T14:59:40.114+0000] {subprocess.py:106} INFO -   File "/home/airflow/.local/lib/python3.12/site-packages/sqlalchemy/engine/base.py", line 1577, in _execute_clauseelement
[2026-09-02T14:59:40.115+0000] {subprocess.py:106} INFO -     ret = self._execute_context(
[2026-09-02T14:59:40.115+0000] {subprocess.py:106} INFO -           ^^^^^^^^^^^^^^^^^^^^^^
[2026-09-02T14:59:40.116+0000] {subprocess.py:106} INFO -   File "/home/airflow/.local/lib/python3.12/site-packages/sqlalchemy/engine/base.py", line 1953, in _execute_context
[2026-09-02T14:59:40.117+0000] {subprocess.py:106} INFO -     self._handle_dbapi_exception(
[2026-09-02T14:59:40.118+0000] {subprocess.py:106} INFO -   File "/home/airflow/.local/lib/python3.12/site-packages/sqlalchemy/engine/base.py", line 2134, in _handle_dbapi_exception
[2026-09-02T14:59:40.119+0000] {subprocess.py:106} INFO -     util.raise_(
[2026-09-02T14:59:40.120+0000] {subprocess.py:106} INFO -   File "/home/airflow/.local/lib/python3.12/site-packages/sqlalchemy/util/compat.py", line 211, in raise_
[2026-09-02T14:59:40.122+0000] {subprocess.py:106} INFO -     raise exception
[2026-09-02T14:59:40.123+0000] {subprocess.py:106} INFO -   File "/home/airflow/.local/lib/python3.12/site-packages/sqlalchemy/engine/base.py", line 1910, in _execute_context
[2026-09-02T14:59:40.124+0000] {subprocess.py:106} INFO -     self.dialect.do_execute(
[2026-09-02T14:59:40.124+0000] {subprocess.py:106} INFO -   File "/home/airflow/.local/lib/python3.12/site-packages/sqlalchemy/engine/default.py", line 736, in do_execute
[2026-09-02T14:59:40.125+0000] {subprocess.py:106} INFO -     cursor.execute(statement, parameters)
[2026-09-02T14:59:40.126+0000] {subprocess.py:106} INFO - sqlalchemy.exc.ProgrammingError: (psycopg2.errors.UndefinedTable) relation "stg_orders" does not exist
[2026-09-02T14:59:40.127+0000] {subprocess.py:106} INFO - LINE 5:             FROM stg_orders
[2026-09-02T14:59:40.128+0000] {subprocess.py:106} INFO -                          ^
[2026-09-02T14:59:40.129+0000] {subprocess.py:106} INFO - 
[2026-09-02T14:59:40.130+0000] {subprocess.py:106} INFO - [SQL:
[2026-09-02T14:59:40.130+0000] {subprocess.py:106} INFO -             SELECT
[2026-09-02T14:59:40.131+0000] {subprocess.py:106} INFO -                 MIN(order_purchase_timestamp)::DATE AS start_date,
[2026-09-02T14:59:40.132+0000] {subprocess.py:106} INFO -                 MAX(order_purchase_timestamp)::DATE AS end_date
[2026-09-02T14:59:40.133+0000] {subprocess.py:106} INFO -             FROM stg_orders
[2026-09-02T14:59:40.134+0000] {subprocess.py:106} INFO -         ]
[2026-09-02T14:59:40.135+0000] {subprocess.py:106} INFO - (Background on this error at: https://sqlalche.me/e/14/f405)
[2026-09-02T14:59:40.300+0000] {subprocess.py:110} INFO - Command exited with return code 1
[2026-09-02T14:59:40.327+0000] {taskinstance.py:3311} ERROR - Task failed with exception
Traceback (most recent call last):
  File "/home/airflow/.local/lib/python3.12/site-packages/airflow/models/taskinstance.py", line 767, in _execute_task
    result = _execute_callable(context=context, **execute_callable_kwargs)
             ^^^^^^^^^^^^^^^^^^^^^^^^^^^^^^^^^^^^^^^^^^^^^^^^^^^^^^^^^^^^^
  File "/home/airflow/.local/lib/python3.12/site-packages/airflow/models/taskinstance.py", line 733, in _execute_callable
    return ExecutionCallableRunner(
           ^^^^^^^^^^^^^^^^^^^^^^^^
  File "/home/airflow/.local/lib/python3.12/site-packages/airflow/utils/operator_helpers.py", line 252, in run
    return self.func(*args, **kwargs)
           ^^^^^^^^^^^^^^^^^^^^^^^^^^
  File "/home/airflow/.local/lib/python3.12/site-packages/airflow/models/baseoperator.py", line 422, in wrapper
    return func(self, *args, **kwargs)
           ^^^^^^^^^^^^^^^^^^^^^^^^^^^
  File "/home/airflow/.local/lib/python3.12/site-packages/airflow/operators/bash.py", line 276, in execute
    raise AirflowException(
airflow.exceptions.AirflowException: Bash command failed. The command returned a non-zero exit code 1.
[2026-09-02T14:59:40.340+0000] {taskinstance.py:1225} INFO - Marking task as FAILED. dag_id=etl_pipeline, task_id=dim_date, run_id=manual__2026-09-02T14:59:18.990001+00:00, execution_date=20260902T145918, start_date=20260902T145932, end_date=20260902T145940
[2026-09-02T14:59:40.368+0000] {taskinstance.py:340} INFO - ::group::Post task execution logs
[2026-09-02T14:59:40.369+0000] {standard_task_runner.py:124} ERROR - Failed to execute job 109 for task dim_date (Bash command failed. The command returned a non-zero exit code 1.; 223)
Traceback (most recent call last):
  File "/home/airflow/.local/lib/python3.12/site-packages/airflow/task/task_runner/standard_task_runner.py", line 117, in _start_by_fork
    ret = args.func(args, dag=self.dag)
          ^^^^^^^^^^^^^^^^^^^^^^^^^^^^^
  File "/home/airflow/.local/lib/python3.12/site-packages/airflow/cli/cli_config.py", line 49, in command
    return func(*args, **kwargs)
           ^^^^^^^^^^^^^^^^^^^^^
  File "/home/airflow/.local/lib/python3.12/site-packages/airflow/utils/cli.py", line 116, in wrapper
    return f(*args, **kwargs)
           ^^^^^^^^^^^^^^^^^^
  File "/home/airflow/.local/lib/python3.12/site-packages/airflow/cli/commands/task_command.py", line 483, in task_run
    task_return_code = _run_task_by_selected_method(args, _dag, ti)
                       ^^^^^^^^^^^^^^^^^^^^^^^^^^^^^^^^^^^^^^^^^^^^
  File "/home/airflow/.local/lib/python3.12/site-packages/airflow/cli/commands/task_command.py", line 256, in _run_task_by_selected_method
    return _run_raw_task(args, ti)
           ^^^^^^^^^^^^^^^^^^^^^^^
  File "/home/airflow/.local/lib/python3.12/site-packages/airflow/cli/commands/task_command.py", line 341, in _run_raw_task
    return ti._run_raw_task(
           ^^^^^^^^^^^^^^^^^
  File "/home/airflow/.local/lib/python3.12/site-packages/airflow/utils/session.py", line 97, in wrapper
    return func(*args, session=session, **kwargs)
           ^^^^^^^^^^^^^^^^^^^^^^^^^^^^^^^^^^^^^^
  File "/home/airflow/.local/lib/python3.12/site-packages/airflow/models/taskinstance.py", line 3005, in _run_raw_task
    return _run_raw_task(
           ^^^^^^^^^^^^^^
  File "/home/airflow/.local/lib/python3.12/site-packages/airflow/models/taskinstance.py", line 273, in _run_raw_task
    TaskInstance._execute_task_with_callbacks(
  File "/home/airflow/.local/lib/python3.12/site-packages/airflow/models/taskinstance.py", line 3159, in _execute_task_with_callbacks
    result = self._execute_task(context, task_orig)
             ^^^^^^^^^^^^^^^^^^^^^^^^^^^^^^^^^^^^^^
  File "/home/airflow/.local/lib/python3.12/site-packages/airflow/models/taskinstance.py", line 3183, in _execute_task
    return _execute_task(self, context, task_orig)
           ^^^^^^^^^^^^^^^^^^^^^^^^^^^^^^^^^^^^^^^
  File "/home/airflow/.local/lib/python3.12/site-packages/airflow/models/taskinstance.py", line 767, in _execute_task
    result = _execute_callable(context=context, **execute_callable_kwargs)
             ^^^^^^^^^^^^^^^^^^^^^^^^^^^^^^^^^^^^^^^^^^^^^^^^^^^^^^^^^^^^^
  File "/home/airflow/.local/lib/python3.12/site-packages/airflow/models/taskinstance.py", line 733, in _execute_callable
    return ExecutionCallableRunner(
           ^^^^^^^^^^^^^^^^^^^^^^^^
  File "/home/airflow/.local/lib/python3.12/site-packages/airflow/utils/operator_helpers.py", line 252, in run
    return self.func(*args, **kwargs)
           ^^^^^^^^^^^^^^^^^^^^^^^^^^
  File "/home/airflow/.local/lib/python3.12/site-packages/airflow/models/baseoperator.py", line 422, in wrapper
    return func(self, *args, **kwargs)
           ^^^^^^^^^^^^^^^^^^^^^^^^^^^
  File "/home/airflow/.local/lib/python3.12/site-packages/airflow/operators/bash.py", line 276, in execute
    raise AirflowException(
airflow.exceptions.AirflowException: Bash command failed. The command returned a non-zero exit code 1.
[2026-09-02T14:59:40.406+0000] {local_task_job_runner.py:266} INFO - Task exited with return code 1
[2026-09-02T14:59:40.429+0000] {local_task_job_runner.py:245} INFO - ::endgroup::
