[2026-08-31T19:15:31.664+0000] {local_task_job_runner.py:123} INFO - ::group::Pre task execution logs
[2026-08-31T19:15:31.689+0000] {taskinstance.py:2613} INFO - Dependencies all met for dep_context=non-requeueable deps ti=<TaskInstance: etl_pipeline.dim_customer manual__2026-08-31T19:15:24.761441+00:00 [queued]>
[2026-08-31T19:15:31.701+0000] {taskinstance.py:2613} INFO - Dependencies all met for dep_context=requeueable deps ti=<TaskInstance: etl_pipeline.dim_customer manual__2026-08-31T19:15:24.761441+00:00 [queued]>
[2026-08-31T19:15:31.702+0000] {taskinstance.py:2866} INFO - Starting attempt 1 of 1
[2026-08-31T19:15:31.719+0000] {taskinstance.py:2889} INFO - Executing <Task(BashOperator): dim_customer> on 2026-08-31 19:15:24.761441+00:00
[2026-08-31T19:15:31.734+0000] {standard_task_runner.py:104} INFO - Running: ['airflow', 'tasks', 'run', 'etl_pipeline', 'dim_customer', 'manual__2026-08-31T19:15:24.761441+00:00', '--job-id', '24', '--raw', '--subdir', 'DAGS_FOLDER/sales_etl_dag.py', '--cfg-path', '/tmp/tmp5_kbqwfj']
[2026-08-31T19:15:31.738+0000] {standard_task_runner.py:105} INFO - Job 24: Subtask dim_customer
[2026-08-31T19:15:31.738+0000] {logging_mixin.py:190} WARNING - /home/airflow/.local/lib/python3.12/site-packages/airflow/task/task_runner/standard_task_runner.py:70 DeprecationWarning: This process (pid=612) is multi-threaded, use of fork() may lead to deadlocks in the child.
[2026-08-31T19:15:31.739+0000] {standard_task_runner.py:72} INFO - Started process 614 to run task
[2026-08-31T19:15:31.837+0000] {task_command.py:467} INFO - Running <TaskInstance: etl_pipeline.dim_customer manual__2026-08-31T19:15:24.761441+00:00 [running]> on host f252e9273545
[2026-08-31T19:15:31.938+0000] {taskinstance.py:3132} INFO - Exporting env vars: AIRFLOW_CTX_DAG_OWNER='airflow' AIRFLOW_CTX_DAG_ID='etl_pipeline' AIRFLOW_CTX_TASK_ID='dim_customer' AIRFLOW_CTX_EXECUTION_DATE='2026-08-31T19:15:24.761441+00:00' AIRFLOW_CTX_TRY_NUMBER='1' AIRFLOW_CTX_DAG_RUN_ID='manual__2026-08-31T19:15:24.761441+00:00'
[2026-08-31T19:15:31.940+0000] {taskinstance.py:731} INFO - ::endgroup::
[2026-08-31T19:15:31.964+0000] {subprocess.py:78} INFO - Tmp dir root location: /tmp
[2026-08-31T19:15:31.965+0000] {subprocess.py:88} INFO - Running command: ['/usr/bin/bash', '-c', 'PYTHONPATH=/opt/airflow/src python -m warehouse.dim_customer']
[2026-08-31T19:15:31.985+0000] {subprocess.py:99} INFO - Output:
[2026-08-31T19:15:33.770+0000] {subprocess.py:106} INFO - Traceback (most recent call last):
[2026-08-31T19:15:33.771+0000] {subprocess.py:106} INFO -   File "/home/airflow/.local/lib/python3.12/site-packages/sqlalchemy/engine/base.py", line 3371, in _wrap_pool_connect
[2026-08-31T19:15:33.772+0000] {subprocess.py:106} INFO -     return fn()
[2026-08-31T19:15:33.772+0000] {subprocess.py:106} INFO -            ^^^^
[2026-08-31T19:15:33.773+0000] {subprocess.py:106} INFO -   File "/home/airflow/.local/lib/python3.12/site-packages/sqlalchemy/pool/base.py", line 327, in connect
[2026-08-31T19:15:33.773+0000] {subprocess.py:106} INFO -     return _ConnectionFairy._checkout(self)
[2026-08-31T19:15:33.774+0000] {subprocess.py:106} INFO -            ^^^^^^^^^^^^^^^^^^^^^^^^^^^^^^^^
[2026-08-31T19:15:33.774+0000] {subprocess.py:106} INFO -   File "/home/airflow/.local/lib/python3.12/site-packages/sqlalchemy/pool/base.py", line 894, in _checkout
[2026-08-31T19:15:33.775+0000] {subprocess.py:106} INFO -     fairy = _ConnectionRecord.checkout(pool)
[2026-08-31T19:15:33.776+0000] {subprocess.py:106} INFO -             ^^^^^^^^^^^^^^^^^^^^^^^^^^^^^^^^
[2026-08-31T19:15:33.776+0000] {subprocess.py:106} INFO -   File "/home/airflow/.local/lib/python3.12/site-packages/sqlalchemy/pool/base.py", line 493, in checkout
[2026-08-31T19:15:33.776+0000] {subprocess.py:106} INFO -     rec = pool._do_get()
[2026-08-31T19:15:33.777+0000] {subprocess.py:106} INFO -           ^^^^^^^^^^^^^^
[2026-08-31T19:15:33.777+0000] {subprocess.py:106} INFO -   File "/home/airflow/.local/lib/python3.12/site-packages/sqlalchemy/pool/impl.py", line 145, in _do_get
[2026-08-31T19:15:33.778+0000] {subprocess.py:106} INFO -     with util.safe_reraise():
[2026-08-31T19:15:33.778+0000] {subprocess.py:106} INFO -          ^^^^^^^^^^^^^^^^^^^
[2026-08-31T19:15:33.779+0000] {subprocess.py:106} INFO -   File "/home/airflow/.local/lib/python3.12/site-packages/sqlalchemy/util/langhelpers.py", line 70, in __exit__
[2026-08-31T19:15:33.779+0000] {subprocess.py:106} INFO -     compat.raise_(
[2026-08-31T19:15:33.779+0000] {subprocess.py:106} INFO -   File "/home/airflow/.local/lib/python3.12/site-packages/sqlalchemy/util/compat.py", line 211, in raise_
[2026-08-31T19:15:33.780+0000] {subprocess.py:106} INFO -     raise exception
[2026-08-31T19:15:33.780+0000] {subprocess.py:106} INFO -   File "/home/airflow/.local/lib/python3.12/site-packages/sqlalchemy/pool/impl.py", line 143, in _do_get
[2026-08-31T19:15:33.781+0000] {subprocess.py:106} INFO -     return self._create_connection()
[2026-08-31T19:15:33.781+0000] {subprocess.py:106} INFO -            ^^^^^^^^^^^^^^^^^^^^^^^^^
[2026-08-31T19:15:33.782+0000] {subprocess.py:106} INFO -   File "/home/airflow/.local/lib/python3.12/site-packages/sqlalchemy/pool/base.py", line 273, in _create_connection
[2026-08-31T19:15:33.782+0000] {subprocess.py:106} INFO -     return _ConnectionRecord(self)
[2026-08-31T19:15:33.783+0000] {subprocess.py:106} INFO -            ^^^^^^^^^^^^^^^^^^^^^^^
[2026-08-31T19:15:33.783+0000] {subprocess.py:106} INFO -   File "/home/airflow/.local/lib/python3.12/site-packages/sqlalchemy/pool/base.py", line 388, in __init__
[2026-08-31T19:15:33.783+0000] {subprocess.py:106} INFO -     self.__connect()
[2026-08-31T19:15:33.784+0000] {subprocess.py:106} INFO -   File "/home/airflow/.local/lib/python3.12/site-packages/sqlalchemy/pool/base.py", line 690, in __connect
[2026-08-31T19:15:33.785+0000] {subprocess.py:106} INFO -     with util.safe_reraise():
[2026-08-31T19:15:33.785+0000] {subprocess.py:106} INFO -          ^^^^^^^^^^^^^^^^^^^
[2026-08-31T19:15:33.785+0000] {subprocess.py:106} INFO -   File "/home/airflow/.local/lib/python3.12/site-packages/sqlalchemy/util/langhelpers.py", line 70, in __exit__
[2026-08-31T19:15:33.786+0000] {subprocess.py:106} INFO -     compat.raise_(
[2026-08-31T19:15:33.787+0000] {subprocess.py:106} INFO -   File "/home/airflow/.local/lib/python3.12/site-packages/sqlalchemy/util/compat.py", line 211, in raise_
[2026-08-31T19:15:33.788+0000] {subprocess.py:106} INFO -     raise exception
[2026-08-31T19:15:33.789+0000] {subprocess.py:106} INFO -   File "/home/airflow/.local/lib/python3.12/site-packages/sqlalchemy/pool/base.py", line 686, in __connect
[2026-08-31T19:15:33.790+0000] {subprocess.py:106} INFO -     self.dbapi_connection = connection = pool._invoke_creator(self)
[2026-08-31T19:15:33.790+0000] {subprocess.py:106} INFO -                                          ^^^^^^^^^^^^^^^^^^^^^^^^^^
[2026-08-31T19:15:33.791+0000] {subprocess.py:106} INFO -   File "/home/airflow/.local/lib/python3.12/site-packages/sqlalchemy/engine/create.py", line 574, in connect
[2026-08-31T19:15:33.792+0000] {subprocess.py:106} INFO -     return dialect.connect(*cargs, **cparams)
[2026-08-31T19:15:33.792+0000] {subprocess.py:106} INFO -            ^^^^^^^^^^^^^^^^^^^^^^^^^^^^^^^^^^
[2026-08-31T19:15:33.793+0000] {subprocess.py:106} INFO -   File "/home/airflow/.local/lib/python3.12/site-packages/sqlalchemy/engine/default.py", line 598, in connect
[2026-08-31T19:15:33.794+0000] {subprocess.py:106} INFO -     return self.dbapi.connect(*cargs, **cparams)
[2026-08-31T19:15:33.794+0000] {subprocess.py:106} INFO -            ^^^^^^^^^^^^^^^^^^^^^^^^^^^^^^^^^^^^^
[2026-08-31T19:15:33.795+0000] {subprocess.py:106} INFO -   File "/home/airflow/.local/lib/python3.12/site-packages/psycopg2/__init__.py", line 122, in connect
[2026-08-31T19:15:33.796+0000] {subprocess.py:106} INFO -     conn = _connect(dsn, connection_factory=connection_factory, **kwasync)
[2026-08-31T19:15:33.796+0000] {subprocess.py:106} INFO -            ^^^^^^^^^^^^^^^^^^^^^^^^^^^^^^^^^^^^^^^^^^^^^^^^^^^^^^^^^^^^^^^
[2026-08-31T19:15:33.797+0000] {subprocess.py:106} INFO - psycopg2.OperationalError: connection to server at "postgres" (172.18.0.2), port 5432 failed: FATAL:  *** authentication failed for user "None"
[2026-08-31T19:15:33.798+0000] {subprocess.py:106} INFO - 
[2026-08-31T19:15:33.799+0000] {subprocess.py:106} INFO - 
[2026-08-31T19:15:33.800+0000] {subprocess.py:106} INFO - The above exception was the direct cause of the following exception:
[2026-08-31T19:15:33.800+0000] {subprocess.py:106} INFO - 
[2026-08-31T19:15:33.801+0000] {subprocess.py:106} INFO - Traceback (most recent call last):
[2026-08-31T19:15:33.801+0000] {subprocess.py:106} INFO -   File "<frozen runpy>", line 198, in _run_module_as_main
[2026-08-31T19:15:33.802+0000] {subprocess.py:106} INFO -   File "<frozen runpy>", line 88, in _run_code
[2026-08-31T19:15:33.802+0000] {subprocess.py:106} INFO -   File "/opt/airflow/src/warehouse/dim_customer.py", line 21, in <module>
[2026-08-31T19:15:33.802+0000] {subprocess.py:106} INFO -     customers=pd.read_sql(
[2026-08-31T19:15:33.803+0000] {subprocess.py:106} INFO -               ^^^^^^^^^^^^
[2026-08-31T19:15:33.803+0000] {subprocess.py:106} INFO -   File "/home/airflow/.local/lib/python3.12/site-packages/pandas/io/sql.py", line 652, in read_sql
[2026-08-31T19:15:33.804+0000] {subprocess.py:106} INFO -     with pandasSQL_builder(con) as pandas_sql:
[2026-08-31T19:15:33.804+0000] {subprocess.py:106} INFO -          ^^^^^^^^^^^^^^^^^^^^^^
[2026-08-31T19:15:33.805+0000] {subprocess.py:106} INFO -   File "/home/airflow/.local/lib/python3.12/site-packages/pandas/io/sql.py", line 851, in pandasSQL_builder
[2026-08-31T19:15:33.805+0000] {subprocess.py:106} INFO -     return SQLDatabase(con, schema, need_transaction)
[2026-08-31T19:15:33.805+0000] {subprocess.py:106} INFO -            ^^^^^^^^^^^^^^^^^^^^^^^^^^^^^^^^^^^^^^^^^^
[2026-08-31T19:15:33.806+0000] {subprocess.py:106} INFO -   File "/home/airflow/.local/lib/python3.12/site-packages/pandas/io/sql.py", line 1576, in __init__
[2026-08-31T19:15:33.806+0000] {subprocess.py:106} INFO -     con = self.exit_stack.enter_context(con.connect())
[2026-08-31T19:15:33.807+0000] {subprocess.py:106} INFO -                                         ^^^^^^^^^^^^^
[2026-08-31T19:15:33.807+0000] {subprocess.py:106} INFO -   File "/home/airflow/.local/lib/python3.12/site-packages/sqlalchemy/engine/base.py", line 3325, in connect
[2026-08-31T19:15:33.807+0000] {subprocess.py:106} INFO -     return self._connection_cls(self, close_with_result=close_with_result)
[2026-08-31T19:15:33.808+0000] {subprocess.py:106} INFO -            ^^^^^^^^^^^^^^^^^^^^^^^^^^^^^^^^^^^^^^^^^^^^^^^^^^^^^^^^^^^^^^^
[2026-08-31T19:15:33.808+0000] {subprocess.py:106} INFO -   File "/home/airflow/.local/lib/python3.12/site-packages/sqlalchemy/engine/base.py", line 96, in __init__
[2026-08-31T19:15:33.808+0000] {subprocess.py:106} INFO -     else engine.raw_connection()
[2026-08-31T19:15:33.809+0000] {subprocess.py:106} INFO -          ^^^^^^^^^^^^^^^^^^^^^^^
[2026-08-31T19:15:33.809+0000] {subprocess.py:106} INFO -   File "/home/airflow/.local/lib/python3.12/site-packages/sqlalchemy/engine/base.py", line 3404, in raw_connection
[2026-08-31T19:15:33.810+0000] {subprocess.py:106} INFO -     return self._wrap_pool_connect(self.pool.connect, _connection)
[2026-08-31T19:15:33.810+0000] {subprocess.py:106} INFO -            ^^^^^^^^^^^^^^^^^^^^^^^^^^^^^^^^^^^^^^^^^^^^^^^^^^^^^^^
[2026-08-31T19:15:33.811+0000] {subprocess.py:106} INFO -   File "/home/airflow/.local/lib/python3.12/site-packages/sqlalchemy/engine/base.py", line 3374, in _wrap_pool_connect
[2026-08-31T19:15:33.811+0000] {subprocess.py:106} INFO -     Connection._handle_dbapi_exception_noconnection(
[2026-08-31T19:15:33.811+0000] {subprocess.py:106} INFO -   File "/home/airflow/.local/lib/python3.12/site-packages/sqlalchemy/engine/base.py", line 2208, in _handle_dbapi_exception_noconnection
[2026-08-31T19:15:33.812+0000] {subprocess.py:106} INFO -     util.raise_(
[2026-08-31T19:15:33.812+0000] {subprocess.py:106} INFO -   File "/home/airflow/.local/lib/python3.12/site-packages/sqlalchemy/util/compat.py", line 211, in raise_
[2026-08-31T19:15:33.812+0000] {subprocess.py:106} INFO -     raise exception
[2026-08-31T19:15:33.813+0000] {subprocess.py:106} INFO -   File "/home/airflow/.local/lib/python3.12/site-packages/sqlalchemy/engine/base.py", line 3371, in _wrap_pool_connect
[2026-08-31T19:15:33.813+0000] {subprocess.py:106} INFO -     return fn()
[2026-08-31T19:15:33.813+0000] {subprocess.py:106} INFO -            ^^^^
[2026-08-31T19:15:33.814+0000] {subprocess.py:106} INFO -   File "/home/airflow/.local/lib/python3.12/site-packages/sqlalchemy/pool/base.py", line 327, in connect
[2026-08-31T19:15:33.814+0000] {subprocess.py:106} INFO -     return _ConnectionFairy._checkout(self)
[2026-08-31T19:15:33.814+0000] {subprocess.py:106} INFO -            ^^^^^^^^^^^^^^^^^^^^^^^^^^^^^^^^
[2026-08-31T19:15:33.815+0000] {subprocess.py:106} INFO -   File "/home/airflow/.local/lib/python3.12/site-packages/sqlalchemy/pool/base.py", line 894, in _checkout
[2026-08-31T19:15:33.815+0000] {subprocess.py:106} INFO -     fairy = _ConnectionRecord.checkout(pool)
[2026-08-31T19:15:33.816+0000] {subprocess.py:106} INFO -             ^^^^^^^^^^^^^^^^^^^^^^^^^^^^^^^^
[2026-08-31T19:15:33.816+0000] {subprocess.py:106} INFO -   File "/home/airflow/.local/lib/python3.12/site-packages/sqlalchemy/pool/base.py", line 493, in checkout
[2026-08-31T19:15:33.816+0000] {subprocess.py:106} INFO -     rec = pool._do_get()
[2026-08-31T19:15:33.817+0000] {subprocess.py:106} INFO -           ^^^^^^^^^^^^^^
[2026-08-31T19:15:33.817+0000] {subprocess.py:106} INFO -   File "/home/airflow/.local/lib/python3.12/site-packages/sqlalchemy/pool/impl.py", line 145, in _do_get
[2026-08-31T19:15:33.818+0000] {subprocess.py:106} INFO -     with util.safe_reraise():
[2026-08-31T19:15:33.818+0000] {subprocess.py:106} INFO -          ^^^^^^^^^^^^^^^^^^^
[2026-08-31T19:15:33.819+0000] {subprocess.py:106} INFO -   File "/home/airflow/.local/lib/python3.12/site-packages/sqlalchemy/util/langhelpers.py", line 70, in __exit__
[2026-08-31T19:15:33.819+0000] {subprocess.py:106} INFO -     compat.raise_(
[2026-08-31T19:15:33.820+0000] {subprocess.py:106} INFO -   File "/home/airflow/.local/lib/python3.12/site-packages/sqlalchemy/util/compat.py", line 211, in raise_
[2026-08-31T19:15:33.821+0000] {subprocess.py:106} INFO -     raise exception
[2026-08-31T19:15:33.821+0000] {subprocess.py:106} INFO -   File "/home/airflow/.local/lib/python3.12/site-packages/sqlalchemy/pool/impl.py", line 143, in _do_get
[2026-08-31T19:15:33.822+0000] {subprocess.py:106} INFO -     return self._create_connection()
[2026-08-31T19:15:33.822+0000] {subprocess.py:106} INFO -            ^^^^^^^^^^^^^^^^^^^^^^^^^
[2026-08-31T19:15:33.823+0000] {subprocess.py:106} INFO -   File "/home/airflow/.local/lib/python3.12/site-packages/sqlalchemy/pool/base.py", line 273, in _create_connection
[2026-08-31T19:15:33.823+0000] {subprocess.py:106} INFO -     return _ConnectionRecord(self)
[2026-08-31T19:15:33.823+0000] {subprocess.py:106} INFO -            ^^^^^^^^^^^^^^^^^^^^^^^
[2026-08-31T19:15:33.824+0000] {subprocess.py:106} INFO -   File "/home/airflow/.local/lib/python3.12/site-packages/sqlalchemy/pool/base.py", line 388, in __init__
[2026-08-31T19:15:33.824+0000] {subprocess.py:106} INFO -     self.__connect()
[2026-08-31T19:15:33.825+0000] {subprocess.py:106} INFO -   File "/home/airflow/.local/lib/python3.12/site-packages/sqlalchemy/pool/base.py", line 690, in __connect
[2026-08-31T19:15:33.825+0000] {subprocess.py:106} INFO -     with util.safe_reraise():
[2026-08-31T19:15:33.826+0000] {subprocess.py:106} INFO -          ^^^^^^^^^^^^^^^^^^^
[2026-08-31T19:15:33.826+0000] {subprocess.py:106} INFO -   File "/home/airflow/.local/lib/python3.12/site-packages/sqlalchemy/util/langhelpers.py", line 70, in __exit__
[2026-08-31T19:15:33.827+0000] {subprocess.py:106} INFO -     compat.raise_(
[2026-08-31T19:15:33.827+0000] {subprocess.py:106} INFO -   File "/home/airflow/.local/lib/python3.12/site-packages/sqlalchemy/util/compat.py", line 211, in raise_
[2026-08-31T19:15:33.828+0000] {subprocess.py:106} INFO -     raise exception
[2026-08-31T19:15:33.828+0000] {subprocess.py:106} INFO -   File "/home/airflow/.local/lib/python3.12/site-packages/sqlalchemy/pool/base.py", line 686, in __connect
[2026-08-31T19:15:33.829+0000] {subprocess.py:106} INFO -     self.dbapi_connection = connection = pool._invoke_creator(self)
[2026-08-31T19:15:33.829+0000] {subprocess.py:106} INFO -                                          ^^^^^^^^^^^^^^^^^^^^^^^^^^
[2026-08-31T19:15:33.830+0000] {subprocess.py:106} INFO -   File "/home/airflow/.local/lib/python3.12/site-packages/sqlalchemy/engine/create.py", line 574, in connect
[2026-08-31T19:15:33.830+0000] {subprocess.py:106} INFO -     return dialect.connect(*cargs, **cparams)
[2026-08-31T19:15:33.831+0000] {subprocess.py:106} INFO -            ^^^^^^^^^^^^^^^^^^^^^^^^^^^^^^^^^^
[2026-08-31T19:15:33.831+0000] {subprocess.py:106} INFO -   File "/home/airflow/.local/lib/python3.12/site-packages/sqlalchemy/engine/default.py", line 598, in connect
[2026-08-31T19:15:33.832+0000] {subprocess.py:106} INFO -     return self.dbapi.connect(*cargs, **cparams)
[2026-08-31T19:15:33.832+0000] {subprocess.py:106} INFO -            ^^^^^^^^^^^^^^^^^^^^^^^^^^^^^^^^^^^^^
[2026-08-31T19:15:33.833+0000] {subprocess.py:106} INFO -   File "/home/airflow/.local/lib/python3.12/site-packages/psycopg2/__init__.py", line 122, in connect
[2026-08-31T19:15:33.833+0000] {subprocess.py:106} INFO -     conn = _connect(dsn, connection_factory=connection_factory, **kwasync)
[2026-08-31T19:15:33.833+0000] {subprocess.py:106} INFO -            ^^^^^^^^^^^^^^^^^^^^^^^^^^^^^^^^^^^^^^^^^^^^^^^^^^^^^^^^^^^^^^^
[2026-08-31T19:15:33.834+0000] {subprocess.py:106} INFO - sqlalchemy.exc.OperationalError: (psycopg2.OperationalError) connection to server at "postgres" (172.18.0.2), port 5432 failed: FATAL:  *** authentication failed for user "None"
[2026-08-31T19:15:33.834+0000] {subprocess.py:106} INFO - 
[2026-08-31T19:15:33.835+0000] {subprocess.py:106} INFO - (Background on this error at: https://sqlalche.me/e/14/e3q8)
[2026-08-31T19:15:33.926+0000] {subprocess.py:110} INFO - Command exited with return code 1
[2026-08-31T19:15:33.944+0000] {taskinstance.py:3311} ERROR - Task failed with exception
Traceback (most recent call last):
  File "/home/airflow/.local/lib/python3.12/site-packages/airflow/models/taskinstance.py", line 767, in _execute_task
    result = _execute_callable(context=context, **execute_callable_kwargs)
             ^^^^^^^^^^^^^^^^^^^^^^^^^^^^^^^^^^^^^^^^^^^^^^^^^^^^^^^^^^^^^
  File "/home/airflow/.local/lib/python3.12/site-packages/airflow/models/taskinstance.py", line 733, in _execute_callable
    return ExecutionCallableRunner(
           ^^^^^^^^^^^^^^^^^^^^^^^^
  File "/home/airflow/.local/lib/python3.12/site-packages/airflow/utils/operator_helpers.py", line 252, in run
    return self.func(*args, **kwargs)
           ^^^^^^^^^^^^^^^^^^^^^^^^^^
  File "/home/airflow/.local/lib/python3.12/site-packages/airflow/models/baseoperator.py", line 422, in wrapper
    return func(self, *args, **kwargs)
           ^^^^^^^^^^^^^^^^^^^^^^^^^^^
  File "/home/airflow/.local/lib/python3.12/site-packages/airflow/operators/bash.py", line 276, in execute
    raise AirflowException(
airflow.exceptions.AirflowException: Bash command failed. The command returned a non-zero exit code 1.
[2026-08-31T19:15:33.950+0000] {taskinstance.py:1225} INFO - Marking task as FAILED. dag_id=etl_pipeline, task_id=dim_customer, run_id=manual__2026-08-31T19:15:24.761441+00:00, execution_date=20260831T191524, start_date=20260831T191531, end_date=20260831T191533
[2026-08-31T19:15:33.967+0000] {taskinstance.py:340} INFO - ::group::Post task execution logs
[2026-08-31T19:15:33.968+0000] {standard_task_runner.py:124} ERROR - Failed to execute job 24 for task dim_customer (Bash command failed. The command returned a non-zero exit code 1.; 614)
Traceback (most recent call last):
  File "/home/airflow/.local/lib/python3.12/site-packages/airflow/task/task_runner/standard_task_runner.py", line 117, in _start_by_fork
    ret = args.func(args, dag=self.dag)
          ^^^^^^^^^^^^^^^^^^^^^^^^^^^^^
  File "/home/airflow/.local/lib/python3.12/site-packages/airflow/cli/cli_config.py", line 49, in command
    return func(*args, **kwargs)
           ^^^^^^^^^^^^^^^^^^^^^
  File "/home/airflow/.local/lib/python3.12/site-packages/airflow/utils/cli.py", line 116, in wrapper
    return f(*args, **kwargs)
           ^^^^^^^^^^^^^^^^^^
  File "/home/airflow/.local/lib/python3.12/site-packages/airflow/cli/commands/task_command.py", line 483, in task_run
    task_return_code = _run_task_by_selected_method(args, _dag, ti)
                       ^^^^^^^^^^^^^^^^^^^^^^^^^^^^^^^^^^^^^^^^^^^^
  File "/home/airflow/.local/lib/python3.12/site-packages/airflow/cli/commands/task_command.py", line 256, in _run_task_by_selected_method
    return _run_raw_task(args, ti)
           ^^^^^^^^^^^^^^^^^^^^^^^
  File "/home/airflow/.local/lib/python3.12/site-packages/airflow/cli/commands/task_command.py", line 341, in _run_raw_task
    return ti._run_raw_task(
           ^^^^^^^^^^^^^^^^^
  File "/home/airflow/.local/lib/python3.12/site-packages/airflow/utils/session.py", line 97, in wrapper
    return func(*args, session=session, **kwargs)
           ^^^^^^^^^^^^^^^^^^^^^^^^^^^^^^^^^^^^^^
  File "/home/airflow/.local/lib/python3.12/site-packages/airflow/models/taskinstance.py", line 3005, in _run_raw_task
    return _run_raw_task(
           ^^^^^^^^^^^^^^
  File "/home/airflow/.local/lib/python3.12/site-packages/airflow/models/taskinstance.py", line 273, in _run_raw_task
    TaskInstance._execute_task_with_callbacks(
  File "/home/airflow/.local/lib/python3.12/site-packages/airflow/models/taskinstance.py", line 3159, in _execute_task_with_callbacks
    result = self._execute_task(context, task_orig)
             ^^^^^^^^^^^^^^^^^^^^^^^^^^^^^^^^^^^^^^
  File "/home/airflow/.local/lib/python3.12/site-packages/airflow/models/taskinstance.py", line 3183, in _execute_task
    return _execute_task(self, context, task_orig)
           ^^^^^^^^^^^^^^^^^^^^^^^^^^^^^^^^^^^^^^^
  File "/home/airflow/.local/lib/python3.12/site-packages/airflow/models/taskinstance.py", line 767, in _execute_task
    result = _execute_callable(context=context, **execute_callable_kwargs)
             ^^^^^^^^^^^^^^^^^^^^^^^^^^^^^^^^^^^^^^^^^^^^^^^^^^^^^^^^^^^^^
  File "/home/airflow/.local/lib/python3.12/site-packages/airflow/models/taskinstance.py", line 733, in _execute_callable
    return ExecutionCallableRunner(
           ^^^^^^^^^^^^^^^^^^^^^^^^
  File "/home/airflow/.local/lib/python3.12/site-packages/airflow/utils/operator_helpers.py", line 252, in run
    return self.func(*args, **kwargs)
           ^^^^^^^^^^^^^^^^^^^^^^^^^^
  File "/home/airflow/.local/lib/python3.12/site-packages/airflow/models/baseoperator.py", line 422, in wrapper
    return func(self, *args, **kwargs)
           ^^^^^^^^^^^^^^^^^^^^^^^^^^^
  File "/home/airflow/.local/lib/python3.12/site-packages/airflow/operators/bash.py", line 276, in execute
    raise AirflowException(
airflow.exceptions.AirflowException: Bash command failed. The command returned a non-zero exit code 1.
[2026-08-31T19:15:34.011+0000] {local_task_job_runner.py:266} INFO - Task exited with return code 1
[2026-08-31T19:15:34.035+0000] {taskinstance.py:3895} INFO - 0 downstream tasks scheduled from follow-on schedule check
[2026-08-31T19:15:34.038+0000] {local_task_job_runner.py:245} INFO - ::endgroup::
