[2026-09-02T15:27:10.134+0000] {local_task_job_runner.py:123} INFO - ::group::Pre task execution logs
[2026-09-02T15:27:10.169+0000] {taskinstance.py:2613} INFO - Dependencies all met for dep_context=non-requeueable deps ti=<TaskInstance: etl_pipeline.dim_product manual__2026-09-02T15:26:59.804745+00:00 [queued]>
[2026-09-02T15:27:10.186+0000] {taskinstance.py:2613} INFO - Dependencies all met for dep_context=requeueable deps ti=<TaskInstance: etl_pipeline.dim_product manual__2026-09-02T15:26:59.804745+00:00 [queued]>
[2026-09-02T15:27:10.188+0000] {taskinstance.py:2866} INFO - Starting attempt 1 of 1
[2026-09-02T15:27:10.217+0000] {taskinstance.py:2889} INFO - Executing <Task(BashOperator): dim_product> on 2026-09-02 15:26:59.804745+00:00
[2026-09-02T15:27:10.242+0000] {standard_task_runner.py:104} INFO - Running: ['airflow', 'tasks', 'run', 'etl_pipeline', 'dim_product', 'manual__2026-09-02T15:26:59.804745+00:00', '--job-id', '124', '--raw', '--subdir', 'DAGS_FOLDER/sales_etl_dag.py', '--cfg-path', '/tmp/tmpon_2y3_9']
[2026-09-02T15:27:10.247+0000] {logging_mixin.py:190} WARNING - /home/airflow/.local/lib/python3.12/site-packages/airflow/task/task_runner/standard_task_runner.py:70 DeprecationWarning: This process (pid=664) is multi-threaded, use of fork() may lead to deadlocks in the child.
[2026-09-02T15:27:10.248+0000] {standard_task_runner.py:105} INFO - Job 124: Subtask dim_product
[2026-09-02T15:27:10.248+0000] {standard_task_runner.py:72} INFO - Started process 673 to run task
[2026-09-02T15:27:10.379+0000] {task_command.py:467} INFO - Running <TaskInstance: etl_pipeline.dim_product manual__2026-09-02T15:26:59.804745+00:00 [running]> on host 62d0451776ea
[2026-09-02T15:27:10.534+0000] {taskinstance.py:3132} INFO - Exporting env vars: AIRFLOW_CTX_DAG_OWNER='airflow' AIRFLOW_CTX_DAG_ID='etl_pipeline' AIRFLOW_CTX_TASK_ID='dim_product' AIRFLOW_CTX_EXECUTION_DATE='2026-09-02T15:26:59.804745+00:00' AIRFLOW_CTX_TRY_NUMBER='1' AIRFLOW_CTX_DAG_RUN_ID='manual__2026-09-02T15:26:59.804745+00:00'
[2026-09-02T15:27:10.536+0000] {taskinstance.py:731} INFO - ::endgroup::
[2026-09-02T15:27:10.562+0000] {subprocess.py:78} INFO - Tmp dir root location: /tmp
[2026-09-02T15:27:10.565+0000] {subprocess.py:88} INFO - Running command: ['/usr/bin/bash', '-c', 'PYTHONPATH=/opt/airflow/src python -m warehouse.dim_product']
[2026-09-02T15:27:10.580+0000] {subprocess.py:99} INFO - Output:
[2026-09-02T15:27:12.753+0000] {subprocess.py:106} INFO - Traceback (most recent call last):
[2026-09-02T15:27:12.754+0000] {subprocess.py:106} INFO -   File "/home/airflow/.local/lib/python3.12/site-packages/sqlalchemy/engine/base.py", line 1910, in _execute_context
[2026-09-02T15:27:12.755+0000] {subprocess.py:106} INFO -     self.dialect.do_execute(
[2026-09-02T15:27:12.756+0000] {subprocess.py:106} INFO -   File "/home/airflow/.local/lib/python3.12/site-packages/sqlalchemy/engine/default.py", line 736, in do_execute
[2026-09-02T15:27:12.761+0000] {subprocess.py:106} INFO -     cursor.execute(statement, parameters)
[2026-09-02T15:27:12.763+0000] {subprocess.py:106} INFO - psycopg2.errors.UndefinedTable: relation "stg_products" does not exist
[2026-09-02T15:27:12.764+0000] {subprocess.py:106} INFO - LINE 13:     FROM stg_products AS p
[2026-09-02T15:27:12.766+0000] {subprocess.py:106} INFO -                   ^
[2026-09-02T15:27:12.768+0000] {subprocess.py:106} INFO - 
[2026-09-02T15:27:12.769+0000] {subprocess.py:106} INFO - 
[2026-09-02T15:27:12.769+0000] {subprocess.py:106} INFO - The above exception was the direct cause of the following exception:
[2026-09-02T15:27:12.770+0000] {subprocess.py:106} INFO - 
[2026-09-02T15:27:12.770+0000] {subprocess.py:106} INFO - Traceback (most recent call last):
[2026-09-02T15:27:12.771+0000] {subprocess.py:106} INFO -   File "<frozen runpy>", line 198, in _run_module_as_main
[2026-09-02T15:27:12.771+0000] {subprocess.py:106} INFO -   File "<frozen runpy>", line 88, in _run_code
[2026-09-02T15:27:12.776+0000] {subprocess.py:106} INFO -   File "/opt/airflow/src/warehouse/dim_product.py", line 19, in <module>
[2026-09-02T15:27:12.777+0000] {subprocess.py:106} INFO -     products=pd.read_sql(
[2026-09-02T15:27:12.780+0000] {subprocess.py:106} INFO -              ^^^^^^^^^^^^
[2026-09-02T15:27:12.781+0000] {subprocess.py:106} INFO -   File "/home/airflow/.local/lib/python3.12/site-packages/pandas/io/sql.py", line 682, in read_sql
[2026-09-02T15:27:12.783+0000] {subprocess.py:106} INFO -     return pandas_sql.read_query(
[2026-09-02T15:27:12.784+0000] {subprocess.py:106} INFO -            ^^^^^^^^^^^^^^^^^^^^^^
[2026-09-02T15:27:12.785+0000] {subprocess.py:106} INFO -   File "/home/airflow/.local/lib/python3.12/site-packages/pandas/io/sql.py", line 1776, in read_query
[2026-09-02T15:27:12.786+0000] {subprocess.py:106} INFO -     result = self.execute(sql, params)
[2026-09-02T15:27:12.787+0000] {subprocess.py:106} INFO -              ^^^^^^^^^^^^^^^^^^^^^^^^^
[2026-09-02T15:27:12.787+0000] {subprocess.py:106} INFO -   File "/home/airflow/.local/lib/python3.12/site-packages/pandas/io/sql.py", line 1599, in execute
[2026-09-02T15:27:12.790+0000] {subprocess.py:106} INFO -     return self.con.exec_driver_sql(sql, *args)
[2026-09-02T15:27:12.792+0000] {subprocess.py:106} INFO -            ^^^^^^^^^^^^^^^^^^^^^^^^^^^^^^^^^^^^
[2026-09-02T15:27:12.795+0000] {subprocess.py:106} INFO -   File "/home/airflow/.local/lib/python3.12/site-packages/sqlalchemy/engine/base.py", line 1770, in exec_driver_sql
[2026-09-02T15:27:12.797+0000] {subprocess.py:106} INFO -     return self._exec_driver_sql(
[2026-09-02T15:27:12.799+0000] {subprocess.py:106} INFO -            ^^^^^^^^^^^^^^^^^^^^^^
[2026-09-02T15:27:12.801+0000] {subprocess.py:106} INFO -   File "/home/airflow/.local/lib/python3.12/site-packages/sqlalchemy/engine/base.py", line 1674, in _exec_driver_sql
[2026-09-02T15:27:12.802+0000] {subprocess.py:106} INFO -     ret = self._execute_context(
[2026-09-02T15:27:12.803+0000] {subprocess.py:106} INFO -           ^^^^^^^^^^^^^^^^^^^^^^
[2026-09-02T15:27:12.804+0000] {subprocess.py:106} INFO -   File "/home/airflow/.local/lib/python3.12/site-packages/sqlalchemy/engine/base.py", line 1953, in _execute_context
[2026-09-02T15:27:12.805+0000] {subprocess.py:106} INFO -     self._handle_dbapi_exception(
[2026-09-02T15:27:12.807+0000] {subprocess.py:106} INFO -   File "/home/airflow/.local/lib/python3.12/site-packages/sqlalchemy/engine/base.py", line 2134, in _handle_dbapi_exception
[2026-09-02T15:27:12.807+0000] {subprocess.py:106} INFO -     util.raise_(
[2026-09-02T15:27:12.808+0000] {subprocess.py:106} INFO -   File "/home/airflow/.local/lib/python3.12/site-packages/sqlalchemy/util/compat.py", line 211, in raise_
[2026-09-02T15:27:12.809+0000] {subprocess.py:106} INFO -     raise exception
[2026-09-02T15:27:12.810+0000] {subprocess.py:106} INFO -   File "/home/airflow/.local/lib/python3.12/site-packages/sqlalchemy/engine/base.py", line 1910, in _execute_context
[2026-09-02T15:27:12.811+0000] {subprocess.py:106} INFO -     self.dialect.do_execute(
[2026-09-02T15:27:12.813+0000] {subprocess.py:106} INFO -   File "/home/airflow/.local/lib/python3.12/site-packages/sqlalchemy/engine/default.py", line 736, in do_execute
[2026-09-02T15:27:12.814+0000] {subprocess.py:106} INFO -     cursor.execute(statement, parameters)
[2026-09-02T15:27:12.815+0000] {subprocess.py:106} INFO - sqlalchemy.exc.ProgrammingError: (psycopg2.errors.UndefinedTable) relation "stg_products" does not exist
[2026-09-02T15:27:12.816+0000] {subprocess.py:106} INFO - LINE 13:     FROM stg_products AS p
[2026-09-02T15:27:12.824+0000] {subprocess.py:106} INFO -                   ^
[2026-09-02T15:27:12.826+0000] {subprocess.py:106} INFO - 
[2026-09-02T15:27:12.828+0000] {subprocess.py:106} INFO - [SQL:
[2026-09-02T15:27:12.828+0000] {subprocess.py:106} INFO -     SELECT
[2026-09-02T15:27:12.829+0000] {subprocess.py:106} INFO -         p.product_id,
[2026-09-02T15:27:12.831+0000] {subprocess.py:106} INFO -         p.product_category_name,
[2026-09-02T15:27:12.832+0000] {subprocess.py:106} INFO -         p.product_name_lenght,
[2026-09-02T15:27:12.833+0000] {subprocess.py:106} INFO -         p.product_description_lenght,
[2026-09-02T15:27:12.834+0000] {subprocess.py:106} INFO -         p.product_photos_qty,
[2026-09-02T15:27:12.835+0000] {subprocess.py:106} INFO -         p.product_weight_g,
[2026-09-02T15:27:12.836+0000] {subprocess.py:106} INFO -         p.product_length_cm,
[2026-09-02T15:27:12.837+0000] {subprocess.py:106} INFO -         p.product_height_cm,
[2026-09-02T15:27:12.838+0000] {subprocess.py:106} INFO -         p.product_width_cm,
[2026-09-02T15:27:12.839+0000] {subprocess.py:106} INFO -         c.product_category_name_english
[2026-09-02T15:27:12.840+0000] {subprocess.py:106} INFO -     FROM stg_products AS p
[2026-09-02T15:27:12.840+0000] {subprocess.py:106} INFO -     LEFT JOIN stg_product_category_name_translation AS c
[2026-09-02T15:27:12.841+0000] {subprocess.py:106} INFO -     ON p.product_category_name=c.product_category_name
[2026-09-02T15:27:12.842+0000] {subprocess.py:106} INFO -     ]
[2026-09-02T15:27:12.842+0000] {subprocess.py:106} INFO - (Background on this error at: https://sqlalche.me/e/14/f405)
[2026-09-02T15:27:12.995+0000] {subprocess.py:110} INFO - Command exited with return code 1
[2026-09-02T15:27:13.014+0000] {taskinstance.py:3311} ERROR - Task failed with exception
Traceback (most recent call last):
  File "/home/airflow/.local/lib/python3.12/site-packages/airflow/models/taskinstance.py", line 767, in _execute_task
    result = _execute_callable(context=context, **execute_callable_kwargs)
             ^^^^^^^^^^^^^^^^^^^^^^^^^^^^^^^^^^^^^^^^^^^^^^^^^^^^^^^^^^^^^
  File "/home/airflow/.local/lib/python3.12/site-packages/airflow/models/taskinstance.py", line 733, in _execute_callable
    return ExecutionCallableRunner(
           ^^^^^^^^^^^^^^^^^^^^^^^^
  File "/home/airflow/.local/lib/python3.12/site-packages/airflow/utils/operator_helpers.py", line 252, in run
    return self.func(*args, **kwargs)
           ^^^^^^^^^^^^^^^^^^^^^^^^^^
  File "/home/airflow/.local/lib/python3.12/site-packages/airflow/models/baseoperator.py", line 422, in wrapper
    return func(self, *args, **kwargs)
           ^^^^^^^^^^^^^^^^^^^^^^^^^^^
  File "/home/airflow/.local/lib/python3.12/site-packages/airflow/operators/bash.py", line 276, in execute
    raise AirflowException(
airflow.exceptions.AirflowException: Bash command failed. The command returned a non-zero exit code 1.
[2026-09-02T15:27:13.022+0000] {taskinstance.py:1225} INFO - Marking task as FAILED. dag_id=etl_pipeline, task_id=dim_product, run_id=manual__2026-09-02T15:26:59.804745+00:00, execution_date=20260902T152659, start_date=20260902T152710, end_date=20260902T152713
[2026-09-02T15:27:13.050+0000] {taskinstance.py:340} INFO - ::group::Post task execution logs
[2026-09-02T15:27:13.051+0000] {standard_task_runner.py:124} ERROR - Failed to execute job 124 for task dim_product (Bash command failed. The command returned a non-zero exit code 1.; 673)
Traceback (most recent call last):
  File "/home/airflow/.local/lib/python3.12/site-packages/airflow/task/task_runner/standard_task_runner.py", line 117, in _start_by_fork
    ret = args.func(args, dag=self.dag)
          ^^^^^^^^^^^^^^^^^^^^^^^^^^^^^
  File "/home/airflow/.local/lib/python3.12/site-packages/airflow/cli/cli_config.py", line 49, in command
    return func(*args, **kwargs)
           ^^^^^^^^^^^^^^^^^^^^^
  File "/home/airflow/.local/lib/python3.12/site-packages/airflow/utils/cli.py", line 116, in wrapper
    return f(*args, **kwargs)
           ^^^^^^^^^^^^^^^^^^
  File "/home/airflow/.local/lib/python3.12/site-packages/airflow/cli/commands/task_command.py", line 483, in task_run
    task_return_code = _run_task_by_selected_method(args, _dag, ti)
                       ^^^^^^^^^^^^^^^^^^^^^^^^^^^^^^^^^^^^^^^^^^^^
  File "/home/airflow/.local/lib/python3.12/site-packages/airflow/cli/commands/task_command.py", line 256, in _run_task_by_selected_method
    return _run_raw_task(args, ti)
           ^^^^^^^^^^^^^^^^^^^^^^^
  File "/home/airflow/.local/lib/python3.12/site-packages/airflow/cli/commands/task_command.py", line 341, in _run_raw_task
    return ti._run_raw_task(
           ^^^^^^^^^^^^^^^^^
  File "/home/airflow/.local/lib/python3.12/site-packages/airflow/utils/session.py", line 97, in wrapper
    return func(*args, session=session, **kwargs)
           ^^^^^^^^^^^^^^^^^^^^^^^^^^^^^^^^^^^^^^
  File "/home/airflow/.local/lib/python3.12/site-packages/airflow/models/taskinstance.py", line 3005, in _run_raw_task
    return _run_raw_task(
           ^^^^^^^^^^^^^^
  File "/home/airflow/.local/lib/python3.12/site-packages/airflow/models/taskinstance.py", line 273, in _run_raw_task
    TaskInstance._execute_task_with_callbacks(
  File "/home/airflow/.local/lib/python3.12/site-packages/airflow/models/taskinstance.py", line 3159, in _execute_task_with_callbacks
    result = self._execute_task(context, task_orig)
             ^^^^^^^^^^^^^^^^^^^^^^^^^^^^^^^^^^^^^^
  File "/home/airflow/.local/lib/python3.12/site-packages/airflow/models/taskinstance.py", line 3183, in _execute_task
    return _execute_task(self, context, task_orig)
           ^^^^^^^^^^^^^^^^^^^^^^^^^^^^^^^^^^^^^^^
  File "/home/airflow/.local/lib/python3.12/site-packages/airflow/models/taskinstance.py", line 767, in _execute_task
    result = _execute_callable(context=context, **execute_callable_kwargs)
             ^^^^^^^^^^^^^^^^^^^^^^^^^^^^^^^^^^^^^^^^^^^^^^^^^^^^^^^^^^^^^
  File "/home/airflow/.local/lib/python3.12/site-packages/airflow/models/taskinstance.py", line 733, in _execute_callable
    return ExecutionCallableRunner(
           ^^^^^^^^^^^^^^^^^^^^^^^^
  File "/home/airflow/.local/lib/python3.12/site-packages/airflow/utils/operator_helpers.py", line 252, in run
    return self.func(*args, **kwargs)
           ^^^^^^^^^^^^^^^^^^^^^^^^^^
  File "/home/airflow/.local/lib/python3.12/site-packages/airflow/models/baseoperator.py", line 422, in wrapper
    return func(self, *args, **kwargs)
           ^^^^^^^^^^^^^^^^^^^^^^^^^^^
  File "/home/airflow/.local/lib/python3.12/site-packages/airflow/operators/bash.py", line 276, in execute
    raise AirflowException(
airflow.exceptions.AirflowException: Bash command failed. The command returned a non-zero exit code 1.
[2026-09-02T15:27:13.079+0000] {local_task_job_runner.py:266} INFO - Task exited with return code 1
[2026-09-02T15:27:13.111+0000] {taskinstance.py:3895} INFO - 0 downstream tasks scheduled from follow-on schedule check
[2026-09-02T15:27:13.119+0000] {local_task_job_runner.py:245} INFO - ::endgroup::
