[2026-09-23T16:46:16.917+0000] {local_task_job_runner.py:123} INFO - ::group::Pre task execution logs
[2026-09-23T16:46:16.938+0000] {taskinstance.py:2613} INFO - Dependencies all met for dep_context=non-requeueable deps ti=<TaskInstance: etl_pipeline.dim_product scheduled__2026-09-22T02:00:00+00:00 [queued]>
[2026-09-23T16:46:16.948+0000] {taskinstance.py:2613} INFO - Dependencies all met for dep_context=requeueable deps ti=<TaskInstance: etl_pipeline.dim_product scheduled__2026-09-22T02:00:00+00:00 [queued]>
[2026-09-23T16:46:16.949+0000] {taskinstance.py:2866} INFO - Starting attempt 1 of 3
[2026-09-23T16:46:16.966+0000] {taskinstance.py:2889} INFO - Executing <Task(BashOperator): dim_product> on 2026-09-22 02:00:00+00:00
[2026-09-23T16:46:16.977+0000] {standard_task_runner.py:104} INFO - Running: ['airflow', 'tasks', 'run', 'etl_pipeline', 'dim_product', 'scheduled__2026-09-22T02:00:00+00:00', '--job-id', '155', '--raw', '--subdir', 'DAGS_FOLDER/sales_etl_dag.py', '--cfg-path', '/tmp/tmpb8cvv50v']
[2026-09-23T16:46:16.980+0000] {standard_task_runner.py:105} INFO - Job 155: Subtask dim_product
[2026-09-23T16:46:16.981+0000] {logging_mixin.py:190} WARNING - /home/airflow/.local/lib/python3.12/site-packages/airflow/task/task_runner/standard_task_runner.py:70 DeprecationWarning: This process (pid=256) is multi-threaded, use of fork() may lead to deadlocks in the child.
[2026-09-23T16:46:16.982+0000] {standard_task_runner.py:72} INFO - Started process 258 to run task
[2026-09-23T16:46:17.047+0000] {task_command.py:467} INFO - Running <TaskInstance: etl_pipeline.dim_product scheduled__2026-09-22T02:00:00+00:00 [running]> on host 62d0451776ea
[2026-09-23T16:46:17.160+0000] {taskinstance.py:3132} INFO - Exporting env vars: AIRFLOW_CTX_DAG_OWNER='airflow' AIRFLOW_CTX_DAG_ID='etl_pipeline' AIRFLOW_CTX_TASK_ID='dim_product' AIRFLOW_CTX_EXECUTION_DATE='2026-09-22T02:00:00+00:00' AIRFLOW_CTX_TRY_NUMBER='1' AIRFLOW_CTX_DAG_RUN_ID='scheduled__2026-09-22T02:00:00+00:00'
[2026-09-23T16:46:17.162+0000] {taskinstance.py:731} INFO - ::endgroup::
[2026-09-23T16:46:17.181+0000] {subprocess.py:78} INFO - Tmp dir root location: /tmp
[2026-09-23T16:46:17.183+0000] {subprocess.py:88} INFO - Running command: ['/usr/bin/bash', '-c', 'PYTHONPATH=/opt/airflow/src python -m warehouse.dim_product']
[2026-09-23T16:46:17.196+0000] {subprocess.py:99} INFO - Output:
[2026-09-23T16:46:21.375+0000] {subprocess.py:106} INFO - DIMENSION TABLE CREATED
[2026-09-23T16:46:21.376+0000] {subprocess.py:106} INFO - [('public', 'dim_product')]
[2026-09-23T16:46:21.377+0000] {subprocess.py:106} INFO - (32951, 32951)
[2026-09-23T16:46:21.501+0000] {subprocess.py:110} INFO - Command exited with return code 0
[2026-09-23T16:46:21.630+0000] {taskinstance.py:340} INFO - ::group::Post task execution logs
[2026-09-23T16:46:21.631+0000] {taskinstance.py:352} INFO - Marking task as SUCCESS. dag_id=etl_pipeline, task_id=dim_product, run_id=scheduled__2026-09-22T02:00:00+00:00, execution_date=20260922T020000, start_date=20260923T164616, end_date=20260923T164621
[2026-09-23T16:46:21.697+0000] {local_task_job_runner.py:266} INFO - Task exited with return code 0
[2026-09-23T16:46:21.723+0000] {taskinstance.py:3895} INFO - 0 downstream tasks scheduled from follow-on schedule check
[2026-09-23T16:46:21.727+0000] {local_task_job_runner.py:245} INFO - ::endgroup::
