[2026-09-02T14:39:20.055+0000] {local_task_job_runner.py:123} INFO - ::group::Pre task execution logs
[2026-09-02T14:39:20.150+0000] {taskinstance.py:2613} INFO - Dependencies all met for dep_context=non-requeueable deps ti=<TaskInstance: etl_pipeline.dim_date scheduled__2026-09-01T00:00:00+00:00 [queued]>
[2026-09-02T14:39:20.193+0000] {taskinstance.py:2613} INFO - Dependencies all met for dep_context=requeueable deps ti=<TaskInstance: etl_pipeline.dim_date scheduled__2026-09-01T00:00:00+00:00 [queued]>
[2026-09-02T14:39:20.199+0000] {taskinstance.py:2866} INFO - Starting attempt 1 of 1
[2026-09-02T14:39:20.297+0000] {taskinstance.py:2889} INFO - Executing <Task(BashOperator): dim_date> on 2026-09-01 00:00:00+00:00
[2026-09-02T14:39:20.385+0000] {logging_mixin.py:190} WARNING - /home/airflow/.local/lib/python3.12/site-packages/airflow/task/task_runner/standard_task_runner.py:70 DeprecationWarning: This process (pid=249) is multi-threaded, use of fork() may lead to deadlocks in the child.
[2026-09-02T14:39:20.390+0000] {standard_task_runner.py:72} INFO - Started process 266 to run task
[2026-09-02T14:39:20.375+0000] {standard_task_runner.py:104} INFO - Running: ['airflow', 'tasks', 'run', 'etl_pipeline', 'dim_date', 'scheduled__2026-09-01T00:00:00+00:00', '--job-id', '88', '--raw', '--subdir', 'DAGS_FOLDER/sales_etl_dag.py', '--cfg-path', '/tmp/tmp5ifpu11c']
[2026-09-02T14:39:20.409+0000] {standard_task_runner.py:105} INFO - Job 88: Subtask dim_date
[2026-09-02T14:39:20.677+0000] {task_command.py:467} INFO - Running <TaskInstance: etl_pipeline.dim_date scheduled__2026-09-01T00:00:00+00:00 [running]> on host a914322f514a
[2026-09-02T14:39:21.069+0000] {taskinstance.py:3132} INFO - Exporting env vars: AIRFLOW_CTX_DAG_OWNER='airflow' AIRFLOW_CTX_DAG_ID='etl_pipeline' AIRFLOW_CTX_TASK_ID='dim_date' AIRFLOW_CTX_EXECUTION_DATE='2026-09-01T00:00:00+00:00' AIRFLOW_CTX_TRY_NUMBER='1' AIRFLOW_CTX_DAG_RUN_ID='scheduled__2026-09-01T00:00:00+00:00'
[2026-09-02T14:39:21.071+0000] {taskinstance.py:731} INFO - ::endgroup::
[2026-09-02T14:39:21.139+0000] {subprocess.py:78} INFO - Tmp dir root location: /tmp
[2026-09-02T14:39:21.159+0000] {subprocess.py:88} INFO - Running command: ['/usr/bin/bash', '-c', 'PYTHONPATH=/opt/airflow/src python -m warehouse.dim_date']
[2026-09-02T14:39:21.208+0000] {subprocess.py:99} INFO - Output:
[2026-09-02T14:39:28.164+0000] {subprocess.py:106} INFO - Traceback (most recent call last):
[2026-09-02T14:39:28.170+0000] {subprocess.py:106} INFO -   File "/home/airflow/.local/lib/python3.12/site-packages/sqlalchemy/engine/base.py", line 1910, in _execute_context
[2026-09-02T14:39:28.175+0000] {subprocess.py:106} INFO -     self.dialect.do_execute(
[2026-09-02T14:39:28.180+0000] {subprocess.py:106} INFO -   File "/home/airflow/.local/lib/python3.12/site-packages/sqlalchemy/engine/default.py", line 736, in do_execute
[2026-09-02T14:39:28.184+0000] {subprocess.py:106} INFO -     cursor.execute(statement, parameters)
[2026-09-02T14:39:28.185+0000] {subprocess.py:106} INFO - psycopg2.errors.UndefinedTable: relation "stg_orders" does not exist
[2026-09-02T14:39:28.189+0000] {subprocess.py:106} INFO - LINE 5:             FROM stg_orders
[2026-09-02T14:39:28.190+0000] {subprocess.py:106} INFO -                          ^
[2026-09-02T14:39:28.192+0000] {subprocess.py:106} INFO - 
[2026-09-02T14:39:28.193+0000] {subprocess.py:106} INFO - 
[2026-09-02T14:39:28.194+0000] {subprocess.py:106} INFO - The above exception was the direct cause of the following exception:
[2026-09-02T14:39:28.200+0000] {subprocess.py:106} INFO - 
[2026-09-02T14:39:28.203+0000] {subprocess.py:106} INFO - Traceback (most recent call last):
[2026-09-02T14:39:28.209+0000] {subprocess.py:106} INFO -   File "<frozen runpy>", line 198, in _run_module_as_main
[2026-09-02T14:39:28.210+0000] {subprocess.py:106} INFO -   File "<frozen runpy>", line 88, in _run_code
[2026-09-02T14:39:28.211+0000] {subprocess.py:106} INFO -   File "/opt/airflow/src/warehouse/dim_date.py", line 19, in <module>
[2026-09-02T14:39:28.215+0000] {subprocess.py:106} INFO -     result=connection.execute(
[2026-09-02T14:39:28.220+0000] {subprocess.py:106} INFO -            ^^^^^^^^^^^^^^^^^^^
[2026-09-02T14:39:28.221+0000] {subprocess.py:106} INFO -   File "/home/airflow/.local/lib/python3.12/site-packages/sqlalchemy/engine/base.py", line 1385, in execute
[2026-09-02T14:39:28.223+0000] {subprocess.py:106} INFO -     return meth(self, multiparams, params, _EMPTY_EXECUTION_OPTS)
[2026-09-02T14:39:28.227+0000] {subprocess.py:106} INFO -            ^^^^^^^^^^^^^^^^^^^^^^^^^^^^^^^^^^^^^^^^^^^^^^^^^^^^^^
[2026-09-02T14:39:28.236+0000] {subprocess.py:106} INFO -   File "/home/airflow/.local/lib/python3.12/site-packages/sqlalchemy/sql/elements.py", line 334, in _execute_on_connection
[2026-09-02T14:39:28.241+0000] {subprocess.py:106} INFO -     return connection._execute_clauseelement(
[2026-09-02T14:39:28.242+0000] {subprocess.py:106} INFO -            ^^^^^^^^^^^^^^^^^^^^^^^^^^^^^^^^^^
[2026-09-02T14:39:28.242+0000] {subprocess.py:106} INFO -   File "/home/airflow/.local/lib/python3.12/site-packages/sqlalchemy/engine/base.py", line 1577, in _execute_clauseelement
[2026-09-02T14:39:28.243+0000] {subprocess.py:106} INFO -     ret = self._execute_context(
[2026-09-02T14:39:28.249+0000] {subprocess.py:106} INFO -           ^^^^^^^^^^^^^^^^^^^^^^
[2026-09-02T14:39:28.250+0000] {subprocess.py:106} INFO -   File "/home/airflow/.local/lib/python3.12/site-packages/sqlalchemy/engine/base.py", line 1953, in _execute_context
[2026-09-02T14:39:28.256+0000] {subprocess.py:106} INFO -     self._handle_dbapi_exception(
[2026-09-02T14:39:28.258+0000] {subprocess.py:106} INFO -   File "/home/airflow/.local/lib/python3.12/site-packages/sqlalchemy/engine/base.py", line 2134, in _handle_dbapi_exception
[2026-09-02T14:39:28.260+0000] {subprocess.py:106} INFO -     util.raise_(
[2026-09-02T14:39:28.262+0000] {subprocess.py:106} INFO -   File "/home/airflow/.local/lib/python3.12/site-packages/sqlalchemy/util/compat.py", line 211, in raise_
[2026-09-02T14:39:28.264+0000] {subprocess.py:106} INFO -     raise exception
[2026-09-02T14:39:28.265+0000] {subprocess.py:106} INFO -   File "/home/airflow/.local/lib/python3.12/site-packages/sqlalchemy/engine/base.py", line 1910, in _execute_context
[2026-09-02T14:39:28.271+0000] {subprocess.py:106} INFO -     self.dialect.do_execute(
[2026-09-02T14:39:28.273+0000] {subprocess.py:106} INFO -   File "/home/airflow/.local/lib/python3.12/site-packages/sqlalchemy/engine/default.py", line 736, in do_execute
[2026-09-02T14:39:28.282+0000] {subprocess.py:106} INFO -     cursor.execute(statement, parameters)
[2026-09-02T14:39:28.283+0000] {subprocess.py:106} INFO - sqlalchemy.exc.ProgrammingError: (psycopg2.errors.UndefinedTable) relation "stg_orders" does not exist
[2026-09-02T14:39:28.284+0000] {subprocess.py:106} INFO - LINE 5:             FROM stg_orders
[2026-09-02T14:39:28.285+0000] {subprocess.py:106} INFO -                          ^
[2026-09-02T14:39:28.286+0000] {subprocess.py:106} INFO - 
[2026-09-02T14:39:28.290+0000] {subprocess.py:106} INFO - [SQL:
[2026-09-02T14:39:28.297+0000] {subprocess.py:106} INFO -             SELECT
[2026-09-02T14:39:28.298+0000] {subprocess.py:106} INFO -                 MIN(order_purchase_timestamp)::DATE AS start_date,
[2026-09-02T14:39:28.298+0000] {subprocess.py:106} INFO -                 MAX(order_purchase_timestamp)::DATE AS end_date
[2026-09-02T14:39:28.299+0000] {subprocess.py:106} INFO -             FROM stg_orders
[2026-09-02T14:39:28.300+0000] {subprocess.py:106} INFO -         ]
[2026-09-02T14:39:28.300+0000] {subprocess.py:106} INFO - (Background on this error at: https://sqlalche.me/e/14/f405)
[2026-09-02T14:39:28.586+0000] {subprocess.py:110} INFO - Command exited with return code 1
[2026-09-02T14:39:28.640+0000] {taskinstance.py:3311} ERROR - Task failed with exception
Traceback (most recent call last):
  File "/home/airflow/.local/lib/python3.12/site-packages/airflow/models/taskinstance.py", line 767, in _execute_task
    result = _execute_callable(context=context, **execute_callable_kwargs)
             ^^^^^^^^^^^^^^^^^^^^^^^^^^^^^^^^^^^^^^^^^^^^^^^^^^^^^^^^^^^^^
  File "/home/airflow/.local/lib/python3.12/site-packages/airflow/models/taskinstance.py", line 733, in _execute_callable
    return ExecutionCallableRunner(
           ^^^^^^^^^^^^^^^^^^^^^^^^
  File "/home/airflow/.local/lib/python3.12/site-packages/airflow/utils/operator_helpers.py", line 252, in run
    return self.func(*args, **kwargs)
           ^^^^^^^^^^^^^^^^^^^^^^^^^^
  File "/home/airflow/.local/lib/python3.12/site-packages/airflow/models/baseoperator.py", line 422, in wrapper
    return func(self, *args, **kwargs)
           ^^^^^^^^^^^^^^^^^^^^^^^^^^^
  File "/home/airflow/.local/lib/python3.12/site-packages/airflow/operators/bash.py", line 276, in execute
    raise AirflowException(
airflow.exceptions.AirflowException: Bash command failed. The command returned a non-zero exit code 1.
[2026-09-02T14:39:28.658+0000] {taskinstance.py:1225} INFO - Marking task as FAILED. dag_id=etl_pipeline, task_id=dim_date, run_id=scheduled__2026-09-01T00:00:00+00:00, execution_date=20260901T000000, start_date=20260902T143920, end_date=20260902T143928
[2026-09-02T14:39:28.693+0000] {taskinstance.py:340} INFO - ::group::Post task execution logs
[2026-09-02T14:39:28.696+0000] {standard_task_runner.py:124} ERROR - Failed to execute job 88 for task dim_date (Bash command failed. The command returned a non-zero exit code 1.; 266)
Traceback (most recent call last):
  File "/home/airflow/.local/lib/python3.12/site-packages/airflow/task/task_runner/standard_task_runner.py", line 117, in _start_by_fork
    ret = args.func(args, dag=self.dag)
          ^^^^^^^^^^^^^^^^^^^^^^^^^^^^^
  File "/home/airflow/.local/lib/python3.12/site-packages/airflow/cli/cli_config.py", line 49, in command
    return func(*args, **kwargs)
           ^^^^^^^^^^^^^^^^^^^^^
  File "/home/airflow/.local/lib/python3.12/site-packages/airflow/utils/cli.py", line 116, in wrapper
    return f(*args, **kwargs)
           ^^^^^^^^^^^^^^^^^^
  File "/home/airflow/.local/lib/python3.12/site-packages/airflow/cli/commands/task_command.py", line 483, in task_run
    task_return_code = _run_task_by_selected_method(args, _dag, ti)
                       ^^^^^^^^^^^^^^^^^^^^^^^^^^^^^^^^^^^^^^^^^^^^
  File "/home/airflow/.local/lib/python3.12/site-packages/airflow/cli/commands/task_command.py", line 256, in _run_task_by_selected_method
    return _run_raw_task(args, ti)
           ^^^^^^^^^^^^^^^^^^^^^^^
  File "/home/airflow/.local/lib/python3.12/site-packages/airflow/cli/commands/task_command.py", line 341, in _run_raw_task
    return ti._run_raw_task(
           ^^^^^^^^^^^^^^^^^
  File "/home/airflow/.local/lib/python3.12/site-packages/airflow/utils/session.py", line 97, in wrapper
    return func(*args, session=session, **kwargs)
           ^^^^^^^^^^^^^^^^^^^^^^^^^^^^^^^^^^^^^^
  File "/home/airflow/.local/lib/python3.12/site-packages/airflow/models/taskinstance.py", line 3005, in _run_raw_task
    return _run_raw_task(
           ^^^^^^^^^^^^^^
  File "/home/airflow/.local/lib/python3.12/site-packages/airflow/models/taskinstance.py", line 273, in _run_raw_task
    TaskInstance._execute_task_with_callbacks(
  File "/home/airflow/.local/lib/python3.12/site-packages/airflow/models/taskinstance.py", line 3159, in _execute_task_with_callbacks
    result = self._execute_task(context, task_orig)
             ^^^^^^^^^^^^^^^^^^^^^^^^^^^^^^^^^^^^^^
  File "/home/airflow/.local/lib/python3.12/site-packages/airflow/models/taskinstance.py", line 3183, in _execute_task
    return _execute_task(self, context, task_orig)
           ^^^^^^^^^^^^^^^^^^^^^^^^^^^^^^^^^^^^^^^
  File "/home/airflow/.local/lib/python3.12/site-packages/airflow/models/taskinstance.py", line 767, in _execute_task
    result = _execute_callable(context=context, **execute_callable_kwargs)
             ^^^^^^^^^^^^^^^^^^^^^^^^^^^^^^^^^^^^^^^^^^^^^^^^^^^^^^^^^^^^^
  File "/home/airflow/.local/lib/python3.12/site-packages/airflow/models/taskinstance.py", line 733, in _execute_callable
    return ExecutionCallableRunner(
           ^^^^^^^^^^^^^^^^^^^^^^^^
  File "/home/airflow/.local/lib/python3.12/site-packages/airflow/utils/operator_helpers.py", line 252, in run
    return self.func(*args, **kwargs)
           ^^^^^^^^^^^^^^^^^^^^^^^^^^
  File "/home/airflow/.local/lib/python3.12/site-packages/airflow/models/baseoperator.py", line 422, in wrapper
    return func(self, *args, **kwargs)
           ^^^^^^^^^^^^^^^^^^^^^^^^^^^
  File "/home/airflow/.local/lib/python3.12/site-packages/airflow/operators/bash.py", line 276, in execute
    raise AirflowException(
airflow.exceptions.AirflowException: Bash command failed. The command returned a non-zero exit code 1.
[2026-09-02T14:39:28.736+0000] {local_task_job_runner.py:266} INFO - Task exited with return code 1
[2026-09-02T14:39:28.822+0000] {taskinstance.py:3895} INFO - 0 downstream tasks scheduled from follow-on schedule check
[2026-09-02T14:39:28.827+0000] {local_task_job_runner.py:245} INFO - ::endgroup::
