[2026-09-23T16:46:16.918+0000] {local_task_job_runner.py:123} INFO - ::group::Pre task execution logs
[2026-09-23T16:46:16.942+0000] {taskinstance.py:2613} INFO - Dependencies all met for dep_context=non-requeueable deps ti=<TaskInstance: etl_pipeline.dim_customer scheduled__2026-09-22T02:00:00+00:00 [queued]>
[2026-09-23T16:46:16.954+0000] {taskinstance.py:2613} INFO - Dependencies all met for dep_context=requeueable deps ti=<TaskInstance: etl_pipeline.dim_customer scheduled__2026-09-22T02:00:00+00:00 [queued]>
[2026-09-23T16:46:16.955+0000] {taskinstance.py:2866} INFO - Starting attempt 1 of 3
[2026-09-23T16:46:16.976+0000] {taskinstance.py:2889} INFO - Executing <Task(BashOperator): dim_customer> on 2026-09-22 02:00:00+00:00
[2026-09-23T16:46:16.990+0000] {standard_task_runner.py:104} INFO - Running: ['airflow', 'tasks', 'run', 'etl_pipeline', 'dim_customer', 'scheduled__2026-09-22T02:00:00+00:00', '--job-id', '156', '--raw', '--subdir', 'DAGS_FOLDER/sales_etl_dag.py', '--cfg-path', '/tmp/tmp7nljc22j']
[2026-09-23T16:46:16.994+0000] {standard_task_runner.py:105} INFO - Job 156: Subtask dim_customer
[2026-09-23T16:46:16.995+0000] {logging_mixin.py:190} WARNING - /home/airflow/.local/lib/python3.12/site-packages/airflow/task/task_runner/standard_task_runner.py:70 DeprecationWarning: This process (pid=255) is multi-threaded, use of fork() may lead to deadlocks in the child.
[2026-09-23T16:46:16.996+0000] {standard_task_runner.py:72} INFO - Started process 263 to run task
[2026-09-23T16:46:17.057+0000] {task_command.py:467} INFO - Running <TaskInstance: etl_pipeline.dim_customer scheduled__2026-09-22T02:00:00+00:00 [running]> on host 62d0451776ea
[2026-09-23T16:46:17.184+0000] {taskinstance.py:3132} INFO - Exporting env vars: AIRFLOW_CTX_DAG_OWNER='airflow' AIRFLOW_CTX_DAG_ID='etl_pipeline' AIRFLOW_CTX_TASK_ID='dim_customer' AIRFLOW_CTX_EXECUTION_DATE='2026-09-22T02:00:00+00:00' AIRFLOW_CTX_TRY_NUMBER='1' AIRFLOW_CTX_DAG_RUN_ID='scheduled__2026-09-22T02:00:00+00:00'
[2026-09-23T16:46:17.185+0000] {taskinstance.py:731} INFO - ::endgroup::
[2026-09-23T16:46:17.202+0000] {subprocess.py:78} INFO - Tmp dir root location: /tmp
[2026-09-23T16:46:17.207+0000] {subprocess.py:88} INFO - Running command: ['/usr/bin/bash', '-c', 'PYTHONPATH=/opt/airflow/src python -m warehouse.dim_customer']
[2026-09-23T16:46:17.220+0000] {subprocess.py:99} INFO - Output:
[2026-09-23T16:46:22.483+0000] {subprocess.py:106} INFO - customer_data:
[2026-09-23T16:46:22.484+0000] {subprocess.py:106} INFO -                         customer_id  ... customer_key
[2026-09-23T16:46:22.485+0000] {subprocess.py:106} INFO - 0  06b8999e2fba1a1fbc88172c00ba8bc7  ...            1
[2026-09-23T16:46:22.486+0000] {subprocess.py:106} INFO - 1  18955e83d337fd6b2def6b18a428ac77  ...            2
[2026-09-23T16:46:22.487+0000] {subprocess.py:106} INFO - 2  4e7b3e00288586ebd08712fdd0374a03  ...            3
[2026-09-23T16:46:22.487+0000] {subprocess.py:106} INFO - 3  b2b6027bc5c5109e529d4dc6358b12c3  ...            4
[2026-09-23T16:46:22.487+0000] {subprocess.py:106} INFO - 4  4f2d8ab171c80ec8364f7c12e35b23ad  ...            5
[2026-09-23T16:46:22.488+0000] {subprocess.py:106} INFO - 
[2026-09-23T16:46:22.488+0000] {subprocess.py:106} INFO - [5 rows x 6 columns]
[2026-09-23T16:46:22.489+0000] {subprocess.py:106} INFO - (99441, 6)
[2026-09-23T16:46:22.489+0000] {subprocess.py:106} INFO - Dimension table is created
[2026-09-23T16:46:22.489+0000] {subprocess.py:106} INFO - (99441, 99441)
[2026-09-23T16:46:22.639+0000] {subprocess.py:110} INFO - Command exited with return code 0
[2026-09-23T16:46:22.690+0000] {taskinstance.py:340} INFO - ::group::Post task execution logs
[2026-09-23T16:46:22.691+0000] {taskinstance.py:352} INFO - Marking task as SUCCESS. dag_id=etl_pipeline, task_id=dim_customer, run_id=scheduled__2026-09-22T02:00:00+00:00, execution_date=20260922T020000, start_date=20260923T164616, end_date=20260923T164622
[2026-09-23T16:46:22.725+0000] {local_task_job_runner.py:266} INFO - Task exited with return code 0
[2026-09-23T16:46:22.747+0000] {taskinstance.py:3895} INFO - 1 downstream tasks scheduled from follow-on schedule check
[2026-09-23T16:46:22.752+0000] {local_task_job_runner.py:245} INFO - ::endgroup::
