[2026-09-28T18:09:34.959+0000] {local_task_job_runner.py:123} INFO - ::group::Pre task execution logs
[2026-09-28T18:09:34.984+0000] {taskinstance.py:2613} INFO - Dependencies all met for dep_context=non-requeueable deps ti=<TaskInstance: etl_pipeline.fact_table scheduled__2026-09-27T02:00:00+00:00 [queued]>
[2026-09-28T18:09:34.997+0000] {taskinstance.py:2613} INFO - Dependencies all met for dep_context=requeueable deps ti=<TaskInstance: etl_pipeline.fact_table scheduled__2026-09-27T02:00:00+00:00 [queued]>
[2026-09-28T18:09:34.998+0000] {taskinstance.py:2866} INFO - Starting attempt 1 of 3
[2026-09-28T18:09:35.019+0000] {taskinstance.py:2889} INFO - Executing <Task(BashOperator): fact_table> on 2026-09-27 02:00:00+00:00
[2026-09-28T18:09:35.030+0000] {standard_task_runner.py:104} INFO - Running: ['airflow', 'tasks', 'run', 'etl_pipeline', 'fact_table', 'scheduled__2026-09-27T02:00:00+00:00', '--job-id', '181', '--raw', '--subdir', 'DAGS_FOLDER/sales_etl_dag.py', '--cfg-path', '/tmp/tmpwp2lrgf2']
[2026-09-28T18:09:35.033+0000] {standard_task_runner.py:105} INFO - Job 181: Subtask fact_table
[2026-09-28T18:09:35.035+0000] {logging_mixin.py:190} WARNING - /home/airflow/.local/lib/python3.12/site-packages/airflow/task/task_runner/standard_task_runner.py:70 DeprecationWarning: This process (pid=372) is multi-threaded, use of fork() may lead to deadlocks in the child.
[2026-09-28T18:09:35.036+0000] {standard_task_runner.py:72} INFO - Started process 373 to run task
[2026-09-28T18:09:35.105+0000] {task_command.py:467} INFO - Running <TaskInstance: etl_pipeline.fact_table scheduled__2026-09-27T02:00:00+00:00 [running]> on host c0ac871157a5
[2026-09-28T18:09:35.233+0000] {taskinstance.py:3132} INFO - Exporting env vars: AIRFLOW_CTX_DAG_OWNER='airflow' AIRFLOW_CTX_DAG_ID='etl_pipeline' AIRFLOW_CTX_TASK_ID='fact_table' AIRFLOW_CTX_EXECUTION_DATE='2026-09-27T02:00:00+00:00' AIRFLOW_CTX_TRY_NUMBER='1' AIRFLOW_CTX_DAG_RUN_ID='scheduled__2026-09-27T02:00:00+00:00'
[2026-09-28T18:09:35.235+0000] {taskinstance.py:731} INFO - ::endgroup::
[2026-09-28T18:09:35.259+0000] {subprocess.py:78} INFO - Tmp dir root location: /tmp
[2026-09-28T18:09:35.260+0000] {subprocess.py:88} INFO - Running command: ['/usr/bin/bash', '-c', 'PYTHONPATH=/opt/airflow/src python -m warehouse.fact_table']
[2026-09-28T18:09:35.276+0000] {subprocess.py:99} INFO - Output:
[2026-09-28T18:09:41.994+0000] {subprocess.py:106} INFO - /opt/airflow/src/warehouse/fact_table.py:70: SettingWithCopyWarning:
[2026-09-28T18:09:41.996+0000] {subprocess.py:106} INFO - A value is trying to be set on a copy of a slice from a DataFrame.
[2026-09-28T18:09:41.999+0000] {subprocess.py:106} INFO - Try using .loc[row_indexer,col_indexer] = value instead
[2026-09-28T18:09:41.999+0000] {subprocess.py:106} INFO - 
[2026-09-28T18:09:42.000+0000] {subprocess.py:106} INFO - See the caveats in the documentation: https://pandas.pydata.org/pandas-docs/stable/user_guide/indexing.html#returning-a-view-versus-a-copy
[2026-09-28T18:09:42.001+0000] {subprocess.py:106} INFO -   sales_fact["sales_key"] = sales_fact.index + 1
[2026-09-28T18:09:49.678+0000] {subprocess.py:106} INFO - (112650, 112650, 15843553.239998734)
[2026-09-28T18:09:49.679+0000] {subprocess.py:106} INFO - (112650, 0, 0, 0, 0)
[2026-09-28T18:09:49.680+0000] {subprocess.py:106} INFO - (112650, 112650)
[2026-09-28T18:09:49.860+0000] {subprocess.py:110} INFO - Command exited with return code 0
[2026-09-28T18:09:49.892+0000] {taskinstance.py:340} INFO - ::group::Post task execution logs
[2026-09-28T18:09:49.893+0000] {taskinstance.py:352} INFO - Marking task as SUCCESS. dag_id=etl_pipeline, task_id=fact_table, run_id=scheduled__2026-09-27T02:00:00+00:00, execution_date=20260927T020000, start_date=20260928T180934, end_date=20260928T180949
[2026-09-28T18:09:49.919+0000] {local_task_job_runner.py:266} INFO - Task exited with return code 0
[2026-09-28T18:09:49.941+0000] {taskinstance.py:3895} INFO - 0 downstream tasks scheduled from follow-on schedule check
[2026-09-28T18:09:49.945+0000] {local_task_job_runner.py:245} INFO - ::endgroup::
