[2026-09-03T11:41:45.523+0000] {local_task_job_runner.py:123} INFO - ::group::Pre task execution logs
[2026-09-03T11:41:45.542+0000] {taskinstance.py:2613} INFO - Dependencies all met for dep_context=non-requeueable deps ti=<TaskInstance: etl_pipeline.fact_table scheduled__2026-09-02T02:00:00+00:00 [queued]>
[2026-09-03T11:41:45.554+0000] {taskinstance.py:2613} INFO - Dependencies all met for dep_context=requeueable deps ti=<TaskInstance: etl_pipeline.fact_table scheduled__2026-09-02T02:00:00+00:00 [queued]>
[2026-09-03T11:41:45.556+0000] {taskinstance.py:2866} INFO - Starting attempt 1 of 3
[2026-09-03T11:41:45.570+0000] {taskinstance.py:2889} INFO - Executing <Task(BashOperator): fact_table> on 2026-09-02 02:00:00+00:00
[2026-09-03T11:41:45.578+0000] {standard_task_runner.py:104} INFO - Running: ['airflow', 'tasks', 'run', 'etl_pipeline', 'fact_table', 'scheduled__2026-09-02T02:00:00+00:00', '--job-id', '146', '--raw', '--subdir', 'DAGS_FOLDER/sales_etl_dag.py', '--cfg-path', '/tmp/tmp3lafz4mk']
[2026-09-03T11:41:45.581+0000] {standard_task_runner.py:105} INFO - Job 146: Subtask fact_table
[2026-09-03T11:41:45.583+0000] {logging_mixin.py:190} WARNING - /home/airflow/.local/lib/python3.12/site-packages/airflow/task/task_runner/standard_task_runner.py:70 DeprecationWarning: This process (pid=1687) is multi-threaded, use of fork() may lead to deadlocks in the child.
[2026-09-03T11:41:45.584+0000] {standard_task_runner.py:72} INFO - Started process 1688 to run task
[2026-09-03T11:41:45.672+0000] {task_command.py:467} INFO - Running <TaskInstance: etl_pipeline.fact_table scheduled__2026-09-02T02:00:00+00:00 [running]> on host 62d0451776ea
[2026-09-03T11:41:45.765+0000] {taskinstance.py:3132} INFO - Exporting env vars: AIRFLOW_CTX_DAG_OWNER='airflow' AIRFLOW_CTX_DAG_ID='etl_pipeline' AIRFLOW_CTX_TASK_ID='fact_table' AIRFLOW_CTX_EXECUTION_DATE='2026-09-02T02:00:00+00:00' AIRFLOW_CTX_TRY_NUMBER='1' AIRFLOW_CTX_DAG_RUN_ID='scheduled__2026-09-02T02:00:00+00:00'
[2026-09-03T11:41:45.766+0000] {taskinstance.py:731} INFO - ::endgroup::
[2026-09-03T11:41:45.786+0000] {subprocess.py:78} INFO - Tmp dir root location: /tmp
[2026-09-03T11:41:45.788+0000] {subprocess.py:88} INFO - Running command: ['/usr/bin/bash', '-c', 'PYTHONPATH=/opt/airflow/src python -m warehouse.fact_table']
[2026-09-03T11:41:45.797+0000] {subprocess.py:99} INFO - Output:
[2026-09-03T11:41:49.360+0000] {subprocess.py:106} INFO - /opt/airflow/src/warehouse/fact_table.py:70: SettingWithCopyWarning:
[2026-09-03T11:41:49.361+0000] {subprocess.py:106} INFO - A value is trying to be set on a copy of a slice from a DataFrame.
[2026-09-03T11:41:49.361+0000] {subprocess.py:106} INFO - Try using .loc[row_indexer,col_indexer] = value instead
[2026-09-03T11:41:49.362+0000] {subprocess.py:106} INFO - 
[2026-09-03T11:41:49.362+0000] {subprocess.py:106} INFO - See the caveats in the documentation: https://pandas.pydata.org/pandas-docs/stable/user_guide/indexing.html#returning-a-view-versus-a-copy
[2026-09-03T11:41:49.363+0000] {subprocess.py:106} INFO -   sales_fact["sales_key"] = sales_fact.index + 1
[2026-09-03T11:41:54.892+0000] {subprocess.py:106} INFO - (112650, 112650, 15843553.239998734)
[2026-09-03T11:41:54.893+0000] {subprocess.py:106} INFO - (112650, 0, 0, 0, 0)
[2026-09-03T11:41:54.893+0000] {subprocess.py:106} INFO - (112650, 112650)
[2026-09-03T11:41:55.030+0000] {subprocess.py:110} INFO - Command exited with return code 0
[2026-09-03T11:41:55.063+0000] {taskinstance.py:340} INFO - ::group::Post task execution logs
[2026-09-03T11:41:55.064+0000] {taskinstance.py:352} INFO - Marking task as SUCCESS. dag_id=etl_pipeline, task_id=fact_table, run_id=scheduled__2026-09-02T02:00:00+00:00, execution_date=20260902T020000, start_date=20260903T114145, end_date=20260903T114155
[2026-09-03T11:41:55.106+0000] {local_task_job_runner.py:266} INFO - Task exited with return code 0
[2026-09-03T11:41:55.123+0000] {taskinstance.py:3895} INFO - 0 downstream tasks scheduled from follow-on schedule check
[2026-09-03T11:41:55.126+0000] {local_task_job_runner.py:245} INFO - ::endgroup::
