[2026-09-03T11:29:42.047+0000] {local_task_job_runner.py:123} INFO - ::group::Pre task execution logs
[2026-09-03T11:29:42.079+0000] {taskinstance.py:2613} INFO - Dependencies all met for dep_context=non-requeueable deps ti=<TaskInstance: etl_pipeline.dim_customer manual__2026-09-03T11:28:29.948059+00:00 [queued]>
[2026-09-03T11:29:42.089+0000] {taskinstance.py:2613} INFO - Dependencies all met for dep_context=requeueable deps ti=<TaskInstance: etl_pipeline.dim_customer manual__2026-09-03T11:28:29.948059+00:00 [queued]>
[2026-09-03T11:29:42.090+0000] {taskinstance.py:2866} INFO - Starting attempt 1 of 1
[2026-09-03T11:29:42.112+0000] {taskinstance.py:2889} INFO - Executing <Task(BashOperator): dim_customer> on 2026-09-03 11:28:29.948059+00:00
[2026-09-03T11:29:42.121+0000] {standard_task_runner.py:104} INFO - Running: ['airflow', 'tasks', 'run', 'etl_pipeline', 'dim_customer', 'manual__2026-09-03T11:28:29.948059+00:00', '--job-id', '135', '--raw', '--subdir', 'DAGS_FOLDER/sales_etl_dag.py', '--cfg-path', '/tmp/tmpd7rtonhg']
[2026-09-03T11:29:42.126+0000] {logging_mixin.py:190} WARNING - /home/airflow/.local/lib/python3.12/site-packages/airflow/task/task_runner/standard_task_runner.py:70 DeprecationWarning: This process (pid=1353) is multi-threaded, use of fork() may lead to deadlocks in the child.
[2026-09-03T11:29:42.131+0000] {standard_task_runner.py:105} INFO - Job 135: Subtask dim_customer
[2026-09-03T11:29:42.132+0000] {standard_task_runner.py:72} INFO - Started process 1358 to run task
[2026-09-03T11:29:42.239+0000] {task_command.py:467} INFO - Running <TaskInstance: etl_pipeline.dim_customer manual__2026-09-03T11:28:29.948059+00:00 [running]> on host 62d0451776ea
[2026-09-03T11:29:42.371+0000] {taskinstance.py:3132} INFO - Exporting env vars: AIRFLOW_CTX_DAG_OWNER='airflow' AIRFLOW_CTX_DAG_ID='etl_pipeline' AIRFLOW_CTX_TASK_ID='dim_customer' AIRFLOW_CTX_EXECUTION_DATE='2026-09-03T11:28:29.948059+00:00' AIRFLOW_CTX_TRY_NUMBER='1' AIRFLOW_CTX_DAG_RUN_ID='manual__2026-09-03T11:28:29.948059+00:00'
[2026-09-03T11:29:42.373+0000] {taskinstance.py:731} INFO - ::endgroup::
[2026-09-03T11:29:42.397+0000] {subprocess.py:78} INFO - Tmp dir root location: /tmp
[2026-09-03T11:29:42.399+0000] {subprocess.py:88} INFO - Running command: ['/usr/bin/bash', '-c', 'PYTHONPATH=/opt/airflow/src python -m warehouse.dim_customer']
[2026-09-03T11:29:42.419+0000] {subprocess.py:99} INFO - Output:
[2026-09-03T11:29:47.794+0000] {subprocess.py:106} INFO - customer_data:
[2026-09-03T11:29:47.796+0000] {subprocess.py:106} INFO -                         customer_id  ... customer_key
[2026-09-03T11:29:47.797+0000] {subprocess.py:106} INFO - 0  06b8999e2fba1a1fbc88172c00ba8bc7  ...            1
[2026-09-03T11:29:47.799+0000] {subprocess.py:106} INFO - 1  18955e83d337fd6b2def6b18a428ac77  ...            2
[2026-09-03T11:29:47.800+0000] {subprocess.py:106} INFO - 2  4e7b3e00288586ebd08712fdd0374a03  ...            3
[2026-09-03T11:29:47.800+0000] {subprocess.py:106} INFO - 3  b2b6027bc5c5109e529d4dc6358b12c3  ...            4
[2026-09-03T11:29:47.801+0000] {subprocess.py:106} INFO - 4  4f2d8ab171c80ec8364f7c12e35b23ad  ...            5
[2026-09-03T11:29:47.802+0000] {subprocess.py:106} INFO - 
[2026-09-03T11:29:47.802+0000] {subprocess.py:106} INFO - [5 rows x 6 columns]
[2026-09-03T11:29:47.803+0000] {subprocess.py:106} INFO - (99441, 6)
[2026-09-03T11:29:47.804+0000] {subprocess.py:106} INFO - Dimension table is created
[2026-09-03T11:29:47.805+0000] {subprocess.py:106} INFO - (99441, 99441)
[2026-09-03T11:29:47.943+0000] {subprocess.py:110} INFO - Command exited with return code 0
[2026-09-03T11:29:47.983+0000] {taskinstance.py:340} INFO - ::group::Post task execution logs
[2026-09-03T11:29:47.983+0000] {taskinstance.py:352} INFO - Marking task as SUCCESS. dag_id=etl_pipeline, task_id=dim_customer, run_id=manual__2026-09-03T11:28:29.948059+00:00, execution_date=20260903T112829, start_date=20260903T112942, end_date=20260903T112947
[2026-09-03T11:29:48.042+0000] {local_task_job_runner.py:266} INFO - Task exited with return code 0
[2026-09-03T11:29:48.069+0000] {taskinstance.py:3895} INFO - 1 downstream tasks scheduled from follow-on schedule check
[2026-09-03T11:29:48.072+0000] {local_task_job_runner.py:245} INFO - ::endgroup::
