[2026-08-31T19:15:29.798+0000] {local_task_job_runner.py:123} INFO - ::group::Pre task execution logs
[2026-08-31T19:15:29.814+0000] {taskinstance.py:2613} INFO - Dependencies all met for dep_context=non-requeueable deps ti=<TaskInstance: etl_pipeline.load_data manual__2026-08-31T19:15:24.761441+00:00 [queued]>
[2026-08-31T19:15:29.821+0000] {taskinstance.py:2613} INFO - Dependencies all met for dep_context=requeueable deps ti=<TaskInstance: etl_pipeline.load_data manual__2026-08-31T19:15:24.761441+00:00 [queued]>
[2026-08-31T19:15:29.822+0000] {taskinstance.py:2866} INFO - Starting attempt 1 of 1
[2026-08-31T19:15:29.835+0000] {taskinstance.py:2889} INFO - Executing <Task(BashOperator): load_data> on 2026-08-31 19:15:24.761441+00:00
[2026-08-31T19:15:29.843+0000] {standard_task_runner.py:104} INFO - Running: ['airflow', 'tasks', 'run', 'etl_pipeline', 'load_data', 'manual__2026-08-31T19:15:24.761441+00:00', '--job-id', '21', '--raw', '--subdir', 'DAGS_FOLDER/sales_etl_dag.py', '--cfg-path', '/tmp/tmpi0mnf6i0']
[2026-08-31T19:15:29.845+0000] {logging_mixin.py:190} WARNING - /home/airflow/.local/lib/python3.12/site-packages/airflow/task/task_runner/standard_task_runner.py:70 DeprecationWarning: This process (pid=597) is multi-threaded, use of fork() may lead to deadlocks in the child.
[2026-08-31T19:15:29.846+0000] {standard_task_runner.py:105} INFO - Job 21: Subtask load_data
[2026-08-31T19:15:29.846+0000] {standard_task_runner.py:72} INFO - Started process 598 to run task
[2026-08-31T19:15:29.913+0000] {task_command.py:467} INFO - Running <TaskInstance: etl_pipeline.load_data manual__2026-08-31T19:15:24.761441+00:00 [running]> on host f252e9273545
[2026-08-31T19:15:29.984+0000] {taskinstance.py:3132} INFO - Exporting env vars: AIRFLOW_CTX_DAG_OWNER='airflow' AIRFLOW_CTX_DAG_ID='etl_pipeline' AIRFLOW_CTX_TASK_ID='load_data' AIRFLOW_CTX_EXECUTION_DATE='2026-08-31T19:15:24.761441+00:00' AIRFLOW_CTX_TRY_NUMBER='1' AIRFLOW_CTX_DAG_RUN_ID='manual__2026-08-31T19:15:24.761441+00:00'
[2026-08-31T19:15:29.985+0000] {taskinstance.py:731} INFO - ::endgroup::
[2026-08-31T19:15:30.001+0000] {subprocess.py:78} INFO - Tmp dir root location: /tmp
[2026-08-31T19:15:30.003+0000] {subprocess.py:88} INFO - Running command: ['/usr/bin/bash', '-c', 'PYTHONPATH=/opt/airflow/src python -m load']
[2026-08-31T19:15:30.010+0000] {subprocess.py:99} INFO - Output:
[2026-08-31T19:15:31.036+0000] {subprocess.py:106} INFO - DATASETS EXTRACTED:
[2026-08-31T19:15:31.037+0000] {subprocess.py:106} INFO - dict_keys([])
[2026-08-31T19:15:31.132+0000] {subprocess.py:110} INFO - Command exited with return code 0
[2026-08-31T19:15:31.163+0000] {taskinstance.py:340} INFO - ::group::Post task execution logs
[2026-08-31T19:15:31.164+0000] {taskinstance.py:352} INFO - Marking task as SUCCESS. dag_id=etl_pipeline, task_id=load_data, run_id=manual__2026-08-31T19:15:24.761441+00:00, execution_date=20260831T191524, start_date=20260831T191529, end_date=20260831T191531
[2026-08-31T19:15:31.185+0000] {local_task_job_runner.py:266} INFO - Task exited with return code 0
[2026-08-31T19:15:31.207+0000] {taskinstance.py:3895} INFO - 4 downstream tasks scheduled from follow-on schedule check
[2026-08-31T19:15:31.210+0000] {local_task_job_runner.py:245} INFO - ::endgroup::
