[2026-09-02T14:39:19.662+0000] {local_task_job_runner.py:123} INFO - ::group::Pre task execution logs
[2026-09-02T14:39:19.728+0000] {taskinstance.py:2613} INFO - Dependencies all met for dep_context=non-requeueable deps ti=<TaskInstance: etl_pipeline.dim_seller scheduled__2026-08-31T00:00:00+00:00 [queued]>
[2026-09-02T14:39:19.752+0000] {taskinstance.py:2613} INFO - Dependencies all met for dep_context=requeueable deps ti=<TaskInstance: etl_pipeline.dim_seller scheduled__2026-08-31T00:00:00+00:00 [queued]>
[2026-09-02T14:39:19.754+0000] {taskinstance.py:2866} INFO - Starting attempt 1 of 1
[2026-09-02T14:39:19.791+0000] {taskinstance.py:2889} INFO - Executing <Task(BashOperator): dim_seller> on 2026-08-31 00:00:00+00:00
[2026-09-02T14:39:19.827+0000] {logging_mixin.py:190} WARNING - /home/airflow/.local/lib/python3.12/site-packages/airflow/task/task_runner/standard_task_runner.py:70 DeprecationWarning: This process (pid=246) is multi-threaded, use of fork() may lead to deadlocks in the child.
[2026-09-02T14:39:19.830+0000] {standard_task_runner.py:72} INFO - Started process 252 to run task
[2026-09-02T14:39:19.841+0000] {standard_task_runner.py:104} INFO - Running: ['airflow', 'tasks', 'run', 'etl_pipeline', 'dim_seller', 'scheduled__2026-08-31T00:00:00+00:00', '--job-id', '82', '--raw', '--subdir', 'DAGS_FOLDER/sales_etl_dag.py', '--cfg-path', '/tmp/tmpk4ykhf50']
[2026-09-02T14:39:19.846+0000] {standard_task_runner.py:105} INFO - Job 82: Subtask dim_seller
[2026-09-02T14:39:20.065+0000] {task_command.py:467} INFO - Running <TaskInstance: etl_pipeline.dim_seller scheduled__2026-08-31T00:00:00+00:00 [running]> on host a914322f514a
[2026-09-02T14:39:20.404+0000] {taskinstance.py:3132} INFO - Exporting env vars: AIRFLOW_CTX_DAG_OWNER='airflow' AIRFLOW_CTX_DAG_ID='etl_pipeline' AIRFLOW_CTX_TASK_ID='dim_seller' AIRFLOW_CTX_EXECUTION_DATE='2026-08-31T00:00:00+00:00' AIRFLOW_CTX_TRY_NUMBER='1' AIRFLOW_CTX_DAG_RUN_ID='scheduled__2026-08-31T00:00:00+00:00'
[2026-09-02T14:39:20.409+0000] {taskinstance.py:731} INFO - ::endgroup::
[2026-09-02T14:39:20.497+0000] {subprocess.py:78} INFO - Tmp dir root location: /tmp
[2026-09-02T14:39:20.507+0000] {subprocess.py:88} INFO - Running command: ['/usr/bin/bash', '-c', 'PYTHONPATH=/opt/airflow/src python -m warehouse.dim_seller']
[2026-09-02T14:39:20.586+0000] {subprocess.py:99} INFO - Output:
[2026-09-02T14:39:27.311+0000] {subprocess.py:106} INFO - Traceback (most recent call last):
[2026-09-02T14:39:27.331+0000] {subprocess.py:106} INFO -   File "/home/airflow/.local/lib/python3.12/site-packages/sqlalchemy/engine/base.py", line 1910, in _execute_context
[2026-09-02T14:39:27.336+0000] {subprocess.py:106} INFO -     self.dialect.do_execute(
[2026-09-02T14:39:27.348+0000] {subprocess.py:106} INFO -   File "/home/airflow/.local/lib/python3.12/site-packages/sqlalchemy/engine/default.py", line 736, in do_execute
[2026-09-02T14:39:27.349+0000] {subprocess.py:106} INFO -     cursor.execute(statement, parameters)
[2026-09-02T14:39:27.354+0000] {subprocess.py:106} INFO - psycopg2.errors.UndefinedTable: relation "stg_sellers" does not exist
[2026-09-02T14:39:27.358+0000] {subprocess.py:106} INFO - LINE 7:     FROM stg_sellers
[2026-09-02T14:39:27.366+0000] {subprocess.py:106} INFO -                  ^
[2026-09-02T14:39:27.377+0000] {subprocess.py:106} INFO - 
[2026-09-02T14:39:27.378+0000] {subprocess.py:106} INFO - 
[2026-09-02T14:39:27.383+0000] {subprocess.py:106} INFO - The above exception was the direct cause of the following exception:
[2026-09-02T14:39:27.387+0000] {subprocess.py:106} INFO - 
[2026-09-02T14:39:27.388+0000] {subprocess.py:106} INFO - Traceback (most recent call last):
[2026-09-02T14:39:27.389+0000] {subprocess.py:106} INFO -   File "<frozen runpy>", line 198, in _run_module_as_main
[2026-09-02T14:39:27.399+0000] {subprocess.py:106} INFO -   File "<frozen runpy>", line 88, in _run_code
[2026-09-02T14:39:27.402+0000] {subprocess.py:106} INFO -   File "/opt/airflow/src/warehouse/dim_seller.py", line 20, in <module>
[2026-09-02T14:39:27.407+0000] {subprocess.py:106} INFO -     sellers=pd.read_sql(
[2026-09-02T14:39:27.416+0000] {subprocess.py:106} INFO -             ^^^^^^^^^^^^
[2026-09-02T14:39:27.419+0000] {subprocess.py:106} INFO -   File "/home/airflow/.local/lib/python3.12/site-packages/pandas/io/sql.py", line 682, in read_sql
[2026-09-02T14:39:27.423+0000] {subprocess.py:106} INFO -     return pandas_sql.read_query(
[2026-09-02T14:39:27.424+0000] {subprocess.py:106} INFO -            ^^^^^^^^^^^^^^^^^^^^^^
[2026-09-02T14:39:27.425+0000] {subprocess.py:106} INFO -   File "/home/airflow/.local/lib/python3.12/site-packages/pandas/io/sql.py", line 1776, in read_query
[2026-09-02T14:39:27.433+0000] {subprocess.py:106} INFO -     result = self.execute(sql, params)
[2026-09-02T14:39:27.439+0000] {subprocess.py:106} INFO -              ^^^^^^^^^^^^^^^^^^^^^^^^^
[2026-09-02T14:39:27.443+0000] {subprocess.py:106} INFO -   File "/home/airflow/.local/lib/python3.12/site-packages/pandas/io/sql.py", line 1599, in execute
[2026-09-02T14:39:27.444+0000] {subprocess.py:106} INFO -     return self.con.exec_driver_sql(sql, *args)
[2026-09-02T14:39:27.445+0000] {subprocess.py:106} INFO -            ^^^^^^^^^^^^^^^^^^^^^^^^^^^^^^^^^^^^
[2026-09-02T14:39:27.456+0000] {subprocess.py:106} INFO -   File "/home/airflow/.local/lib/python3.12/site-packages/sqlalchemy/engine/base.py", line 1770, in exec_driver_sql
[2026-09-02T14:39:27.460+0000] {subprocess.py:106} INFO -     return self._exec_driver_sql(
[2026-09-02T14:39:27.463+0000] {subprocess.py:106} INFO -            ^^^^^^^^^^^^^^^^^^^^^^
[2026-09-02T14:39:27.474+0000] {subprocess.py:106} INFO -   File "/home/airflow/.local/lib/python3.12/site-packages/sqlalchemy/engine/base.py", line 1674, in _exec_driver_sql
[2026-09-02T14:39:27.483+0000] {subprocess.py:106} INFO -     ret = self._execute_context(
[2026-09-02T14:39:27.507+0000] {subprocess.py:106} INFO -           ^^^^^^^^^^^^^^^^^^^^^^
[2026-09-02T14:39:27.521+0000] {subprocess.py:106} INFO -   File "/home/airflow/.local/lib/python3.12/site-packages/sqlalchemy/engine/base.py", line 1953, in _execute_context
[2026-09-02T14:39:27.522+0000] {subprocess.py:106} INFO -     self._handle_dbapi_exception(
[2026-09-02T14:39:27.523+0000] {subprocess.py:106} INFO -   File "/home/airflow/.local/lib/python3.12/site-packages/sqlalchemy/engine/base.py", line 2134, in _handle_dbapi_exception
[2026-09-02T14:39:27.523+0000] {subprocess.py:106} INFO -     util.raise_(
[2026-09-02T14:39:27.527+0000] {subprocess.py:106} INFO -   File "/home/airflow/.local/lib/python3.12/site-packages/sqlalchemy/util/compat.py", line 211, in raise_
[2026-09-02T14:39:27.534+0000] {subprocess.py:106} INFO -     raise exception
[2026-09-02T14:39:27.537+0000] {subprocess.py:106} INFO -   File "/home/airflow/.local/lib/python3.12/site-packages/sqlalchemy/engine/base.py", line 1910, in _execute_context
[2026-09-02T14:39:27.540+0000] {subprocess.py:106} INFO -     self.dialect.do_execute(
[2026-09-02T14:39:27.541+0000] {subprocess.py:106} INFO -   File "/home/airflow/.local/lib/python3.12/site-packages/sqlalchemy/engine/default.py", line 736, in do_execute
[2026-09-02T14:39:27.548+0000] {subprocess.py:106} INFO -     cursor.execute(statement, parameters)
[2026-09-02T14:39:27.550+0000] {subprocess.py:106} INFO - sqlalchemy.exc.ProgrammingError: (psycopg2.errors.UndefinedTable) relation "stg_sellers" does not exist
[2026-09-02T14:39:27.558+0000] {subprocess.py:106} INFO - LINE 7:     FROM stg_sellers
[2026-09-02T14:39:27.559+0000] {subprocess.py:106} INFO -                  ^
[2026-09-02T14:39:27.560+0000] {subprocess.py:106} INFO - 
[2026-09-02T14:39:27.560+0000] {subprocess.py:106} INFO - [SQL:
[2026-09-02T14:39:27.561+0000] {subprocess.py:106} INFO -     SELECT
[2026-09-02T14:39:27.562+0000] {subprocess.py:106} INFO -         seller_id,
[2026-09-02T14:39:27.571+0000] {subprocess.py:106} INFO -         seller_zip_code_prefix,
[2026-09-02T14:39:27.573+0000] {subprocess.py:106} INFO -         seller_city,
[2026-09-02T14:39:27.573+0000] {subprocess.py:106} INFO -         seller_state
[2026-09-02T14:39:27.574+0000] {subprocess.py:106} INFO -     FROM stg_sellers
[2026-09-02T14:39:27.575+0000] {subprocess.py:106} INFO -     ]
[2026-09-02T14:39:27.576+0000] {subprocess.py:106} INFO - (Background on this error at: https://sqlalche.me/e/14/f405)
[2026-09-02T14:39:27.876+0000] {subprocess.py:110} INFO - Command exited with return code 1
[2026-09-02T14:39:27.915+0000] {taskinstance.py:3311} ERROR - Task failed with exception
Traceback (most recent call last):
  File "/home/airflow/.local/lib/python3.12/site-packages/airflow/models/taskinstance.py", line 767, in _execute_task
    result = _execute_callable(context=context, **execute_callable_kwargs)
             ^^^^^^^^^^^^^^^^^^^^^^^^^^^^^^^^^^^^^^^^^^^^^^^^^^^^^^^^^^^^^
  File "/home/airflow/.local/lib/python3.12/site-packages/airflow/models/taskinstance.py", line 733, in _execute_callable
    return ExecutionCallableRunner(
           ^^^^^^^^^^^^^^^^^^^^^^^^
  File "/home/airflow/.local/lib/python3.12/site-packages/airflow/utils/operator_helpers.py", line 252, in run
    return self.func(*args, **kwargs)
           ^^^^^^^^^^^^^^^^^^^^^^^^^^
  File "/home/airflow/.local/lib/python3.12/site-packages/airflow/models/baseoperator.py", line 422, in wrapper
    return func(self, *args, **kwargs)
           ^^^^^^^^^^^^^^^^^^^^^^^^^^^
  File "/home/airflow/.local/lib/python3.12/site-packages/airflow/operators/bash.py", line 276, in execute
    raise AirflowException(
airflow.exceptions.AirflowException: Bash command failed. The command returned a non-zero exit code 1.
[2026-09-02T14:39:27.950+0000] {taskinstance.py:1225} INFO - Marking task as FAILED. dag_id=etl_pipeline, task_id=dim_seller, run_id=scheduled__2026-08-31T00:00:00+00:00, execution_date=20260831T000000, start_date=20260902T143919, end_date=20260902T143927
[2026-09-02T14:39:28.008+0000] {taskinstance.py:340} INFO - ::group::Post task execution logs
[2026-09-02T14:39:28.012+0000] {standard_task_runner.py:124} ERROR - Failed to execute job 82 for task dim_seller (Bash command failed. The command returned a non-zero exit code 1.; 252)
Traceback (most recent call last):
  File "/home/airflow/.local/lib/python3.12/site-packages/airflow/task/task_runner/standard_task_runner.py", line 117, in _start_by_fork
    ret = args.func(args, dag=self.dag)
          ^^^^^^^^^^^^^^^^^^^^^^^^^^^^^
  File "/home/airflow/.local/lib/python3.12/site-packages/airflow/cli/cli_config.py", line 49, in command
    return func(*args, **kwargs)
           ^^^^^^^^^^^^^^^^^^^^^
  File "/home/airflow/.local/lib/python3.12/site-packages/airflow/utils/cli.py", line 116, in wrapper
    return f(*args, **kwargs)
           ^^^^^^^^^^^^^^^^^^
  File "/home/airflow/.local/lib/python3.12/site-packages/airflow/cli/commands/task_command.py", line 483, in task_run
    task_return_code = _run_task_by_selected_method(args, _dag, ti)
                       ^^^^^^^^^^^^^^^^^^^^^^^^^^^^^^^^^^^^^^^^^^^^
  File "/home/airflow/.local/lib/python3.12/site-packages/airflow/cli/commands/task_command.py", line 256, in _run_task_by_selected_method
    return _run_raw_task(args, ti)
           ^^^^^^^^^^^^^^^^^^^^^^^
  File "/home/airflow/.local/lib/python3.12/site-packages/airflow/cli/commands/task_command.py", line 341, in _run_raw_task
    return ti._run_raw_task(
           ^^^^^^^^^^^^^^^^^
  File "/home/airflow/.local/lib/python3.12/site-packages/airflow/utils/session.py", line 97, in wrapper
    return func(*args, session=session, **kwargs)
           ^^^^^^^^^^^^^^^^^^^^^^^^^^^^^^^^^^^^^^
  File "/home/airflow/.local/lib/python3.12/site-packages/airflow/models/taskinstance.py", line 3005, in _run_raw_task
    return _run_raw_task(
           ^^^^^^^^^^^^^^
  File "/home/airflow/.local/lib/python3.12/site-packages/airflow/models/taskinstance.py", line 273, in _run_raw_task
    TaskInstance._execute_task_with_callbacks(
  File "/home/airflow/.local/lib/python3.12/site-packages/airflow/models/taskinstance.py", line 3159, in _execute_task_with_callbacks
    result = self._execute_task(context, task_orig)
             ^^^^^^^^^^^^^^^^^^^^^^^^^^^^^^^^^^^^^^
  File "/home/airflow/.local/lib/python3.12/site-packages/airflow/models/taskinstance.py", line 3183, in _execute_task
    return _execute_task(self, context, task_orig)
           ^^^^^^^^^^^^^^^^^^^^^^^^^^^^^^^^^^^^^^^
  File "/home/airflow/.local/lib/python3.12/site-packages/airflow/models/taskinstance.py", line 767, in _execute_task
    result = _execute_callable(context=context, **execute_callable_kwargs)
             ^^^^^^^^^^^^^^^^^^^^^^^^^^^^^^^^^^^^^^^^^^^^^^^^^^^^^^^^^^^^^
  File "/home/airflow/.local/lib/python3.12/site-packages/airflow/models/taskinstance.py", line 733, in _execute_callable
    return ExecutionCallableRunner(
           ^^^^^^^^^^^^^^^^^^^^^^^^
  File "/home/airflow/.local/lib/python3.12/site-packages/airflow/utils/operator_helpers.py", line 252, in run
    return self.func(*args, **kwargs)
           ^^^^^^^^^^^^^^^^^^^^^^^^^^
  File "/home/airflow/.local/lib/python3.12/site-packages/airflow/models/baseoperator.py", line 422, in wrapper
    return func(self, *args, **kwargs)
           ^^^^^^^^^^^^^^^^^^^^^^^^^^^
  File "/home/airflow/.local/lib/python3.12/site-packages/airflow/operators/bash.py", line 276, in execute
    raise AirflowException(
airflow.exceptions.AirflowException: Bash command failed. The command returned a non-zero exit code 1.
[2026-09-02T14:39:28.085+0000] {local_task_job_runner.py:266} INFO - Task exited with return code 1
[2026-09-02T14:39:28.188+0000] {taskinstance.py:3895} INFO - 0 downstream tasks scheduled from follow-on schedule check
[2026-09-02T14:39:28.201+0000] {local_task_job_runner.py:245} INFO - ::endgroup::
