[2026-09-02T14:39:01.783+0000] {local_task_job_runner.py:123} INFO - ::group::Pre task execution logs
[2026-09-02T14:39:01.833+0000] {taskinstance.py:2613} INFO - Dependencies all met for dep_context=non-requeueable deps ti=<TaskInstance: etl_pipeline.extract_csv scheduled__2026-09-01T00:00:00+00:00 [queued]>
[2026-09-02T14:39:01.854+0000] {taskinstance.py:2613} INFO - Dependencies all met for dep_context=requeueable deps ti=<TaskInstance: etl_pipeline.extract_csv scheduled__2026-09-01T00:00:00+00:00 [queued]>
[2026-09-02T14:39:01.858+0000] {taskinstance.py:2866} INFO - Starting attempt 1 of 1
[2026-09-02T14:39:01.889+0000] {taskinstance.py:2889} INFO - Executing <Task(BashOperator): extract_csv> on 2026-09-01 00:00:00+00:00
[2026-09-02T14:39:01.906+0000] {standard_task_runner.py:104} INFO - Running: ['airflow', 'tasks', 'run', 'etl_pipeline', 'extract_csv', 'scheduled__2026-09-01T00:00:00+00:00', '--job-id', '76', '--raw', '--subdir', 'DAGS_FOLDER/sales_etl_dag.py', '--cfg-path', '/tmp/tmp4za0rcc8']
[2026-09-02T14:39:01.912+0000] {standard_task_runner.py:105} INFO - Job 76: Subtask extract_csv
[2026-09-02T14:39:01.914+0000] {logging_mixin.py:190} WARNING - /home/airflow/.local/lib/python3.12/site-packages/airflow/task/task_runner/standard_task_runner.py:70 DeprecationWarning: This process (pid=171) is multi-threaded, use of fork() may lead to deadlocks in the child.
[2026-09-02T14:39:01.916+0000] {standard_task_runner.py:72} INFO - Started process 176 to run task
[2026-09-02T14:39:02.066+0000] {task_command.py:467} INFO - Running <TaskInstance: etl_pipeline.extract_csv scheduled__2026-09-01T00:00:00+00:00 [running]> on host a914322f514a
[2026-09-02T14:39:02.304+0000] {taskinstance.py:3132} INFO - Exporting env vars: AIRFLOW_CTX_DAG_OWNER='airflow' AIRFLOW_CTX_DAG_ID='etl_pipeline' AIRFLOW_CTX_TASK_ID='extract_csv' AIRFLOW_CTX_EXECUTION_DATE='2026-09-01T00:00:00+00:00' AIRFLOW_CTX_TRY_NUMBER='1' AIRFLOW_CTX_DAG_RUN_ID='scheduled__2026-09-01T00:00:00+00:00'
[2026-09-02T14:39:02.306+0000] {taskinstance.py:731} INFO - ::endgroup::
[2026-09-02T14:39:02.350+0000] {subprocess.py:78} INFO - Tmp dir root location: /tmp
[2026-09-02T14:39:02.353+0000] {subprocess.py:88} INFO - Running command: ['/usr/bin/bash', '-c', 'PYTHONPATH=/opt/airflow/src python -m extract']
[2026-09-02T14:39:02.374+0000] {subprocess.py:99} INFO - Output:
[2026-09-02T14:39:05.242+0000] {subprocess.py:106} INFO - DATASETS EXTRACTED:
[2026-09-02T14:39:05.245+0000] {subprocess.py:106} INFO - dict_keys([])
[2026-09-02T14:39:05.550+0000] {subprocess.py:110} INFO - Command exited with return code 0
[2026-09-02T14:39:05.670+0000] {taskinstance.py:340} INFO - ::group::Post task execution logs
[2026-09-02T14:39:05.719+0000] {taskinstance.py:352} INFO - Marking task as SUCCESS. dag_id=etl_pipeline, task_id=extract_csv, run_id=scheduled__2026-09-01T00:00:00+00:00, execution_date=20260901T000000, start_date=20260902T143901, end_date=20260902T143905
[2026-09-02T14:39:05.843+0000] {local_task_job_runner.py:266} INFO - Task exited with return code 0
[2026-09-02T14:39:05.975+0000] {taskinstance.py:3895} INFO - 1 downstream tasks scheduled from follow-on schedule check
[2026-09-02T14:39:06.023+0000] {local_task_job_runner.py:245} INFO - ::endgroup::
