[2026-09-02T14:39:13.829+0000] {local_task_job_runner.py:123} INFO - ::group::Pre task execution logs
[2026-09-02T14:39:13.898+0000] {taskinstance.py:2613} INFO - Dependencies all met for dep_context=non-requeueable deps ti=<TaskInstance: etl_pipeline.load_data scheduled__2026-08-31T00:00:00+00:00 [queued]>
[2026-09-02T14:39:13.933+0000] {taskinstance.py:2613} INFO - Dependencies all met for dep_context=requeueable deps ti=<TaskInstance: etl_pipeline.load_data scheduled__2026-08-31T00:00:00+00:00 [queued]>
[2026-09-02T14:39:13.936+0000] {taskinstance.py:2866} INFO - Starting attempt 1 of 1
[2026-09-02T14:39:13.983+0000] {taskinstance.py:2889} INFO - Executing <Task(BashOperator): load_data> on 2026-08-31 00:00:00+00:00
[2026-09-02T14:39:14.015+0000] {standard_task_runner.py:104} INFO - Running: ['airflow', 'tasks', 'run', 'etl_pipeline', 'load_data', 'scheduled__2026-08-31T00:00:00+00:00', '--job-id', '79', '--raw', '--subdir', 'DAGS_FOLDER/sales_etl_dag.py', '--cfg-path', '/tmp/tmp50rzf67e']
[2026-09-02T14:39:14.028+0000] {logging_mixin.py:190} WARNING - /home/airflow/.local/lib/python3.12/site-packages/airflow/task/task_runner/standard_task_runner.py:70 DeprecationWarning: This process (pid=220) is multi-threaded, use of fork() may lead to deadlocks in the child.
[2026-09-02T14:39:14.028+0000] {standard_task_runner.py:105} INFO - Job 79: Subtask load_data
[2026-09-02T14:39:14.040+0000] {standard_task_runner.py:72} INFO - Started process 222 to run task
[2026-09-02T14:39:14.298+0000] {task_command.py:467} INFO - Running <TaskInstance: etl_pipeline.load_data scheduled__2026-08-31T00:00:00+00:00 [running]> on host a914322f514a
[2026-09-02T14:39:14.657+0000] {taskinstance.py:3132} INFO - Exporting env vars: AIRFLOW_CTX_DAG_OWNER='airflow' AIRFLOW_CTX_DAG_ID='etl_pipeline' AIRFLOW_CTX_TASK_ID='load_data' AIRFLOW_CTX_EXECUTION_DATE='2026-08-31T00:00:00+00:00' AIRFLOW_CTX_TRY_NUMBER='1' AIRFLOW_CTX_DAG_RUN_ID='scheduled__2026-08-31T00:00:00+00:00'
[2026-09-02T14:39:14.664+0000] {taskinstance.py:731} INFO - ::endgroup::
[2026-09-02T14:39:14.730+0000] {subprocess.py:78} INFO - Tmp dir root location: /tmp
[2026-09-02T14:39:14.733+0000] {subprocess.py:88} INFO - Running command: ['/usr/bin/bash', '-c', 'PYTHONPATH=/opt/airflow/src python -m load']
[2026-09-02T14:39:14.767+0000] {subprocess.py:99} INFO - Output:
[2026-09-02T14:39:18.552+0000] {subprocess.py:106} INFO - DATASETS EXTRACTED:
[2026-09-02T14:39:18.556+0000] {subprocess.py:106} INFO - dict_keys([])
[2026-09-02T14:39:18.743+0000] {subprocess.py:110} INFO - Command exited with return code 0
[2026-09-02T14:39:18.816+0000] {taskinstance.py:340} INFO - ::group::Post task execution logs
[2026-09-02T14:39:18.817+0000] {taskinstance.py:352} INFO - Marking task as SUCCESS. dag_id=etl_pipeline, task_id=load_data, run_id=scheduled__2026-08-31T00:00:00+00:00, execution_date=20260831T000000, start_date=20260902T143913, end_date=20260902T143918
[2026-09-02T14:39:18.892+0000] {local_task_job_runner.py:266} INFO - Task exited with return code 0
[2026-09-02T14:39:18.950+0000] {taskinstance.py:3895} INFO - 4 downstream tasks scheduled from follow-on schedule check
[2026-09-02T14:39:18.955+0000] {local_task_job_runner.py:245} INFO - ::endgroup::
