[2026-09-02T15:14:38.207+0000] {local_task_job_runner.py:123} INFO - ::group::Pre task execution logs
[2026-09-02T15:14:38.227+0000] {taskinstance.py:2613} INFO - Dependencies all met for dep_context=non-requeueable deps ti=<TaskInstance: etl_pipeline.dim_date manual__2026-09-02T15:14:31.571746+00:00 [queued]>
[2026-09-02T15:14:38.238+0000] {taskinstance.py:2613} INFO - Dependencies all met for dep_context=requeueable deps ti=<TaskInstance: etl_pipeline.dim_date manual__2026-09-02T15:14:31.571746+00:00 [queued]>
[2026-09-02T15:14:38.238+0000] {taskinstance.py:2866} INFO - Starting attempt 1 of 1
[2026-09-02T15:14:38.256+0000] {taskinstance.py:2889} INFO - Executing <Task(BashOperator): dim_date> on 2026-09-02 15:14:31.571746+00:00
[2026-09-02T15:14:38.268+0000] {standard_task_runner.py:104} INFO - Running: ['airflow', 'tasks', 'run', 'etl_pipeline', 'dim_date', 'manual__2026-09-02T15:14:31.571746+00:00', '--job-id', '117', '--raw', '--subdir', 'DAGS_FOLDER/sales_etl_dag.py', '--cfg-path', '/tmp/tmpn3el836v']
[2026-09-02T15:14:38.272+0000] {standard_task_runner.py:105} INFO - Job 117: Subtask dim_date
[2026-09-02T15:14:38.272+0000] {logging_mixin.py:190} WARNING - /home/airflow/.local/lib/python3.12/site-packages/airflow/task/task_runner/standard_task_runner.py:70 DeprecationWarning: This process (pid=455) is multi-threaded, use of fork() may lead to deadlocks in the child.
[2026-09-02T15:14:38.275+0000] {standard_task_runner.py:72} INFO - Started process 459 to run task
[2026-09-02T15:14:38.362+0000] {task_command.py:467} INFO - Running <TaskInstance: etl_pipeline.dim_date manual__2026-09-02T15:14:31.571746+00:00 [running]> on host 62d0451776ea
[2026-09-02T15:14:38.458+0000] {taskinstance.py:3132} INFO - Exporting env vars: AIRFLOW_CTX_DAG_OWNER='airflow' AIRFLOW_CTX_DAG_ID='etl_pipeline' AIRFLOW_CTX_TASK_ID='dim_date' AIRFLOW_CTX_EXECUTION_DATE='2026-09-02T15:14:31.571746+00:00' AIRFLOW_CTX_TRY_NUMBER='1' AIRFLOW_CTX_DAG_RUN_ID='manual__2026-09-02T15:14:31.571746+00:00'
[2026-09-02T15:14:38.460+0000] {taskinstance.py:731} INFO - ::endgroup::
[2026-09-02T15:14:38.478+0000] {subprocess.py:78} INFO - Tmp dir root location: /tmp
[2026-09-02T15:14:38.480+0000] {subprocess.py:88} INFO - Running command: ['/usr/bin/bash', '-c', 'PYTHONPATH=/opt/airflow/src python -m warehouse.dim_date']
[2026-09-02T15:14:38.491+0000] {subprocess.py:99} INFO - Output:
[2026-09-02T15:14:40.305+0000] {subprocess.py:106} INFO - Traceback (most recent call last):
[2026-09-02T15:14:40.306+0000] {subprocess.py:106} INFO -   File "/home/airflow/.local/lib/python3.12/site-packages/sqlalchemy/engine/base.py", line 1910, in _execute_context
[2026-09-02T15:14:40.306+0000] {subprocess.py:106} INFO -     self.dialect.do_execute(
[2026-09-02T15:14:40.307+0000] {subprocess.py:106} INFO -   File "/home/airflow/.local/lib/python3.12/site-packages/sqlalchemy/engine/default.py", line 736, in do_execute
[2026-09-02T15:14:40.307+0000] {subprocess.py:106} INFO -     cursor.execute(statement, parameters)
[2026-09-02T15:14:40.307+0000] {subprocess.py:106} INFO - psycopg2.errors.UndefinedTable: relation "stg_orders" does not exist
[2026-09-02T15:14:40.308+0000] {subprocess.py:106} INFO - LINE 5:             FROM stg_orders
[2026-09-02T15:14:40.308+0000] {subprocess.py:106} INFO -                          ^
[2026-09-02T15:14:40.309+0000] {subprocess.py:106} INFO - 
[2026-09-02T15:14:40.309+0000] {subprocess.py:106} INFO - 
[2026-09-02T15:14:40.310+0000] {subprocess.py:106} INFO - The above exception was the direct cause of the following exception:
[2026-09-02T15:14:40.310+0000] {subprocess.py:106} INFO - 
[2026-09-02T15:14:40.311+0000] {subprocess.py:106} INFO - Traceback (most recent call last):
[2026-09-02T15:14:40.311+0000] {subprocess.py:106} INFO -   File "<frozen runpy>", line 198, in _run_module_as_main
[2026-09-02T15:14:40.312+0000] {subprocess.py:106} INFO -   File "<frozen runpy>", line 88, in _run_code
[2026-09-02T15:14:40.313+0000] {subprocess.py:106} INFO -   File "/opt/airflow/src/warehouse/dim_date.py", line 19, in <module>
[2026-09-02T15:14:40.313+0000] {subprocess.py:106} INFO -     result=connection.execute(
[2026-09-02T15:14:40.314+0000] {subprocess.py:106} INFO -            ^^^^^^^^^^^^^^^^^^^
[2026-09-02T15:14:40.315+0000] {subprocess.py:106} INFO -   File "/home/airflow/.local/lib/python3.12/site-packages/sqlalchemy/engine/base.py", line 1385, in execute
[2026-09-02T15:14:40.316+0000] {subprocess.py:106} INFO -     return meth(self, multiparams, params, _EMPTY_EXECUTION_OPTS)
[2026-09-02T15:14:40.316+0000] {subprocess.py:106} INFO -            ^^^^^^^^^^^^^^^^^^^^^^^^^^^^^^^^^^^^^^^^^^^^^^^^^^^^^^
[2026-09-02T15:14:40.317+0000] {subprocess.py:106} INFO -   File "/home/airflow/.local/lib/python3.12/site-packages/sqlalchemy/sql/elements.py", line 334, in _execute_on_connection
[2026-09-02T15:14:40.318+0000] {subprocess.py:106} INFO -     return connection._execute_clauseelement(
[2026-09-02T15:14:40.318+0000] {subprocess.py:106} INFO -            ^^^^^^^^^^^^^^^^^^^^^^^^^^^^^^^^^^
[2026-09-02T15:14:40.319+0000] {subprocess.py:106} INFO -   File "/home/airflow/.local/lib/python3.12/site-packages/sqlalchemy/engine/base.py", line 1577, in _execute_clauseelement
[2026-09-02T15:14:40.319+0000] {subprocess.py:106} INFO -     ret = self._execute_context(
[2026-09-02T15:14:40.320+0000] {subprocess.py:106} INFO -           ^^^^^^^^^^^^^^^^^^^^^^
[2026-09-02T15:14:40.320+0000] {subprocess.py:106} INFO -   File "/home/airflow/.local/lib/python3.12/site-packages/sqlalchemy/engine/base.py", line 1953, in _execute_context
[2026-09-02T15:14:40.321+0000] {subprocess.py:106} INFO -     self._handle_dbapi_exception(
[2026-09-02T15:14:40.321+0000] {subprocess.py:106} INFO -   File "/home/airflow/.local/lib/python3.12/site-packages/sqlalchemy/engine/base.py", line 2134, in _handle_dbapi_exception
[2026-09-02T15:14:40.322+0000] {subprocess.py:106} INFO -     util.raise_(
[2026-09-02T15:14:40.322+0000] {subprocess.py:106} INFO -   File "/home/airflow/.local/lib/python3.12/site-packages/sqlalchemy/util/compat.py", line 211, in raise_
[2026-09-02T15:14:40.323+0000] {subprocess.py:106} INFO -     raise exception
[2026-09-02T15:14:40.324+0000] {subprocess.py:106} INFO -   File "/home/airflow/.local/lib/python3.12/site-packages/sqlalchemy/engine/base.py", line 1910, in _execute_context
[2026-09-02T15:14:40.324+0000] {subprocess.py:106} INFO -     self.dialect.do_execute(
[2026-09-02T15:14:40.325+0000] {subprocess.py:106} INFO -   File "/home/airflow/.local/lib/python3.12/site-packages/sqlalchemy/engine/default.py", line 736, in do_execute
[2026-09-02T15:14:40.325+0000] {subprocess.py:106} INFO -     cursor.execute(statement, parameters)
[2026-09-02T15:14:40.326+0000] {subprocess.py:106} INFO - sqlalchemy.exc.ProgrammingError: (psycopg2.errors.UndefinedTable) relation "stg_orders" does not exist
[2026-09-02T15:14:40.326+0000] {subprocess.py:106} INFO - LINE 5:             FROM stg_orders
[2026-09-02T15:14:40.327+0000] {subprocess.py:106} INFO -                          ^
[2026-09-02T15:14:40.327+0000] {subprocess.py:106} INFO - 
[2026-09-02T15:14:40.328+0000] {subprocess.py:106} INFO - [SQL:
[2026-09-02T15:14:40.328+0000] {subprocess.py:106} INFO -             SELECT
[2026-09-02T15:14:40.329+0000] {subprocess.py:106} INFO -                 MIN(order_purchase_timestamp)::DATE AS start_date,
[2026-09-02T15:14:40.329+0000] {subprocess.py:106} INFO -                 MAX(order_purchase_timestamp)::DATE AS end_date
[2026-09-02T15:14:40.330+0000] {subprocess.py:106} INFO -             FROM stg_orders
[2026-09-02T15:14:40.330+0000] {subprocess.py:106} INFO -         ]
[2026-09-02T15:14:40.331+0000] {subprocess.py:106} INFO - (Background on this error at: https://sqlalche.me/e/14/f405)
[2026-09-02T15:14:40.501+0000] {subprocess.py:110} INFO - Command exited with return code 1
[2026-09-02T15:14:40.520+0000] {taskinstance.py:3311} ERROR - Task failed with exception
Traceback (most recent call last):
  File "/home/airflow/.local/lib/python3.12/site-packages/airflow/models/taskinstance.py", line 767, in _execute_task
    result = _execute_callable(context=context, **execute_callable_kwargs)
             ^^^^^^^^^^^^^^^^^^^^^^^^^^^^^^^^^^^^^^^^^^^^^^^^^^^^^^^^^^^^^
  File "/home/airflow/.local/lib/python3.12/site-packages/airflow/models/taskinstance.py", line 733, in _execute_callable
    return ExecutionCallableRunner(
           ^^^^^^^^^^^^^^^^^^^^^^^^
  File "/home/airflow/.local/lib/python3.12/site-packages/airflow/utils/operator_helpers.py", line 252, in run
    return self.func(*args, **kwargs)
           ^^^^^^^^^^^^^^^^^^^^^^^^^^
  File "/home/airflow/.local/lib/python3.12/site-packages/airflow/models/baseoperator.py", line 422, in wrapper
    return func(self, *args, **kwargs)
           ^^^^^^^^^^^^^^^^^^^^^^^^^^^
  File "/home/airflow/.local/lib/python3.12/site-packages/airflow/operators/bash.py", line 276, in execute
    raise AirflowException(
airflow.exceptions.AirflowException: Bash command failed. The command returned a non-zero exit code 1.
[2026-09-02T15:14:40.527+0000] {taskinstance.py:1225} INFO - Marking task as FAILED. dag_id=etl_pipeline, task_id=dim_date, run_id=manual__2026-09-02T15:14:31.571746+00:00, execution_date=20260902T151431, start_date=20260902T151438, end_date=20260902T151440
[2026-09-02T15:14:40.543+0000] {taskinstance.py:340} INFO - ::group::Post task execution logs
[2026-09-02T15:14:40.545+0000] {standard_task_runner.py:124} ERROR - Failed to execute job 117 for task dim_date (Bash command failed. The command returned a non-zero exit code 1.; 459)
Traceback (most recent call last):
  File "/home/airflow/.local/lib/python3.12/site-packages/airflow/task/task_runner/standard_task_runner.py", line 117, in _start_by_fork
    ret = args.func(args, dag=self.dag)
          ^^^^^^^^^^^^^^^^^^^^^^^^^^^^^
  File "/home/airflow/.local/lib/python3.12/site-packages/airflow/cli/cli_config.py", line 49, in command
    return func(*args, **kwargs)
           ^^^^^^^^^^^^^^^^^^^^^
  File "/home/airflow/.local/lib/python3.12/site-packages/airflow/utils/cli.py", line 116, in wrapper
    return f(*args, **kwargs)
           ^^^^^^^^^^^^^^^^^^
  File "/home/airflow/.local/lib/python3.12/site-packages/airflow/cli/commands/task_command.py", line 483, in task_run
    task_return_code = _run_task_by_selected_method(args, _dag, ti)
                       ^^^^^^^^^^^^^^^^^^^^^^^^^^^^^^^^^^^^^^^^^^^^
  File "/home/airflow/.local/lib/python3.12/site-packages/airflow/cli/commands/task_command.py", line 256, in _run_task_by_selected_method
    return _run_raw_task(args, ti)
           ^^^^^^^^^^^^^^^^^^^^^^^
  File "/home/airflow/.local/lib/python3.12/site-packages/airflow/cli/commands/task_command.py", line 341, in _run_raw_task
    return ti._run_raw_task(
           ^^^^^^^^^^^^^^^^^
  File "/home/airflow/.local/lib/python3.12/site-packages/airflow/utils/session.py", line 97, in wrapper
    return func(*args, session=session, **kwargs)
           ^^^^^^^^^^^^^^^^^^^^^^^^^^^^^^^^^^^^^^
  File "/home/airflow/.local/lib/python3.12/site-packages/airflow/models/taskinstance.py", line 3005, in _run_raw_task
    return _run_raw_task(
           ^^^^^^^^^^^^^^
  File "/home/airflow/.local/lib/python3.12/site-packages/airflow/models/taskinstance.py", line 273, in _run_raw_task
    TaskInstance._execute_task_with_callbacks(
  File "/home/airflow/.local/lib/python3.12/site-packages/airflow/models/taskinstance.py", line 3159, in _execute_task_with_callbacks
    result = self._execute_task(context, task_orig)
             ^^^^^^^^^^^^^^^^^^^^^^^^^^^^^^^^^^^^^^
  File "/home/airflow/.local/lib/python3.12/site-packages/airflow/models/taskinstance.py", line 3183, in _execute_task
    return _execute_task(self, context, task_orig)
           ^^^^^^^^^^^^^^^^^^^^^^^^^^^^^^^^^^^^^^^
  File "/home/airflow/.local/lib/python3.12/site-packages/airflow/models/taskinstance.py", line 767, in _execute_task
    result = _execute_callable(context=context, **execute_callable_kwargs)
             ^^^^^^^^^^^^^^^^^^^^^^^^^^^^^^^^^^^^^^^^^^^^^^^^^^^^^^^^^^^^^
  File "/home/airflow/.local/lib/python3.12/site-packages/airflow/models/taskinstance.py", line 733, in _execute_callable
    return ExecutionCallableRunner(
           ^^^^^^^^^^^^^^^^^^^^^^^^
  File "/home/airflow/.local/lib/python3.12/site-packages/airflow/utils/operator_helpers.py", line 252, in run
    return self.func(*args, **kwargs)
           ^^^^^^^^^^^^^^^^^^^^^^^^^^
  File "/home/airflow/.local/lib/python3.12/site-packages/airflow/models/baseoperator.py", line 422, in wrapper
    return func(self, *args, **kwargs)
           ^^^^^^^^^^^^^^^^^^^^^^^^^^^
  File "/home/airflow/.local/lib/python3.12/site-packages/airflow/operators/bash.py", line 276, in execute
    raise AirflowException(
airflow.exceptions.AirflowException: Bash command failed. The command returned a non-zero exit code 1.
[2026-09-02T15:14:40.580+0000] {local_task_job_runner.py:266} INFO - Task exited with return code 1
[2026-09-02T15:14:40.606+0000] {taskinstance.py:3895} INFO - 0 downstream tasks scheduled from follow-on schedule check
[2026-09-02T15:14:40.608+0000] {local_task_job_runner.py:245} INFO - ::endgroup::
