[2026-09-02T14:49:46.948+0000] {local_task_job_runner.py:123} INFO - ::group::Pre task execution logs
[2026-09-02T14:49:46.970+0000] {taskinstance.py:2613} INFO - Dependencies all met for dep_context=non-requeueable deps ti=<TaskInstance: etl_pipeline.transform_data manual__2026-09-02T14:49:42.970401+00:00 [queued]>
[2026-09-02T14:49:46.979+0000] {taskinstance.py:2613} INFO - Dependencies all met for dep_context=requeueable deps ti=<TaskInstance: etl_pipeline.transform_data manual__2026-09-02T14:49:42.970401+00:00 [queued]>
[2026-09-02T14:49:46.981+0000] {taskinstance.py:2866} INFO - Starting attempt 1 of 1
[2026-09-02T14:49:46.995+0000] {taskinstance.py:2889} INFO - Executing <Task(BashOperator): transform_data> on 2026-09-02 14:49:42.970401+00:00
[2026-09-02T14:49:47.004+0000] {standard_task_runner.py:104} INFO - Running: ['airflow', 'tasks', 'run', 'etl_pipeline', 'transform_data', 'manual__2026-09-02T14:49:42.970401+00:00', '--job-id', '97', '--raw', '--subdir', 'DAGS_FOLDER/sales_etl_dag.py', '--cfg-path', '/tmp/tmpr1f1a2lq']
[2026-09-02T14:49:47.007+0000] {standard_task_runner.py:105} INFO - Job 97: Subtask transform_data
[2026-09-02T14:49:47.008+0000] {logging_mixin.py:190} WARNING - /home/airflow/.local/lib/python3.12/site-packages/airflow/task/task_runner/standard_task_runner.py:70 DeprecationWarning: This process (pid=541) is multi-threaded, use of fork() may lead to deadlocks in the child.
[2026-09-02T14:49:47.009+0000] {standard_task_runner.py:72} INFO - Started process 542 to run task
[2026-09-02T14:49:47.096+0000] {task_command.py:467} INFO - Running <TaskInstance: etl_pipeline.transform_data manual__2026-09-02T14:49:42.970401+00:00 [running]> on host a914322f514a
[2026-09-02T14:49:47.192+0000] {taskinstance.py:3132} INFO - Exporting env vars: AIRFLOW_CTX_DAG_OWNER='airflow' AIRFLOW_CTX_DAG_ID='etl_pipeline' AIRFLOW_CTX_TASK_ID='transform_data' AIRFLOW_CTX_EXECUTION_DATE='2026-09-02T14:49:42.970401+00:00' AIRFLOW_CTX_TRY_NUMBER='1' AIRFLOW_CTX_DAG_RUN_ID='manual__2026-09-02T14:49:42.970401+00:00'
[2026-09-02T14:49:47.193+0000] {taskinstance.py:731} INFO - ::endgroup::
[2026-09-02T14:49:47.219+0000] {subprocess.py:78} INFO - Tmp dir root location: /tmp
[2026-09-02T14:49:47.221+0000] {subprocess.py:88} INFO - Running command: ['/usr/bin/bash', '-c', 'PYTHONPATH=/opt/airflow/src python -m transform']
[2026-09-02T14:49:47.234+0000] {subprocess.py:99} INFO - Output:
[2026-09-02T14:49:48.349+0000] {subprocess.py:106} INFO - DATASETS EXTRACTED:
[2026-09-02T14:49:48.350+0000] {subprocess.py:106} INFO - dict_keys([])
[2026-09-02T14:49:48.430+0000] {subprocess.py:110} INFO - Command exited with return code 0
[2026-09-02T14:49:48.462+0000] {taskinstance.py:340} INFO - ::group::Post task execution logs
[2026-09-02T14:49:48.463+0000] {taskinstance.py:352} INFO - Marking task as SUCCESS. dag_id=etl_pipeline, task_id=transform_data, run_id=manual__2026-09-02T14:49:42.970401+00:00, execution_date=20260902T144942, start_date=20260902T144946, end_date=20260902T144948
[2026-09-02T14:49:48.510+0000] {local_task_job_runner.py:266} INFO - Task exited with return code 0
[2026-09-02T14:49:48.557+0000] {taskinstance.py:3895} INFO - 1 downstream tasks scheduled from follow-on schedule check
[2026-09-02T14:49:48.561+0000] {local_task_job_runner.py:245} INFO - ::endgroup::
