[2026-09-02T15:27:04.299+0000] {local_task_job_runner.py:123} INFO - ::group::Pre task execution logs
[2026-09-02T15:27:04.323+0000] {taskinstance.py:2613} INFO - Dependencies all met for dep_context=non-requeueable deps ti=<TaskInstance: etl_pipeline.transform_data manual__2026-09-02T15:26:59.804745+00:00 [queued]>
[2026-09-02T15:27:04.333+0000] {taskinstance.py:2613} INFO - Dependencies all met for dep_context=requeueable deps ti=<TaskInstance: etl_pipeline.transform_data manual__2026-09-02T15:26:59.804745+00:00 [queued]>
[2026-09-02T15:27:04.334+0000] {taskinstance.py:2866} INFO - Starting attempt 1 of 1
[2026-09-02T15:27:04.352+0000] {taskinstance.py:2889} INFO - Executing <Task(BashOperator): transform_data> on 2026-09-02 15:26:59.804745+00:00
[2026-09-02T15:27:04.361+0000] {standard_task_runner.py:104} INFO - Running: ['airflow', 'tasks', 'run', 'etl_pipeline', 'transform_data', 'manual__2026-09-02T15:26:59.804745+00:00', '--job-id', '119', '--raw', '--subdir', 'DAGS_FOLDER/sales_etl_dag.py', '--cfg-path', '/tmp/tmp1h50otoq']
[2026-09-02T15:27:04.365+0000] {standard_task_runner.py:105} INFO - Job 119: Subtask transform_data
[2026-09-02T15:27:04.365+0000] {logging_mixin.py:190} WARNING - /home/airflow/.local/lib/python3.12/site-packages/airflow/task/task_runner/standard_task_runner.py:70 DeprecationWarning: This process (pid=638) is multi-threaded, use of fork() may lead to deadlocks in the child.
[2026-09-02T15:27:04.366+0000] {standard_task_runner.py:72} INFO - Started process 639 to run task
[2026-09-02T15:27:04.461+0000] {task_command.py:467} INFO - Running <TaskInstance: etl_pipeline.transform_data manual__2026-09-02T15:26:59.804745+00:00 [running]> on host 62d0451776ea
[2026-09-02T15:27:04.566+0000] {taskinstance.py:3132} INFO - Exporting env vars: AIRFLOW_CTX_DAG_OWNER='airflow' AIRFLOW_CTX_DAG_ID='etl_pipeline' AIRFLOW_CTX_TASK_ID='transform_data' AIRFLOW_CTX_EXECUTION_DATE='2026-09-02T15:26:59.804745+00:00' AIRFLOW_CTX_TRY_NUMBER='1' AIRFLOW_CTX_DAG_RUN_ID='manual__2026-09-02T15:26:59.804745+00:00'
[2026-09-02T15:27:04.567+0000] {taskinstance.py:731} INFO - ::endgroup::
[2026-09-02T15:27:04.590+0000] {subprocess.py:78} INFO - Tmp dir root location: /tmp
[2026-09-02T15:27:04.592+0000] {subprocess.py:88} INFO - Running command: ['/usr/bin/bash', '-c', 'PYTHONPATH=/opt/airflow/src python -m transform']
[2026-09-02T15:27:04.603+0000] {subprocess.py:99} INFO - Output:
[2026-09-02T15:27:05.922+0000] {subprocess.py:106} INFO - CURRENT DIRECTORY: /tmp/airflowtmpsxze2xmx
[2026-09-02T15:27:05.922+0000] {subprocess.py:106} INFO - DATA FOLDER: /tmp/airflowtmpsxze2xmx/data/raw
[2026-09-02T15:27:05.923+0000] {subprocess.py:106} INFO - CSV FILES: []
[2026-09-02T15:27:05.924+0000] {subprocess.py:106} INFO - DATASETS EXTRACTED:
[2026-09-02T15:27:05.925+0000] {subprocess.py:106} INFO - dict_keys([])
[2026-09-02T15:27:05.996+0000] {subprocess.py:110} INFO - Command exited with return code 0
[2026-09-02T15:27:06.035+0000] {taskinstance.py:340} INFO - ::group::Post task execution logs
[2026-09-02T15:27:06.036+0000] {taskinstance.py:352} INFO - Marking task as SUCCESS. dag_id=etl_pipeline, task_id=transform_data, run_id=manual__2026-09-02T15:26:59.804745+00:00, execution_date=20260902T152659, start_date=20260902T152704, end_date=20260902T152706
[2026-09-02T15:27:06.073+0000] {local_task_job_runner.py:266} INFO - Task exited with return code 0
[2026-09-02T15:27:06.110+0000] {taskinstance.py:3895} INFO - 1 downstream tasks scheduled from follow-on schedule check
[2026-09-02T15:27:06.113+0000] {local_task_job_runner.py:245} INFO - ::endgroup::
