[2026-09-03T11:28:35.871+0000] {local_task_job_runner.py:123} INFO - ::group::Pre task execution logs
[2026-09-03T11:28:35.888+0000] {taskinstance.py:2613} INFO - Dependencies all met for dep_context=non-requeueable deps ti=<TaskInstance: etl_pipeline.transform_data manual__2026-09-03T11:28:29.948059+00:00 [queued]>
[2026-09-03T11:28:35.896+0000] {taskinstance.py:2613} INFO - Dependencies all met for dep_context=requeueable deps ti=<TaskInstance: etl_pipeline.transform_data manual__2026-09-03T11:28:29.948059+00:00 [queued]>
[2026-09-03T11:28:35.897+0000] {taskinstance.py:2866} INFO - Starting attempt 1 of 1
[2026-09-03T11:28:35.909+0000] {taskinstance.py:2889} INFO - Executing <Task(BashOperator): transform_data> on 2026-09-03 11:28:29.948059+00:00
[2026-09-03T11:28:35.918+0000] {standard_task_runner.py:104} INFO - Running: ['airflow', 'tasks', 'run', 'etl_pipeline', 'transform_data', 'manual__2026-09-03T11:28:29.948059+00:00', '--job-id', '132', '--raw', '--subdir', 'DAGS_FOLDER/sales_etl_dag.py', '--cfg-path', '/tmp/tmpv_mpmj99']
[2026-09-03T11:28:35.920+0000] {logging_mixin.py:190} WARNING - /home/airflow/.local/lib/python3.12/site-packages/airflow/task/task_runner/standard_task_runner.py:70 DeprecationWarning: This process (pid=1319) is multi-threaded, use of fork() may lead to deadlocks in the child.
[2026-09-03T11:28:35.920+0000] {standard_task_runner.py:105} INFO - Job 132: Subtask transform_data
[2026-09-03T11:28:35.920+0000] {standard_task_runner.py:72} INFO - Started process 1320 to run task
[2026-09-03T11:28:35.993+0000] {task_command.py:467} INFO - Running <TaskInstance: etl_pipeline.transform_data manual__2026-09-03T11:28:29.948059+00:00 [running]> on host 62d0451776ea
[2026-09-03T11:28:36.068+0000] {taskinstance.py:3132} INFO - Exporting env vars: AIRFLOW_CTX_DAG_OWNER='airflow' AIRFLOW_CTX_DAG_ID='etl_pipeline' AIRFLOW_CTX_TASK_ID='transform_data' AIRFLOW_CTX_EXECUTION_DATE='2026-09-03T11:28:29.948059+00:00' AIRFLOW_CTX_TRY_NUMBER='1' AIRFLOW_CTX_DAG_RUN_ID='manual__2026-09-03T11:28:29.948059+00:00'
[2026-09-03T11:28:36.070+0000] {taskinstance.py:731} INFO - ::endgroup::
[2026-09-03T11:28:36.085+0000] {subprocess.py:78} INFO - Tmp dir root location: /tmp
[2026-09-03T11:28:36.086+0000] {subprocess.py:88} INFO - Running command: ['/usr/bin/bash', '-c', 'PYTHONPATH=/opt/airflow/src python -m transform']
[2026-09-03T11:28:36.095+0000] {subprocess.py:99} INFO - Output:
[2026-09-03T11:28:42.621+0000] {subprocess.py:106} INFO - CURRENT DIRECTORY: /tmp/airflowtmpohi47zww
[2026-09-03T11:28:42.622+0000] {subprocess.py:106} INFO - DATA FOLDER: /opt/airflow/data/raw
[2026-09-03T11:28:42.623+0000] {subprocess.py:106} INFO - CSV FILES: [PosixPath('/opt/airflow/data/raw/olist_customers_dataset.csv'), PosixPath('/opt/airflow/data/raw/olist_geolocation_dataset.csv'), PosixPath('/opt/airflow/data/raw/olist_orders_dataset.csv'), PosixPath('/opt/airflow/data/raw/olist_order_items_dataset.csv'), PosixPath('/opt/airflow/data/raw/olist_order_payments_dataset.csv'), PosixPath('/opt/airflow/data/raw/olist_order_reviews_dataset.csv'), PosixPath('/opt/airflow/data/raw/olist_products_dataset.csv'), PosixPath('/opt/airflow/data/raw/olist_sellers_dataset.csv'), PosixPath('/opt/airflow/data/raw/product_category_name_translation.csv')]
[2026-09-03T11:28:42.624+0000] {subprocess.py:106} INFO - DATASETS EXTRACTED:
[2026-09-03T11:28:42.625+0000] {subprocess.py:106} INFO - dict_keys(['olist_customers_dataset', 'olist_geolocation_dataset', 'olist_orders_dataset', 'olist_order_items_dataset', 'olist_order_payments_dataset', 'olist_order_reviews_dataset', 'olist_products_dataset', 'olist_sellers_dataset', 'product_category_name_translation'])
[2026-09-03T11:28:42.625+0000] {subprocess.py:106} INFO - order_delivered_customer_date    object
[2026-09-03T11:28:42.626+0000] {subprocess.py:106} INFO - order_purchase_timestamp         object
[2026-09-03T11:28:42.626+0000] {subprocess.py:106} INFO - dtype: object
[2026-09-03T11:28:42.626+0000] {subprocess.py:106} INFO - order_delivered_customer_date    datetime64[ns]
[2026-09-03T11:28:42.627+0000] {subprocess.py:106} INFO - order_purchase_timestamp         datetime64[ns]
[2026-09-03T11:28:42.628+0000] {subprocess.py:106} INFO - dtype: object
[2026-09-03T11:28:42.628+0000] {subprocess.py:106} INFO - order_delivered_customer_date    datetime64[ns]
[2026-09-03T11:28:42.628+0000] {subprocess.py:106} INFO - order_purchase_timestamp         datetime64[ns]
[2026-09-03T11:28:42.629+0000] {subprocess.py:106} INFO - dtype: object
[2026-09-03T11:28:42.629+0000] {subprocess.py:106} INFO - order_delivered_customer_date    datetime64[ns]
[2026-09-03T11:28:42.630+0000] {subprocess.py:106} INFO - order_purchase_timestamp         datetime64[ns]
[2026-09-03T11:28:42.630+0000] {subprocess.py:106} INFO - dtype: object
[2026-09-03T11:28:42.630+0000] {subprocess.py:106} INFO - order_delivered_customer_date    datetime64[ns]
[2026-09-03T11:28:42.631+0000] {subprocess.py:106} INFO - order_purchase_timestamp         datetime64[ns]
[2026-09-03T11:28:42.631+0000] {subprocess.py:106} INFO - dtype: object
[2026-09-03T11:28:42.632+0000] {subprocess.py:106} INFO - order_delivered_customer_date    datetime64[ns]
[2026-09-03T11:28:42.632+0000] {subprocess.py:106} INFO - order_purchase_timestamp         datetime64[ns]
[2026-09-03T11:28:42.632+0000] {subprocess.py:106} INFO - dtype: object
[2026-09-03T11:28:42.633+0000] {subprocess.py:106} INFO - order_delivered_customer_date    datetime64[ns]
[2026-09-03T11:28:42.633+0000] {subprocess.py:106} INFO - order_purchase_timestamp         datetime64[ns]
[2026-09-03T11:28:42.633+0000] {subprocess.py:106} INFO - dtype: object
[2026-09-03T11:28:42.634+0000] {subprocess.py:106} INFO - order_delivered_customer_date    datetime64[ns]
[2026-09-03T11:28:42.634+0000] {subprocess.py:106} INFO - order_purchase_timestamp         datetime64[ns]
[2026-09-03T11:28:42.634+0000] {subprocess.py:106} INFO - dtype: object
[2026-09-03T11:28:42.635+0000] {subprocess.py:106} INFO - order_delivered_customer_date    datetime64[ns]
[2026-09-03T11:28:42.635+0000] {subprocess.py:106} INFO - order_purchase_timestamp         datetime64[ns]
[2026-09-03T11:28:42.636+0000] {subprocess.py:106} INFO - dtype: object
[2026-09-03T11:28:42.729+0000] {subprocess.py:110} INFO - Command exited with return code 0
[2026-09-03T11:28:42.769+0000] {taskinstance.py:340} INFO - ::group::Post task execution logs
[2026-09-03T11:28:42.769+0000] {taskinstance.py:352} INFO - Marking task as SUCCESS. dag_id=etl_pipeline, task_id=transform_data, run_id=manual__2026-09-03T11:28:29.948059+00:00, execution_date=20260903T112829, start_date=20260903T112835, end_date=20260903T112842
[2026-09-03T11:28:42.831+0000] {local_task_job_runner.py:266} INFO - Task exited with return code 0
[2026-09-03T11:28:42.845+0000] {local_task_job_runner.py:245} INFO - ::endgroup::
