[2026-08-31T19:15:31.667+0000] {local_task_job_runner.py:123} INFO - ::group::Pre task execution logs
[2026-08-31T19:15:31.696+0000] {taskinstance.py:2613} INFO - Dependencies all met for dep_context=non-requeueable deps ti=<TaskInstance: etl_pipeline.dim_date manual__2026-08-31T19:15:24.761441+00:00 [queued]>
[2026-08-31T19:15:31.708+0000] {taskinstance.py:2613} INFO - Dependencies all met for dep_context=requeueable deps ti=<TaskInstance: etl_pipeline.dim_date manual__2026-08-31T19:15:24.761441+00:00 [queued]>
[2026-08-31T19:15:31.709+0000] {taskinstance.py:2866} INFO - Starting attempt 1 of 1
[2026-08-31T19:15:31.728+0000] {taskinstance.py:2889} INFO - Executing <Task(BashOperator): dim_date> on 2026-08-31 19:15:24.761441+00:00
[2026-08-31T19:15:31.741+0000] {standard_task_runner.py:104} INFO - Running: ['airflow', 'tasks', 'run', 'etl_pipeline', 'dim_date', 'manual__2026-08-31T19:15:24.761441+00:00', '--job-id', '23', '--raw', '--subdir', 'DAGS_FOLDER/sales_etl_dag.py', '--cfg-path', '/tmp/tmp4v43fob8']
[2026-08-31T19:15:31.745+0000] {logging_mixin.py:190} WARNING - /home/airflow/.local/lib/python3.12/site-packages/airflow/task/task_runner/standard_task_runner.py:70 DeprecationWarning: This process (pid=609) is multi-threaded, use of fork() may lead to deadlocks in the child.
[2026-08-31T19:15:31.746+0000] {standard_task_runner.py:105} INFO - Job 23: Subtask dim_date
[2026-08-31T19:15:31.747+0000] {standard_task_runner.py:72} INFO - Started process 616 to run task
[2026-08-31T19:15:31.840+0000] {task_command.py:467} INFO - Running <TaskInstance: etl_pipeline.dim_date manual__2026-08-31T19:15:24.761441+00:00 [running]> on host f252e9273545
[2026-08-31T19:15:31.939+0000] {taskinstance.py:3132} INFO - Exporting env vars: AIRFLOW_CTX_DAG_OWNER='airflow' AIRFLOW_CTX_DAG_ID='etl_pipeline' AIRFLOW_CTX_TASK_ID='dim_date' AIRFLOW_CTX_EXECUTION_DATE='2026-08-31T19:15:24.761441+00:00' AIRFLOW_CTX_TRY_NUMBER='1' AIRFLOW_CTX_DAG_RUN_ID='manual__2026-08-31T19:15:24.761441+00:00'
[2026-08-31T19:15:31.940+0000] {taskinstance.py:731} INFO - ::endgroup::
[2026-08-31T19:15:31.962+0000] {subprocess.py:78} INFO - Tmp dir root location: /tmp
[2026-08-31T19:15:31.964+0000] {subprocess.py:88} INFO - Running command: ['/usr/bin/bash', '-c', 'PYTHONPATH=/opt/airflow/src python -m warehouse.dim_date']
[2026-08-31T19:15:31.980+0000] {subprocess.py:99} INFO - Output:
[2026-08-31T19:15:33.652+0000] {subprocess.py:106} INFO - Traceback (most recent call last):
[2026-08-31T19:15:33.654+0000] {subprocess.py:106} INFO -   File "/home/airflow/.local/lib/python3.12/site-packages/sqlalchemy/engine/base.py", line 3371, in _wrap_pool_connect
[2026-08-31T19:15:33.662+0000] {subprocess.py:106} INFO -     return fn()
[2026-08-31T19:15:33.662+0000] {subprocess.py:106} INFO -            ^^^^
[2026-08-31T19:15:33.663+0000] {subprocess.py:106} INFO -   File "/home/airflow/.local/lib/python3.12/site-packages/sqlalchemy/pool/base.py", line 327, in connect
[2026-08-31T19:15:33.663+0000] {subprocess.py:106} INFO -     return _ConnectionFairy._checkout(self)
[2026-08-31T19:15:33.664+0000] {subprocess.py:106} INFO -            ^^^^^^^^^^^^^^^^^^^^^^^^^^^^^^^^
[2026-08-31T19:15:33.664+0000] {subprocess.py:106} INFO -   File "/home/airflow/.local/lib/python3.12/site-packages/sqlalchemy/pool/base.py", line 894, in _checkout
[2026-08-31T19:15:33.665+0000] {subprocess.py:106} INFO -     fairy = _ConnectionRecord.checkout(pool)
[2026-08-31T19:15:33.666+0000] {subprocess.py:106} INFO -             ^^^^^^^^^^^^^^^^^^^^^^^^^^^^^^^^
[2026-08-31T19:15:33.666+0000] {subprocess.py:106} INFO -   File "/home/airflow/.local/lib/python3.12/site-packages/sqlalchemy/pool/base.py", line 493, in checkout
[2026-08-31T19:15:33.666+0000] {subprocess.py:106} INFO -     rec = pool._do_get()
[2026-08-31T19:15:33.667+0000] {subprocess.py:106} INFO -           ^^^^^^^^^^^^^^
[2026-08-31T19:15:33.667+0000] {subprocess.py:106} INFO -   File "/home/airflow/.local/lib/python3.12/site-packages/sqlalchemy/pool/impl.py", line 145, in _do_get
[2026-08-31T19:15:33.668+0000] {subprocess.py:106} INFO -     with util.safe_reraise():
[2026-08-31T19:15:33.668+0000] {subprocess.py:106} INFO -          ^^^^^^^^^^^^^^^^^^^
[2026-08-31T19:15:33.669+0000] {subprocess.py:106} INFO -   File "/home/airflow/.local/lib/python3.12/site-packages/sqlalchemy/util/langhelpers.py", line 70, in __exit__
[2026-08-31T19:15:33.669+0000] {subprocess.py:106} INFO -     compat.raise_(
[2026-08-31T19:15:33.670+0000] {subprocess.py:106} INFO -   File "/home/airflow/.local/lib/python3.12/site-packages/sqlalchemy/util/compat.py", line 211, in raise_
[2026-08-31T19:15:33.670+0000] {subprocess.py:106} INFO -     raise exception
[2026-08-31T19:15:33.671+0000] {subprocess.py:106} INFO -   File "/home/airflow/.local/lib/python3.12/site-packages/sqlalchemy/pool/impl.py", line 143, in _do_get
[2026-08-31T19:15:33.671+0000] {subprocess.py:106} INFO -     return self._create_connection()
[2026-08-31T19:15:33.672+0000] {subprocess.py:106} INFO -            ^^^^^^^^^^^^^^^^^^^^^^^^^
[2026-08-31T19:15:33.672+0000] {subprocess.py:106} INFO -   File "/home/airflow/.local/lib/python3.12/site-packages/sqlalchemy/pool/base.py", line 273, in _create_connection
[2026-08-31T19:15:33.673+0000] {subprocess.py:106} INFO -     return _ConnectionRecord(self)
[2026-08-31T19:15:33.673+0000] {subprocess.py:106} INFO -            ^^^^^^^^^^^^^^^^^^^^^^^
[2026-08-31T19:15:33.677+0000] {subprocess.py:106} INFO -   File "/home/airflow/.local/lib/python3.12/site-packages/sqlalchemy/pool/base.py", line 388, in __init__
[2026-08-31T19:15:33.678+0000] {subprocess.py:106} INFO -     self.__connect()
[2026-08-31T19:15:33.678+0000] {subprocess.py:106} INFO -   File "/home/airflow/.local/lib/python3.12/site-packages/sqlalchemy/pool/base.py", line 690, in __connect
[2026-08-31T19:15:33.679+0000] {subprocess.py:106} INFO -     with util.safe_reraise():
[2026-08-31T19:15:33.679+0000] {subprocess.py:106} INFO -          ^^^^^^^^^^^^^^^^^^^
[2026-08-31T19:15:33.680+0000] {subprocess.py:106} INFO -   File "/home/airflow/.local/lib/python3.12/site-packages/sqlalchemy/util/langhelpers.py", line 70, in __exit__
[2026-08-31T19:15:33.680+0000] {subprocess.py:106} INFO -     compat.raise_(
[2026-08-31T19:15:33.681+0000] {subprocess.py:106} INFO -   File "/home/airflow/.local/lib/python3.12/site-packages/sqlalchemy/util/compat.py", line 211, in raise_
[2026-08-31T19:15:33.681+0000] {subprocess.py:106} INFO -     raise exception
[2026-08-31T19:15:33.682+0000] {subprocess.py:106} INFO -   File "/home/airflow/.local/lib/python3.12/site-packages/sqlalchemy/pool/base.py", line 686, in __connect
[2026-08-31T19:15:33.683+0000] {subprocess.py:106} INFO -     self.dbapi_connection = connection = pool._invoke_creator(self)
[2026-08-31T19:15:33.683+0000] {subprocess.py:106} INFO -                                          ^^^^^^^^^^^^^^^^^^^^^^^^^^
[2026-08-31T19:15:33.684+0000] {subprocess.py:106} INFO -   File "/home/airflow/.local/lib/python3.12/site-packages/sqlalchemy/engine/create.py", line 574, in connect
[2026-08-31T19:15:33.684+0000] {subprocess.py:106} INFO -     return dialect.connect(*cargs, **cparams)
[2026-08-31T19:15:33.685+0000] {subprocess.py:106} INFO -            ^^^^^^^^^^^^^^^^^^^^^^^^^^^^^^^^^^
[2026-08-31T19:15:33.685+0000] {subprocess.py:106} INFO -   File "/home/airflow/.local/lib/python3.12/site-packages/sqlalchemy/engine/default.py", line 598, in connect
[2026-08-31T19:15:33.686+0000] {subprocess.py:106} INFO -     return self.dbapi.connect(*cargs, **cparams)
[2026-08-31T19:15:33.686+0000] {subprocess.py:106} INFO -            ^^^^^^^^^^^^^^^^^^^^^^^^^^^^^^^^^^^^^
[2026-08-31T19:15:33.687+0000] {subprocess.py:106} INFO -   File "/home/airflow/.local/lib/python3.12/site-packages/psycopg2/__init__.py", line 122, in connect
[2026-08-31T19:15:33.688+0000] {subprocess.py:106} INFO -     conn = _connect(dsn, connection_factory=connection_factory, **kwasync)
[2026-08-31T19:15:33.693+0000] {subprocess.py:106} INFO -            ^^^^^^^^^^^^^^^^^^^^^^^^^^^^^^^^^^^^^^^^^^^^^^^^^^^^^^^^^^^^^^^
[2026-08-31T19:15:33.694+0000] {subprocess.py:106} INFO - psycopg2.OperationalError: connection to server at "postgres" (172.18.0.2), port 5432 failed: FATAL:  *** authentication failed for user "None"
[2026-08-31T19:15:33.696+0000] {subprocess.py:106} INFO - 
[2026-08-31T19:15:33.697+0000] {subprocess.py:106} INFO - 
[2026-08-31T19:15:33.698+0000] {subprocess.py:106} INFO - The above exception was the direct cause of the following exception:
[2026-08-31T19:15:33.698+0000] {subprocess.py:106} INFO - 
[2026-08-31T19:15:33.699+0000] {subprocess.py:106} INFO - Traceback (most recent call last):
[2026-08-31T19:15:33.699+0000] {subprocess.py:106} INFO -   File "<frozen runpy>", line 198, in _run_module_as_main
[2026-08-31T19:15:33.700+0000] {subprocess.py:106} INFO -   File "<frozen runpy>", line 88, in _run_code
[2026-08-31T19:15:33.700+0000] {subprocess.py:106} INFO -   File "/opt/airflow/src/warehouse/dim_date.py", line 18, in <module>
[2026-08-31T19:15:33.701+0000] {subprocess.py:106} INFO -     with engine.connect() as connection:
[2026-08-31T19:15:33.701+0000] {subprocess.py:106} INFO -          ^^^^^^^^^^^^^^^^
[2026-08-31T19:15:33.702+0000] {subprocess.py:106} INFO -   File "/home/airflow/.local/lib/python3.12/site-packages/sqlalchemy/engine/base.py", line 3325, in connect
[2026-08-31T19:15:33.702+0000] {subprocess.py:106} INFO -     return self._connection_cls(self, close_with_result=close_with_result)
[2026-08-31T19:15:33.702+0000] {subprocess.py:106} INFO -            ^^^^^^^^^^^^^^^^^^^^^^^^^^^^^^^^^^^^^^^^^^^^^^^^^^^^^^^^^^^^^^^
[2026-08-31T19:15:33.703+0000] {subprocess.py:106} INFO -   File "/home/airflow/.local/lib/python3.12/site-packages/sqlalchemy/engine/base.py", line 96, in __init__
[2026-08-31T19:15:33.703+0000] {subprocess.py:106} INFO -     else engine.raw_connection()
[2026-08-31T19:15:33.704+0000] {subprocess.py:106} INFO -          ^^^^^^^^^^^^^^^^^^^^^^^
[2026-08-31T19:15:33.704+0000] {subprocess.py:106} INFO -   File "/home/airflow/.local/lib/python3.12/site-packages/sqlalchemy/engine/base.py", line 3404, in raw_connection
[2026-08-31T19:15:33.705+0000] {subprocess.py:106} INFO -     return self._wrap_pool_connect(self.pool.connect, _connection)
[2026-08-31T19:15:33.705+0000] {subprocess.py:106} INFO -            ^^^^^^^^^^^^^^^^^^^^^^^^^^^^^^^^^^^^^^^^^^^^^^^^^^^^^^^
[2026-08-31T19:15:33.706+0000] {subprocess.py:106} INFO -   File "/home/airflow/.local/lib/python3.12/site-packages/sqlalchemy/engine/base.py", line 3374, in _wrap_pool_connect
[2026-08-31T19:15:33.707+0000] {subprocess.py:106} INFO -     Connection._handle_dbapi_exception_noconnection(
[2026-08-31T19:15:33.707+0000] {subprocess.py:106} INFO -   File "/home/airflow/.local/lib/python3.12/site-packages/sqlalchemy/engine/base.py", line 2208, in _handle_dbapi_exception_noconnection
[2026-08-31T19:15:33.708+0000] {subprocess.py:106} INFO -     util.raise_(
[2026-08-31T19:15:33.708+0000] {subprocess.py:106} INFO -   File "/home/airflow/.local/lib/python3.12/site-packages/sqlalchemy/util/compat.py", line 211, in raise_
[2026-08-31T19:15:33.709+0000] {subprocess.py:106} INFO -     raise exception
[2026-08-31T19:15:33.709+0000] {subprocess.py:106} INFO -   File "/home/airflow/.local/lib/python3.12/site-packages/sqlalchemy/engine/base.py", line 3371, in _wrap_pool_connect
[2026-08-31T19:15:33.710+0000] {subprocess.py:106} INFO -     return fn()
[2026-08-31T19:15:33.710+0000] {subprocess.py:106} INFO -            ^^^^
[2026-08-31T19:15:33.711+0000] {subprocess.py:106} INFO -   File "/home/airflow/.local/lib/python3.12/site-packages/sqlalchemy/pool/base.py", line 327, in connect
[2026-08-31T19:15:33.711+0000] {subprocess.py:106} INFO -     return _ConnectionFairy._checkout(self)
[2026-08-31T19:15:33.711+0000] {subprocess.py:106} INFO -            ^^^^^^^^^^^^^^^^^^^^^^^^^^^^^^^^
[2026-08-31T19:15:33.712+0000] {subprocess.py:106} INFO -   File "/home/airflow/.local/lib/python3.12/site-packages/sqlalchemy/pool/base.py", line 894, in _checkout
[2026-08-31T19:15:33.712+0000] {subprocess.py:106} INFO -     fairy = _ConnectionRecord.checkout(pool)
[2026-08-31T19:15:33.713+0000] {subprocess.py:106} INFO -             ^^^^^^^^^^^^^^^^^^^^^^^^^^^^^^^^
[2026-08-31T19:15:33.713+0000] {subprocess.py:106} INFO -   File "/home/airflow/.local/lib/python3.12/site-packages/sqlalchemy/pool/base.py", line 493, in checkout
[2026-08-31T19:15:33.714+0000] {subprocess.py:106} INFO -     rec = pool._do_get()
[2026-08-31T19:15:33.715+0000] {subprocess.py:106} INFO -           ^^^^^^^^^^^^^^
[2026-08-31T19:15:33.715+0000] {subprocess.py:106} INFO -   File "/home/airflow/.local/lib/python3.12/site-packages/sqlalchemy/pool/impl.py", line 145, in _do_get
[2026-08-31T19:15:33.716+0000] {subprocess.py:106} INFO -     with util.safe_reraise():
[2026-08-31T19:15:33.716+0000] {subprocess.py:106} INFO -          ^^^^^^^^^^^^^^^^^^^
[2026-08-31T19:15:33.717+0000] {subprocess.py:106} INFO -   File "/home/airflow/.local/lib/python3.12/site-packages/sqlalchemy/util/langhelpers.py", line 70, in __exit__
[2026-08-31T19:15:33.717+0000] {subprocess.py:106} INFO -     compat.raise_(
[2026-08-31T19:15:33.718+0000] {subprocess.py:106} INFO -   File "/home/airflow/.local/lib/python3.12/site-packages/sqlalchemy/util/compat.py", line 211, in raise_
[2026-08-31T19:15:33.718+0000] {subprocess.py:106} INFO -     raise exception
[2026-08-31T19:15:33.719+0000] {subprocess.py:106} INFO -   File "/home/airflow/.local/lib/python3.12/site-packages/sqlalchemy/pool/impl.py", line 143, in _do_get
[2026-08-31T19:15:33.719+0000] {subprocess.py:106} INFO -     return self._create_connection()
[2026-08-31T19:15:33.719+0000] {subprocess.py:106} INFO -            ^^^^^^^^^^^^^^^^^^^^^^^^^
[2026-08-31T19:15:33.720+0000] {subprocess.py:106} INFO -   File "/home/airflow/.local/lib/python3.12/site-packages/sqlalchemy/pool/base.py", line 273, in _create_connection
[2026-08-31T19:15:33.720+0000] {subprocess.py:106} INFO -     return _ConnectionRecord(self)
[2026-08-31T19:15:33.721+0000] {subprocess.py:106} INFO -            ^^^^^^^^^^^^^^^^^^^^^^^
[2026-08-31T19:15:33.721+0000] {subprocess.py:106} INFO -   File "/home/airflow/.local/lib/python3.12/site-packages/sqlalchemy/pool/base.py", line 388, in __init__
[2026-08-31T19:15:33.722+0000] {subprocess.py:106} INFO -     self.__connect()
[2026-08-31T19:15:33.722+0000] {subprocess.py:106} INFO -   File "/home/airflow/.local/lib/python3.12/site-packages/sqlalchemy/pool/base.py", line 690, in __connect
[2026-08-31T19:15:33.722+0000] {subprocess.py:106} INFO -     with util.safe_reraise():
[2026-08-31T19:15:33.723+0000] {subprocess.py:106} INFO -          ^^^^^^^^^^^^^^^^^^^
[2026-08-31T19:15:33.724+0000] {subprocess.py:106} INFO -   File "/home/airflow/.local/lib/python3.12/site-packages/sqlalchemy/util/langhelpers.py", line 70, in __exit__
[2026-08-31T19:15:33.725+0000] {subprocess.py:106} INFO -     compat.raise_(
[2026-08-31T19:15:33.725+0000] {subprocess.py:106} INFO -   File "/home/airflow/.local/lib/python3.12/site-packages/sqlalchemy/util/compat.py", line 211, in raise_
[2026-08-31T19:15:33.726+0000] {subprocess.py:106} INFO -     raise exception
[2026-08-31T19:15:33.727+0000] {subprocess.py:106} INFO -   File "/home/airflow/.local/lib/python3.12/site-packages/sqlalchemy/pool/base.py", line 686, in __connect
[2026-08-31T19:15:33.727+0000] {subprocess.py:106} INFO -     self.dbapi_connection = connection = pool._invoke_creator(self)
[2026-08-31T19:15:33.728+0000] {subprocess.py:106} INFO -                                          ^^^^^^^^^^^^^^^^^^^^^^^^^^
[2026-08-31T19:15:33.728+0000] {subprocess.py:106} INFO -   File "/home/airflow/.local/lib/python3.12/site-packages/sqlalchemy/engine/create.py", line 574, in connect
[2026-08-31T19:15:33.728+0000] {subprocess.py:106} INFO -     return dialect.connect(*cargs, **cparams)
[2026-08-31T19:15:33.729+0000] {subprocess.py:106} INFO -            ^^^^^^^^^^^^^^^^^^^^^^^^^^^^^^^^^^
[2026-08-31T19:15:33.730+0000] {subprocess.py:106} INFO -   File "/home/airflow/.local/lib/python3.12/site-packages/sqlalchemy/engine/default.py", line 598, in connect
[2026-08-31T19:15:33.730+0000] {subprocess.py:106} INFO -     return self.dbapi.connect(*cargs, **cparams)
[2026-08-31T19:15:33.731+0000] {subprocess.py:106} INFO -            ^^^^^^^^^^^^^^^^^^^^^^^^^^^^^^^^^^^^^
[2026-08-31T19:15:33.731+0000] {subprocess.py:106} INFO -   File "/home/airflow/.local/lib/python3.12/site-packages/psycopg2/__init__.py", line 122, in connect
[2026-08-31T19:15:33.732+0000] {subprocess.py:106} INFO -     conn = _connect(dsn, connection_factory=connection_factory, **kwasync)
[2026-08-31T19:15:33.732+0000] {subprocess.py:106} INFO -            ^^^^^^^^^^^^^^^^^^^^^^^^^^^^^^^^^^^^^^^^^^^^^^^^^^^^^^^^^^^^^^^
[2026-08-31T19:15:33.733+0000] {subprocess.py:106} INFO - sqlalchemy.exc.OperationalError: (psycopg2.OperationalError) connection to server at "postgres" (172.18.0.2), port 5432 failed: FATAL:  *** authentication failed for user "None"
[2026-08-31T19:15:33.733+0000] {subprocess.py:106} INFO - 
[2026-08-31T19:15:33.734+0000] {subprocess.py:106} INFO - (Background on this error at: https://sqlalche.me/e/14/e3q8)
[2026-08-31T19:15:33.840+0000] {subprocess.py:110} INFO - Command exited with return code 1
[2026-08-31T19:15:33.860+0000] {taskinstance.py:3311} ERROR - Task failed with exception
Traceback (most recent call last):
  File "/home/airflow/.local/lib/python3.12/site-packages/airflow/models/taskinstance.py", line 767, in _execute_task
    result = _execute_callable(context=context, **execute_callable_kwargs)
             ^^^^^^^^^^^^^^^^^^^^^^^^^^^^^^^^^^^^^^^^^^^^^^^^^^^^^^^^^^^^^
  File "/home/airflow/.local/lib/python3.12/site-packages/airflow/models/taskinstance.py", line 733, in _execute_callable
    return ExecutionCallableRunner(
           ^^^^^^^^^^^^^^^^^^^^^^^^
  File "/home/airflow/.local/lib/python3.12/site-packages/airflow/utils/operator_helpers.py", line 252, in run
    return self.func(*args, **kwargs)
           ^^^^^^^^^^^^^^^^^^^^^^^^^^
  File "/home/airflow/.local/lib/python3.12/site-packages/airflow/models/baseoperator.py", line 422, in wrapper
    return func(self, *args, **kwargs)
           ^^^^^^^^^^^^^^^^^^^^^^^^^^^
  File "/home/airflow/.local/lib/python3.12/site-packages/airflow/operators/bash.py", line 276, in execute
    raise AirflowException(
airflow.exceptions.AirflowException: Bash command failed. The command returned a non-zero exit code 1.
[2026-08-31T19:15:33.867+0000] {taskinstance.py:1225} INFO - Marking task as FAILED. dag_id=etl_pipeline, task_id=dim_date, run_id=manual__2026-08-31T19:15:24.761441+00:00, execution_date=20260831T191524, start_date=20260831T191531, end_date=20260831T191533
[2026-08-31T19:15:33.896+0000] {taskinstance.py:340} INFO - ::group::Post task execution logs
[2026-08-31T19:15:33.897+0000] {standard_task_runner.py:124} ERROR - Failed to execute job 23 for task dim_date (Bash command failed. The command returned a non-zero exit code 1.; 616)
Traceback (most recent call last):
  File "/home/airflow/.local/lib/python3.12/site-packages/airflow/task/task_runner/standard_task_runner.py", line 117, in _start_by_fork
    ret = args.func(args, dag=self.dag)
          ^^^^^^^^^^^^^^^^^^^^^^^^^^^^^
  File "/home/airflow/.local/lib/python3.12/site-packages/airflow/cli/cli_config.py", line 49, in command
    return func(*args, **kwargs)
           ^^^^^^^^^^^^^^^^^^^^^
  File "/home/airflow/.local/lib/python3.12/site-packages/airflow/utils/cli.py", line 116, in wrapper
    return f(*args, **kwargs)
           ^^^^^^^^^^^^^^^^^^
  File "/home/airflow/.local/lib/python3.12/site-packages/airflow/cli/commands/task_command.py", line 483, in task_run
    task_return_code = _run_task_by_selected_method(args, _dag, ti)
                       ^^^^^^^^^^^^^^^^^^^^^^^^^^^^^^^^^^^^^^^^^^^^
  File "/home/airflow/.local/lib/python3.12/site-packages/airflow/cli/commands/task_command.py", line 256, in _run_task_by_selected_method
    return _run_raw_task(args, ti)
           ^^^^^^^^^^^^^^^^^^^^^^^
  File "/home/airflow/.local/lib/python3.12/site-packages/airflow/cli/commands/task_command.py", line 341, in _run_raw_task
    return ti._run_raw_task(
           ^^^^^^^^^^^^^^^^^
  File "/home/airflow/.local/lib/python3.12/site-packages/airflow/utils/session.py", line 97, in wrapper
    return func(*args, session=session, **kwargs)
           ^^^^^^^^^^^^^^^^^^^^^^^^^^^^^^^^^^^^^^
  File "/home/airflow/.local/lib/python3.12/site-packages/airflow/models/taskinstance.py", line 3005, in _run_raw_task
    return _run_raw_task(
           ^^^^^^^^^^^^^^
  File "/home/airflow/.local/lib/python3.12/site-packages/airflow/models/taskinstance.py", line 273, in _run_raw_task
    TaskInstance._execute_task_with_callbacks(
  File "/home/airflow/.local/lib/python3.12/site-packages/airflow/models/taskinstance.py", line 3159, in _execute_task_with_callbacks
    result = self._execute_task(context, task_orig)
             ^^^^^^^^^^^^^^^^^^^^^^^^^^^^^^^^^^^^^^
  File "/home/airflow/.local/lib/python3.12/site-packages/airflow/models/taskinstance.py", line 3183, in _execute_task
    return _execute_task(self, context, task_orig)
           ^^^^^^^^^^^^^^^^^^^^^^^^^^^^^^^^^^^^^^^
  File "/home/airflow/.local/lib/python3.12/site-packages/airflow/models/taskinstance.py", line 767, in _execute_task
    result = _execute_callable(context=context, **execute_callable_kwargs)
             ^^^^^^^^^^^^^^^^^^^^^^^^^^^^^^^^^^^^^^^^^^^^^^^^^^^^^^^^^^^^^
  File "/home/airflow/.local/lib/python3.12/site-packages/airflow/models/taskinstance.py", line 733, in _execute_callable
    return ExecutionCallableRunner(
           ^^^^^^^^^^^^^^^^^^^^^^^^
  File "/home/airflow/.local/lib/python3.12/site-packages/airflow/utils/operator_helpers.py", line 252, in run
    return self.func(*args, **kwargs)
           ^^^^^^^^^^^^^^^^^^^^^^^^^^
  File "/home/airflow/.local/lib/python3.12/site-packages/airflow/models/baseoperator.py", line 422, in wrapper
    return func(self, *args, **kwargs)
           ^^^^^^^^^^^^^^^^^^^^^^^^^^^
  File "/home/airflow/.local/lib/python3.12/site-packages/airflow/operators/bash.py", line 276, in execute
    raise AirflowException(
airflow.exceptions.AirflowException: Bash command failed. The command returned a non-zero exit code 1.
[2026-08-31T19:15:33.935+0000] {local_task_job_runner.py:266} INFO - Task exited with return code 1
[2026-08-31T19:15:33.961+0000] {taskinstance.py:3895} INFO - 0 downstream tasks scheduled from follow-on schedule check
[2026-08-31T19:15:33.965+0000] {local_task_job_runner.py:245} INFO - ::endgroup::
