[2026-08-31T14:38:41.366+0000] {local_task_job_runner.py:123} INFO - ::group::Pre task execution logs
[2026-08-31T14:38:41.384+0000] {taskinstance.py:2613} INFO - Dependencies all met for dep_context=non-requeueable deps ti=<TaskInstance: etl_pipeline.extract_csv manual__2026-08-31T14:38:40.049477+00:00 [queued]>
[2026-08-31T14:38:41.395+0000] {taskinstance.py:2613} INFO - Dependencies all met for dep_context=requeueable deps ti=<TaskInstance: etl_pipeline.extract_csv manual__2026-08-31T14:38:40.049477+00:00 [queued]>
[2026-08-31T14:38:41.396+0000] {taskinstance.py:2866} INFO - Starting attempt 1 of 1
[2026-08-31T14:38:41.410+0000] {taskinstance.py:2889} INFO - Executing <Task(BashOperator): extract_csv> on 2026-08-31 14:38:40.049477+00:00
[2026-08-31T14:38:41.418+0000] {standard_task_runner.py:104} INFO - Running: ['airflow', 'tasks', 'run', 'etl_pipeline', 'extract_csv', 'manual__2026-08-31T14:38:40.049477+00:00', '--job-id', '12', '--raw', '--subdir', 'DAGS_FOLDER/sales_etl_dag.py', '--cfg-path', '/tmp/tmpocx1f96k']
[2026-08-31T14:38:41.421+0000] {logging_mixin.py:190} WARNING - /home/airflow/.local/lib/python3.12/site-packages/airflow/task/task_runner/standard_task_runner.py:70 DeprecationWarning: This process (pid=192) is multi-threaded, use of fork() may lead to deadlocks in the child.
[2026-08-31T14:38:41.421+0000] {standard_task_runner.py:105} INFO - Job 12: Subtask extract_csv
[2026-08-31T14:38:41.422+0000] {standard_task_runner.py:72} INFO - Started process 193 to run task
[2026-08-31T14:38:41.495+0000] {task_command.py:467} INFO - Running <TaskInstance: etl_pipeline.extract_csv manual__2026-08-31T14:38:40.049477+00:00 [running]> on host 1f7b330185f3
[2026-08-31T14:38:41.580+0000] {taskinstance.py:3132} INFO - Exporting env vars: AIRFLOW_CTX_DAG_OWNER='airflow' AIRFLOW_CTX_DAG_ID='etl_pipeline' AIRFLOW_CTX_TASK_ID='extract_csv' AIRFLOW_CTX_EXECUTION_DATE='2026-08-31T14:38:40.049477+00:00' AIRFLOW_CTX_TRY_NUMBER='1' AIRFLOW_CTX_DAG_RUN_ID='manual__2026-08-31T14:38:40.049477+00:00'
[2026-08-31T14:38:41.581+0000] {taskinstance.py:731} INFO - ::endgroup::
[2026-08-31T14:38:41.614+0000] {subprocess.py:78} INFO - Tmp dir root location: /tmp
[2026-08-31T14:38:41.615+0000] {subprocess.py:88} INFO - Running command: ['/usr/bin/bash', '-c', 'PYTHONPATH=/opt/airflow/src python -m extract']
[2026-08-31T14:38:41.623+0000] {subprocess.py:99} INFO - Output:
[2026-08-31T14:38:43.240+0000] {subprocess.py:110} INFO - Command exited with return code 0
[2026-08-31T14:38:43.267+0000] {taskinstance.py:340} INFO - ::group::Post task execution logs
[2026-08-31T14:38:43.268+0000] {taskinstance.py:352} INFO - Marking task as SUCCESS. dag_id=etl_pipeline, task_id=extract_csv, run_id=manual__2026-08-31T14:38:40.049477+00:00, execution_date=20260831T143840, start_date=20260831T143841, end_date=20260831T143843
[2026-08-31T14:38:43.286+0000] {local_task_job_runner.py:266} INFO - Task exited with return code 0
[2026-08-31T14:38:43.307+0000] {taskinstance.py:3895} INFO - 1 downstream tasks scheduled from follow-on schedule check
[2026-08-31T14:38:43.310+0000] {local_task_job_runner.py:245} INFO - ::endgroup::
