[2026-08-31T18:57:26.260+0000] {local_task_job_runner.py:123} INFO - ::group::Pre task execution logs
[2026-08-31T18:57:26.278+0000] {taskinstance.py:2613} INFO - Dependencies all met for dep_context=non-requeueable deps ti=<TaskInstance: etl_pipeline.load_data manual__2026-08-31T18:57:20.591030+00:00 [queued]>
[2026-08-31T18:57:26.285+0000] {taskinstance.py:2613} INFO - Dependencies all met for dep_context=requeueable deps ti=<TaskInstance: etl_pipeline.load_data manual__2026-08-31T18:57:20.591030+00:00 [queued]>
[2026-08-31T18:57:26.286+0000] {taskinstance.py:2866} INFO - Starting attempt 1 of 1
[2026-08-31T18:57:26.299+0000] {taskinstance.py:2889} INFO - Executing <Task(BashOperator): load_data> on 2026-08-31 18:57:20.591030+00:00
[2026-08-31T18:57:26.308+0000] {standard_task_runner.py:104} INFO - Running: ['airflow', 'tasks', 'run', 'etl_pipeline', 'load_data', 'manual__2026-08-31T18:57:20.591030+00:00', '--job-id', '7', '--raw', '--subdir', 'DAGS_FOLDER/sales_etl_dag.py', '--cfg-path', '/tmp/tmpdo4_rtg1']
[2026-08-31T18:57:26.310+0000] {standard_task_runner.py:105} INFO - Job 7: Subtask load_data
[2026-08-31T18:57:26.311+0000] {logging_mixin.py:190} WARNING - /home/airflow/.local/lib/python3.12/site-packages/airflow/task/task_runner/standard_task_runner.py:70 DeprecationWarning: This process (pid=321) is multi-threaded, use of fork() may lead to deadlocks in the child.
[2026-08-31T18:57:26.312+0000] {standard_task_runner.py:72} INFO - Started process 322 to run task
[2026-08-31T18:57:26.380+0000] {task_command.py:467} INFO - Running <TaskInstance: etl_pipeline.load_data manual__2026-08-31T18:57:20.591030+00:00 [running]> on host f252e9273545
[2026-08-31T18:57:26.475+0000] {taskinstance.py:3132} INFO - Exporting env vars: AIRFLOW_CTX_DAG_OWNER='airflow' AIRFLOW_CTX_DAG_ID='etl_pipeline' AIRFLOW_CTX_TASK_ID='load_data' AIRFLOW_CTX_EXECUTION_DATE='2026-08-31T18:57:20.591030+00:00' AIRFLOW_CTX_TRY_NUMBER='1' AIRFLOW_CTX_DAG_RUN_ID='manual__2026-08-31T18:57:20.591030+00:00'
[2026-08-31T18:57:26.477+0000] {taskinstance.py:731} INFO - ::endgroup::
[2026-08-31T18:57:26.516+0000] {subprocess.py:78} INFO - Tmp dir root location: /tmp
[2026-08-31T18:57:26.517+0000] {subprocess.py:88} INFO - Running command: ['/usr/bin/bash', '-c', 'PYTHONPATH=/opt/airflow/src python -m load']
[2026-08-31T18:57:26.532+0000] {subprocess.py:99} INFO - Output:
[2026-08-31T18:57:27.706+0000] {subprocess.py:106} INFO - DATASETS EXTRACTED:
[2026-08-31T18:57:27.707+0000] {subprocess.py:106} INFO - dict_keys([])
[2026-08-31T18:57:27.786+0000] {subprocess.py:110} INFO - Command exited with return code 0
[2026-08-31T18:57:27.811+0000] {taskinstance.py:340} INFO - ::group::Post task execution logs
[2026-08-31T18:57:27.812+0000] {taskinstance.py:352} INFO - Marking task as SUCCESS. dag_id=etl_pipeline, task_id=load_data, run_id=manual__2026-08-31T18:57:20.591030+00:00, execution_date=20260831T185720, start_date=20260831T185726, end_date=20260831T185727
[2026-08-31T18:57:27.853+0000] {local_task_job_runner.py:266} INFO - Task exited with return code 0
[2026-08-31T18:57:27.877+0000] {taskinstance.py:3895} INFO - 4 downstream tasks scheduled from follow-on schedule check
[2026-08-31T18:57:27.879+0000] {local_task_job_runner.py:245} INFO - ::endgroup::
