[2026-08-31T19:34:29.814+0000] {local_task_job_runner.py:123} INFO - ::group::Pre task execution logs
[2026-08-31T19:34:29.834+0000] {taskinstance.py:2613} INFO - Dependencies all met for dep_context=non-requeueable deps ti=<TaskInstance: etl_pipeline.extract_csv manual__2026-08-31T19:34:29.355981+00:00 [queued]>
[2026-08-31T19:34:29.841+0000] {taskinstance.py:2613} INFO - Dependencies all met for dep_context=requeueable deps ti=<TaskInstance: etl_pipeline.extract_csv manual__2026-08-31T19:34:29.355981+00:00 [queued]>
[2026-08-31T19:34:29.842+0000] {taskinstance.py:2866} INFO - Starting attempt 1 of 1
[2026-08-31T19:34:29.857+0000] {taskinstance.py:2889} INFO - Executing <Task(BashOperator): extract_csv> on 2026-08-31 19:34:29.355981+00:00
[2026-08-31T19:34:29.867+0000] {standard_task_runner.py:104} INFO - Running: ['airflow', 'tasks', 'run', 'etl_pipeline', 'extract_csv', 'manual__2026-08-31T19:34:29.355981+00:00', '--job-id', '34', '--raw', '--subdir', 'DAGS_FOLDER/sales_etl_dag.py', '--cfg-path', '/tmp/tmpuyflg4j8']
[2026-08-31T19:34:29.870+0000] {logging_mixin.py:190} WARNING - /home/airflow/.local/lib/python3.12/site-packages/airflow/task/task_runner/standard_task_runner.py:70 DeprecationWarning: This process (pid=177) is multi-threaded, use of fork() may lead to deadlocks in the child.
[2026-08-31T19:34:29.871+0000] {standard_task_runner.py:105} INFO - Job 34: Subtask extract_csv
[2026-08-31T19:34:29.871+0000] {standard_task_runner.py:72} INFO - Started process 178 to run task
[2026-08-31T19:34:29.953+0000] {task_command.py:467} INFO - Running <TaskInstance: etl_pipeline.extract_csv manual__2026-08-31T19:34:29.355981+00:00 [running]> on host a914322f514a
[2026-08-31T19:34:30.041+0000] {taskinstance.py:3132} INFO - Exporting env vars: AIRFLOW_CTX_DAG_OWNER='airflow' AIRFLOW_CTX_DAG_ID='etl_pipeline' AIRFLOW_CTX_TASK_ID='extract_csv' AIRFLOW_CTX_EXECUTION_DATE='2026-08-31T19:34:29.355981+00:00' AIRFLOW_CTX_TRY_NUMBER='1' AIRFLOW_CTX_DAG_RUN_ID='manual__2026-08-31T19:34:29.355981+00:00'
[2026-08-31T19:34:30.042+0000] {taskinstance.py:731} INFO - ::endgroup::
[2026-08-31T19:34:30.082+0000] {subprocess.py:78} INFO - Tmp dir root location: /tmp
[2026-08-31T19:34:30.083+0000] {subprocess.py:88} INFO - Running command: ['/usr/bin/bash', '-c', 'PYTHONPATH=/opt/airflow/src python -m extract']
[2026-08-31T19:34:30.091+0000] {subprocess.py:99} INFO - Output:
[2026-08-31T19:34:31.750+0000] {subprocess.py:106} INFO - DATASETS EXTRACTED:
[2026-08-31T19:34:31.750+0000] {subprocess.py:106} INFO - dict_keys([])
[2026-08-31T19:34:31.809+0000] {subprocess.py:110} INFO - Command exited with return code 0
[2026-08-31T19:34:31.835+0000] {taskinstance.py:340} INFO - ::group::Post task execution logs
[2026-08-31T19:34:31.836+0000] {taskinstance.py:352} INFO - Marking task as SUCCESS. dag_id=etl_pipeline, task_id=extract_csv, run_id=manual__2026-08-31T19:34:29.355981+00:00, execution_date=20260831T193429, start_date=20260831T193429, end_date=20260831T193431
[2026-08-31T19:34:31.857+0000] {local_task_job_runner.py:266} INFO - Task exited with return code 0
[2026-08-31T19:34:31.882+0000] {taskinstance.py:3895} INFO - 1 downstream tasks scheduled from follow-on schedule check
[2026-08-31T19:34:31.886+0000] {local_task_job_runner.py:245} INFO - ::endgroup::
