[2026-08-31T18:57:24.520+0000] {local_task_job_runner.py:123} INFO - ::group::Pre task execution logs
[2026-08-31T18:57:24.537+0000] {taskinstance.py:2613} INFO - Dependencies all met for dep_context=non-requeueable deps ti=<TaskInstance: etl_pipeline.transform_data manual__2026-08-31T18:57:20.591030+00:00 [queued]>
[2026-08-31T18:57:24.545+0000] {taskinstance.py:2613} INFO - Dependencies all met for dep_context=requeueable deps ti=<TaskInstance: etl_pipeline.transform_data manual__2026-08-31T18:57:20.591030+00:00 [queued]>
[2026-08-31T18:57:24.546+0000] {taskinstance.py:2866} INFO - Starting attempt 1 of 1
[2026-08-31T18:57:24.558+0000] {taskinstance.py:2889} INFO - Executing <Task(BashOperator): transform_data> on 2026-08-31 18:57:20.591030+00:00
[2026-08-31T18:57:24.566+0000] {standard_task_runner.py:104} INFO - Running: ['airflow', 'tasks', 'run', 'etl_pipeline', 'transform_data', 'manual__2026-08-31T18:57:20.591030+00:00', '--job-id', '6', '--raw', '--subdir', 'DAGS_FOLDER/sales_etl_dag.py', '--cfg-path', '/tmp/tmpaojp30zi']
[2026-08-31T18:57:24.568+0000] {standard_task_runner.py:105} INFO - Job 6: Subtask transform_data
[2026-08-31T18:57:24.569+0000] {logging_mixin.py:190} WARNING - /home/airflow/.local/lib/python3.12/site-packages/airflow/task/task_runner/standard_task_runner.py:70 DeprecationWarning: This process (pid=309) is multi-threaded, use of fork() may lead to deadlocks in the child.
[2026-08-31T18:57:24.570+0000] {standard_task_runner.py:72} INFO - Started process 310 to run task
[2026-08-31T18:57:24.636+0000] {task_command.py:467} INFO - Running <TaskInstance: etl_pipeline.transform_data manual__2026-08-31T18:57:20.591030+00:00 [running]> on host f252e9273545
[2026-08-31T18:57:24.705+0000] {taskinstance.py:3132} INFO - Exporting env vars: AIRFLOW_CTX_DAG_OWNER='airflow' AIRFLOW_CTX_DAG_ID='etl_pipeline' AIRFLOW_CTX_TASK_ID='transform_data' AIRFLOW_CTX_EXECUTION_DATE='2026-08-31T18:57:20.591030+00:00' AIRFLOW_CTX_TRY_NUMBER='1' AIRFLOW_CTX_DAG_RUN_ID='manual__2026-08-31T18:57:20.591030+00:00'
[2026-08-31T18:57:24.706+0000] {taskinstance.py:731} INFO - ::endgroup::
[2026-08-31T18:57:24.719+0000] {subprocess.py:78} INFO - Tmp dir root location: /tmp
[2026-08-31T18:57:24.720+0000] {subprocess.py:88} INFO - Running command: ['/usr/bin/bash', '-c', 'PYTHONPATH=/opt/airflow/src python -m transform']
[2026-08-31T18:57:24.728+0000] {subprocess.py:99} INFO - Output:
[2026-08-31T18:57:25.598+0000] {subprocess.py:106} INFO - DATASETS EXTRACTED:
[2026-08-31T18:57:25.599+0000] {subprocess.py:106} INFO - dict_keys([])
[2026-08-31T18:57:25.670+0000] {subprocess.py:110} INFO - Command exited with return code 0
[2026-08-31T18:57:25.698+0000] {taskinstance.py:340} INFO - ::group::Post task execution logs
[2026-08-31T18:57:25.698+0000] {taskinstance.py:352} INFO - Marking task as SUCCESS. dag_id=etl_pipeline, task_id=transform_data, run_id=manual__2026-08-31T18:57:20.591030+00:00, execution_date=20260831T185720, start_date=20260831T185724, end_date=20260831T185725
[2026-08-31T18:57:25.750+0000] {local_task_job_runner.py:266} INFO - Task exited with return code 0
[2026-08-31T18:57:25.778+0000] {taskinstance.py:3895} INFO - 1 downstream tasks scheduled from follow-on schedule check
[2026-08-31T18:57:25.781+0000] {local_task_job_runner.py:245} INFO - ::endgroup::
