[2026-08-31T19:45:14.216+0000] {local_task_job_runner.py:123} INFO - ::group::Pre task execution logs
[2026-08-31T19:45:14.233+0000] {taskinstance.py:2613} INFO - Dependencies all met for dep_context=non-requeueable deps ti=<TaskInstance: etl_pipeline.load_data manual__2026-08-31T19:45:07.994940+00:00 [queued]>
[2026-08-31T19:45:14.241+0000] {taskinstance.py:2613} INFO - Dependencies all met for dep_context=requeueable deps ti=<TaskInstance: etl_pipeline.load_data manual__2026-08-31T19:45:07.994940+00:00 [queued]>
[2026-08-31T19:45:14.242+0000] {taskinstance.py:2866} INFO - Starting attempt 1 of 1
[2026-08-31T19:45:14.256+0000] {taskinstance.py:2889} INFO - Executing <Task(BashOperator): load_data> on 2026-08-31 19:45:07.994940+00:00
[2026-08-31T19:45:14.265+0000] {logging_mixin.py:190} WARNING - /home/airflow/.local/lib/python3.12/site-packages/airflow/task/task_runner/standard_task_runner.py:70 DeprecationWarning: This process (pid=474) is multi-threaded, use of fork() may lead to deadlocks in the child.
[2026-08-31T19:45:14.263+0000] {standard_task_runner.py:104} INFO - Running: ['airflow', 'tasks', 'run', 'etl_pipeline', 'load_data', 'manual__2026-08-31T19:45:07.994940+00:00', '--job-id', '50', '--raw', '--subdir', 'DAGS_FOLDER/sales_etl_dag.py', '--cfg-path', '/tmp/tmp81dggcbi']
[2026-08-31T19:45:14.266+0000] {standard_task_runner.py:72} INFO - Started process 475 to run task
[2026-08-31T19:45:14.267+0000] {standard_task_runner.py:105} INFO - Job 50: Subtask load_data
[2026-08-31T19:45:14.340+0000] {task_command.py:467} INFO - Running <TaskInstance: etl_pipeline.load_data manual__2026-08-31T19:45:07.994940+00:00 [running]> on host a914322f514a
[2026-08-31T19:45:14.434+0000] {taskinstance.py:3132} INFO - Exporting env vars: AIRFLOW_CTX_DAG_OWNER='airflow' AIRFLOW_CTX_DAG_ID='etl_pipeline' AIRFLOW_CTX_TASK_ID='load_data' AIRFLOW_CTX_EXECUTION_DATE='2026-08-31T19:45:07.994940+00:00' AIRFLOW_CTX_TRY_NUMBER='1' AIRFLOW_CTX_DAG_RUN_ID='manual__2026-08-31T19:45:07.994940+00:00'
[2026-08-31T19:45:14.435+0000] {taskinstance.py:731} INFO - ::endgroup::
[2026-08-31T19:45:14.455+0000] {subprocess.py:78} INFO - Tmp dir root location: /tmp
[2026-08-31T19:45:14.457+0000] {subprocess.py:88} INFO - Running command: ['/usr/bin/bash', '-c', 'PYTHONPATH=/opt/airflow/src python -m load']
[2026-08-31T19:45:14.468+0000] {subprocess.py:99} INFO - Output:
[2026-08-31T19:45:15.598+0000] {subprocess.py:106} INFO - DATASETS EXTRACTED:
[2026-08-31T19:45:15.599+0000] {subprocess.py:106} INFO - dict_keys([])
[2026-08-31T19:45:15.687+0000] {subprocess.py:110} INFO - Command exited with return code 0
[2026-08-31T19:45:15.718+0000] {taskinstance.py:340} INFO - ::group::Post task execution logs
[2026-08-31T19:45:15.719+0000] {taskinstance.py:352} INFO - Marking task as SUCCESS. dag_id=etl_pipeline, task_id=load_data, run_id=manual__2026-08-31T19:45:07.994940+00:00, execution_date=20260831T194507, start_date=20260831T194514, end_date=20260831T194515
[2026-08-31T19:45:15.770+0000] {local_task_job_runner.py:266} INFO - Task exited with return code 0
[2026-08-31T19:45:15.795+0000] {taskinstance.py:3895} INFO - 4 downstream tasks scheduled from follow-on schedule check
[2026-08-31T19:45:15.799+0000] {local_task_job_runner.py:245} INFO - ::endgroup::
