[2026-09-03T11:41:38.865+0000] {local_task_job_runner.py:123} INFO - ::group::Pre task execution logs
[2026-09-03T11:41:38.890+0000] {taskinstance.py:2613} INFO - Dependencies all met for dep_context=non-requeueable deps ti=<TaskInstance: etl_pipeline.dim_seller scheduled__2026-09-02T02:00:00+00:00 [queued]>
[2026-09-03T11:41:38.900+0000] {taskinstance.py:2613} INFO - Dependencies all met for dep_context=requeueable deps ti=<TaskInstance: etl_pipeline.dim_seller scheduled__2026-09-02T02:00:00+00:00 [queued]>
[2026-09-03T11:41:38.902+0000] {taskinstance.py:2866} INFO - Starting attempt 1 of 3
[2026-09-03T11:41:38.923+0000] {taskinstance.py:2889} INFO - Executing <Task(BashOperator): dim_seller> on 2026-09-02 02:00:00+00:00
[2026-09-03T11:41:38.944+0000] {logging_mixin.py:190} WARNING - /home/airflow/.local/lib/python3.12/site-packages/airflow/task/task_runner/standard_task_runner.py:70 DeprecationWarning: This process (pid=1637) is multi-threaded, use of fork() may lead to deadlocks in the child.
[2026-09-03T11:41:38.942+0000] {standard_task_runner.py:104} INFO - Running: ['airflow', 'tasks', 'run', 'etl_pipeline', 'dim_seller', 'scheduled__2026-09-02T02:00:00+00:00', '--job-id', '145', '--raw', '--subdir', 'DAGS_FOLDER/sales_etl_dag.py', '--cfg-path', '/tmp/tmp4y42adf3']
[2026-09-03T11:41:38.946+0000] {standard_task_runner.py:72} INFO - Started process 1642 to run task
[2026-09-03T11:41:38.946+0000] {standard_task_runner.py:105} INFO - Job 145: Subtask dim_seller
[2026-09-03T11:41:39.037+0000] {task_command.py:467} INFO - Running <TaskInstance: etl_pipeline.dim_seller scheduled__2026-09-02T02:00:00+00:00 [running]> on host 62d0451776ea
[2026-09-03T11:41:39.134+0000] {taskinstance.py:3132} INFO - Exporting env vars: AIRFLOW_CTX_DAG_OWNER='airflow' AIRFLOW_CTX_DAG_ID='etl_pipeline' AIRFLOW_CTX_TASK_ID='dim_seller' AIRFLOW_CTX_EXECUTION_DATE='2026-09-02T02:00:00+00:00' AIRFLOW_CTX_TRY_NUMBER='1' AIRFLOW_CTX_DAG_RUN_ID='scheduled__2026-09-02T02:00:00+00:00'
[2026-09-03T11:41:39.135+0000] {taskinstance.py:731} INFO - ::endgroup::
[2026-09-03T11:41:39.156+0000] {subprocess.py:78} INFO - Tmp dir root location: /tmp
[2026-09-03T11:41:39.157+0000] {subprocess.py:88} INFO - Running command: ['/usr/bin/bash', '-c', 'PYTHONPATH=/opt/airflow/src python -m warehouse.dim_seller']
[2026-09-03T11:41:39.166+0000] {subprocess.py:99} INFO - Output:
[2026-09-03T11:41:41.022+0000] {subprocess.py:106} INFO - seller_data:
[2026-09-03T11:41:41.066+0000] {subprocess.py:106} INFO -                           seller_id  ...  seller_key
[2026-09-03T11:41:41.108+0000] {subprocess.py:106} INFO - 0  3442f8959a84dea7ee197c632cb2df15  ...           1
[2026-09-03T11:41:41.109+0000] {subprocess.py:106} INFO - 1  d1b65fc7debc3361ea86b5f14c68d2e2  ...           2
[2026-09-03T11:41:41.110+0000] {subprocess.py:106} INFO - 2  ce3ad9de960102d0677a81f5d0bb7b2d  ...           3
[2026-09-03T11:41:41.111+0000] {subprocess.py:106} INFO - 3  c0f3eea2e14555b6faeea3dd58c1b1c3  ...           4
[2026-09-03T11:41:41.111+0000] {subprocess.py:106} INFO - 4  51a04a8a6bdcb23deccc82b0b80742cf  ...           5
[2026-09-03T11:41:41.112+0000] {subprocess.py:106} INFO - 
[2026-09-03T11:41:41.112+0000] {subprocess.py:106} INFO - [5 rows x 5 columns]
[2026-09-03T11:41:41.113+0000] {subprocess.py:106} INFO - (3095, 5)
[2026-09-03T11:41:41.113+0000] {subprocess.py:106} INFO - Dimension table is created
[2026-09-03T11:41:41.114+0000] {subprocess.py:106} INFO - (3095, 3095)
[2026-09-03T11:41:41.195+0000] {subprocess.py:110} INFO - Command exited with return code 0
[2026-09-03T11:41:41.295+0000] {taskinstance.py:340} INFO - ::group::Post task execution logs
[2026-09-03T11:41:41.296+0000] {taskinstance.py:352} INFO - Marking task as SUCCESS. dag_id=etl_pipeline, task_id=dim_seller, run_id=scheduled__2026-09-02T02:00:00+00:00, execution_date=20260902T020000, start_date=20260903T114138, end_date=20260903T114141
[2026-09-03T11:41:41.421+0000] {local_task_job_runner.py:266} INFO - Task exited with return code 0
[2026-09-03T11:41:41.439+0000] {local_task_job_runner.py:245} INFO - ::endgroup::
