[2026-09-28T18:07:16.515+0000] {local_task_job_runner.py:123} INFO - ::group::Pre task execution logs
[2026-09-28T18:07:16.552+0000] {taskinstance.py:2613} INFO - Dependencies all met for dep_context=non-requeueable deps ti=<TaskInstance: etl_pipeline.transform_data scheduled__2026-09-27T02:00:00+00:00 [queued]>
[2026-09-28T18:07:16.571+0000] {taskinstance.py:2613} INFO - Dependencies all met for dep_context=requeueable deps ti=<TaskInstance: etl_pipeline.transform_data scheduled__2026-09-27T02:00:00+00:00 [queued]>
[2026-09-28T18:07:16.577+0000] {taskinstance.py:2866} INFO - Starting attempt 1 of 3
[2026-09-28T18:07:16.635+0000] {taskinstance.py:2889} INFO - Executing <Task(BashOperator): transform_data> on 2026-09-27 02:00:00+00:00
[2026-09-28T18:07:16.655+0000] {standard_task_runner.py:104} INFO - Running: ['airflow', 'tasks', 'run', 'etl_pipeline', 'transform_data', 'scheduled__2026-09-27T02:00:00+00:00', '--job-id', '168', '--raw', '--subdir', 'DAGS_FOLDER/sales_etl_dag.py', '--cfg-path', '/tmp/tmprtfeanyt']
[2026-09-28T18:07:16.665+0000] {standard_task_runner.py:105} INFO - Job 168: Subtask transform_data
[2026-09-28T18:07:16.668+0000] {logging_mixin.py:190} WARNING - /home/airflow/.local/lib/python3.12/site-packages/airflow/task/task_runner/standard_task_runner.py:70 DeprecationWarning: This process (pid=196) is multi-threaded, use of fork() may lead to deadlocks in the child.
[2026-09-28T18:07:16.676+0000] {standard_task_runner.py:72} INFO - Started process 198 to run task
[2026-09-28T18:07:16.839+0000] {task_command.py:467} INFO - Running <TaskInstance: etl_pipeline.transform_data scheduled__2026-09-27T02:00:00+00:00 [running]> on host c0ac871157a5
[2026-09-28T18:07:17.116+0000] {taskinstance.py:3132} INFO - Exporting env vars: AIRFLOW_CTX_DAG_OWNER='airflow' AIRFLOW_CTX_DAG_ID='etl_pipeline' AIRFLOW_CTX_TASK_ID='transform_data' AIRFLOW_CTX_EXECUTION_DATE='2026-09-27T02:00:00+00:00' AIRFLOW_CTX_TRY_NUMBER='1' AIRFLOW_CTX_DAG_RUN_ID='scheduled__2026-09-27T02:00:00+00:00'
[2026-09-28T18:07:17.118+0000] {taskinstance.py:731} INFO - ::endgroup::
[2026-09-28T18:07:17.153+0000] {subprocess.py:78} INFO - Tmp dir root location: /tmp
[2026-09-28T18:07:17.156+0000] {subprocess.py:88} INFO - Running command: ['/usr/bin/bash', '-c', 'PYTHONPATH=/opt/airflow/src python -m transform']
[2026-09-28T18:07:17.180+0000] {subprocess.py:99} INFO - Output:
[2026-09-28T18:07:32.730+0000] {subprocess.py:106} INFO - CURRENT DIRECTORY: /tmp/airflowtmpevxe_dq8
[2026-09-28T18:07:32.738+0000] {subprocess.py:106} INFO - DATA FOLDER: /opt/airflow/data/raw
[2026-09-28T18:07:32.742+0000] {subprocess.py:106} INFO - CSV FILES: [PosixPath('/opt/airflow/data/raw/olist_customers_dataset.csv'), PosixPath('/opt/airflow/data/raw/olist_geolocation_dataset.csv'), PosixPath('/opt/airflow/data/raw/olist_orders_dataset.csv'), PosixPath('/opt/airflow/data/raw/olist_order_items_dataset.csv'), PosixPath('/opt/airflow/data/raw/olist_order_payments_dataset.csv'), PosixPath('/opt/airflow/data/raw/olist_order_reviews_dataset.csv'), PosixPath('/opt/airflow/data/raw/olist_products_dataset.csv'), PosixPath('/opt/airflow/data/raw/olist_sellers_dataset.csv'), PosixPath('/opt/airflow/data/raw/product_category_name_translation.csv')]
[2026-09-28T18:07:32.743+0000] {subprocess.py:106} INFO - DATASETS EXTRACTED:
[2026-09-28T18:07:32.744+0000] {subprocess.py:106} INFO - dict_keys(['olist_customers_dataset', 'olist_geolocation_dataset', 'olist_orders_dataset', 'olist_order_items_dataset', 'olist_order_payments_dataset', 'olist_order_reviews_dataset', 'olist_products_dataset', 'olist_sellers_dataset', 'product_category_name_translation'])
[2026-09-28T18:07:32.745+0000] {subprocess.py:106} INFO - order_delivered_customer_date    object
[2026-09-28T18:07:32.746+0000] {subprocess.py:106} INFO - order_purchase_timestamp         object
[2026-09-28T18:07:32.750+0000] {subprocess.py:106} INFO - dtype: object
[2026-09-28T18:07:32.752+0000] {subprocess.py:106} INFO - order_delivered_customer_date    datetime64[ns]
[2026-09-28T18:07:32.753+0000] {subprocess.py:106} INFO - order_purchase_timestamp         datetime64[ns]
[2026-09-28T18:07:32.754+0000] {subprocess.py:106} INFO - dtype: object
[2026-09-28T18:07:32.754+0000] {subprocess.py:106} INFO - order_delivered_customer_date    datetime64[ns]
[2026-09-28T18:07:32.758+0000] {subprocess.py:106} INFO - order_purchase_timestamp         datetime64[ns]
[2026-09-28T18:07:32.759+0000] {subprocess.py:106} INFO - dtype: object
[2026-09-28T18:07:32.760+0000] {subprocess.py:106} INFO - order_delivered_customer_date    datetime64[ns]
[2026-09-28T18:07:32.760+0000] {subprocess.py:106} INFO - order_purchase_timestamp         datetime64[ns]
[2026-09-28T18:07:32.761+0000] {subprocess.py:106} INFO - dtype: object
[2026-09-28T18:07:32.761+0000] {subprocess.py:106} INFO - order_delivered_customer_date    datetime64[ns]
[2026-09-28T18:07:32.762+0000] {subprocess.py:106} INFO - order_purchase_timestamp         datetime64[ns]
[2026-09-28T18:07:32.762+0000] {subprocess.py:106} INFO - dtype: object
[2026-09-28T18:07:32.765+0000] {subprocess.py:106} INFO - order_delivered_customer_date    datetime64[ns]
[2026-09-28T18:07:32.766+0000] {subprocess.py:106} INFO - order_purchase_timestamp         datetime64[ns]
[2026-09-28T18:07:32.767+0000] {subprocess.py:106} INFO - dtype: object
[2026-09-28T18:07:32.768+0000] {subprocess.py:106} INFO - order_delivered_customer_date    datetime64[ns]
[2026-09-28T18:07:32.773+0000] {subprocess.py:106} INFO - order_purchase_timestamp         datetime64[ns]
[2026-09-28T18:07:32.774+0000] {subprocess.py:106} INFO - dtype: object
[2026-09-28T18:07:32.774+0000] {subprocess.py:106} INFO - order_delivered_customer_date    datetime64[ns]
[2026-09-28T18:07:32.775+0000] {subprocess.py:106} INFO - order_purchase_timestamp         datetime64[ns]
[2026-09-28T18:07:32.776+0000] {subprocess.py:106} INFO - dtype: object
[2026-09-28T18:07:32.777+0000] {subprocess.py:106} INFO - order_delivered_customer_date    datetime64[ns]
[2026-09-28T18:07:32.777+0000] {subprocess.py:106} INFO - order_purchase_timestamp         datetime64[ns]
[2026-09-28T18:07:32.779+0000] {subprocess.py:106} INFO - dtype: object
[2026-09-28T18:07:33.048+0000] {subprocess.py:110} INFO - Command exited with return code 0
[2026-09-28T18:07:33.127+0000] {taskinstance.py:340} INFO - ::group::Post task execution logs
[2026-09-28T18:07:33.128+0000] {taskinstance.py:352} INFO - Marking task as SUCCESS. dag_id=etl_pipeline, task_id=transform_data, run_id=scheduled__2026-09-27T02:00:00+00:00, execution_date=20260927T020000, start_date=20260928T180716, end_date=20260928T180733
[2026-09-28T18:07:33.197+0000] {local_task_job_runner.py:266} INFO - Task exited with return code 0
[2026-09-28T18:07:33.252+0000] {taskinstance.py:3895} INFO - 1 downstream tasks scheduled from follow-on schedule check
[2026-09-28T18:07:33.256+0000] {local_task_job_runner.py:245} INFO - ::endgroup::
