[2026-08-31T18:34:14.266+0000] {local_task_job_runner.py:123} INFO - ::group::Pre task execution logs
[2026-08-31T18:34:14.281+0000] {taskinstance.py:2613} INFO - Dependencies all met for dep_context=non-requeueable deps ti=<TaskInstance: etl_pipeline.transform_data manual__2026-08-31T18:34:11.044849+00:00 [queued]>
[2026-08-31T18:34:14.290+0000] {taskinstance.py:2613} INFO - Dependencies all met for dep_context=requeueable deps ti=<TaskInstance: etl_pipeline.transform_data manual__2026-08-31T18:34:11.044849+00:00 [queued]>
[2026-08-31T18:34:14.290+0000] {taskinstance.py:2866} INFO - Starting attempt 1 of 1
[2026-08-31T18:34:14.303+0000] {taskinstance.py:2889} INFO - Executing <Task(BashOperator): transform_data> on 2026-08-31 18:34:11.044849+00:00
[2026-08-31T18:34:14.313+0000] {logging_mixin.py:190} WARNING - /home/airflow/.local/lib/python3.12/site-packages/airflow/task/task_runner/standard_task_runner.py:70 DeprecationWarning: This process (pid=204) is multi-threaded, use of fork() may lead to deadlocks in the child.
[2026-08-31T18:34:14.311+0000] {standard_task_runner.py:104} INFO - Running: ['airflow', 'tasks', 'run', 'etl_pipeline', 'transform_data', 'manual__2026-08-31T18:34:11.044849+00:00', '--job-id', '3', '--raw', '--subdir', 'DAGS_FOLDER/sales_etl_dag.py', '--cfg-path', '/tmp/tmpemth7k8e']
[2026-08-31T18:34:14.314+0000] {standard_task_runner.py:72} INFO - Started process 205 to run task
[2026-08-31T18:34:14.314+0000] {standard_task_runner.py:105} INFO - Job 3: Subtask transform_data
[2026-08-31T18:34:14.383+0000] {task_command.py:467} INFO - Running <TaskInstance: etl_pipeline.transform_data manual__2026-08-31T18:34:11.044849+00:00 [running]> on host 59a0b0fcaeba
[2026-08-31T18:34:14.454+0000] {taskinstance.py:3132} INFO - Exporting env vars: AIRFLOW_CTX_DAG_OWNER='airflow' AIRFLOW_CTX_DAG_ID='etl_pipeline' AIRFLOW_CTX_TASK_ID='transform_data' AIRFLOW_CTX_EXECUTION_DATE='2026-08-31T18:34:11.044849+00:00' AIRFLOW_CTX_TRY_NUMBER='1' AIRFLOW_CTX_DAG_RUN_ID='manual__2026-08-31T18:34:11.044849+00:00'
[2026-08-31T18:34:14.457+0000] {taskinstance.py:731} INFO - ::endgroup::
[2026-08-31T18:34:14.470+0000] {subprocess.py:78} INFO - Tmp dir root location: /tmp
[2026-08-31T18:34:14.471+0000] {subprocess.py:88} INFO - Running command: ['/usr/bin/bash', '-c', 'PYTHONPATH=/opt/airflow/src python -m transform']
[2026-08-31T18:34:14.480+0000] {subprocess.py:99} INFO - Output:
[2026-08-31T18:34:15.273+0000] {subprocess.py:106} INFO - Traceback (most recent call last):
[2026-08-31T18:34:15.273+0000] {subprocess.py:106} INFO -   File "<frozen runpy>", line 198, in _run_module_as_main
[2026-08-31T18:34:15.274+0000] {subprocess.py:106} INFO -   File "<frozen runpy>", line 88, in _run_code
[2026-08-31T18:34:15.274+0000] {subprocess.py:106} INFO -   File "/opt/airflow/src/transform.py", line 58, in <module>
[2026-08-31T18:34:15.276+0000] {subprocess.py:106} INFO -     datasets["olist_order_reviews_dataset"]["review_comment_title"] = datasets["olist_order_reviews_dataset"]["review_comment_title"].fillna("No comment")
[2026-08-31T18:34:15.276+0000] {subprocess.py:106} INFO -                                                                       ~~~~~~~~^^^^^^^^^^^^^^^^^^^^^^^^^^^^^^^
[2026-08-31T18:34:15.277+0000] {subprocess.py:106} INFO - KeyError: 'olist_order_reviews_dataset'
[2026-08-31T18:34:15.336+0000] {subprocess.py:110} INFO - Command exited with return code 1
[2026-08-31T18:34:15.347+0000] {taskinstance.py:3311} ERROR - Task failed with exception
Traceback (most recent call last):
  File "/home/airflow/.local/lib/python3.12/site-packages/airflow/models/taskinstance.py", line 767, in _execute_task
    result = _execute_callable(context=context, **execute_callable_kwargs)
             ^^^^^^^^^^^^^^^^^^^^^^^^^^^^^^^^^^^^^^^^^^^^^^^^^^^^^^^^^^^^^
  File "/home/airflow/.local/lib/python3.12/site-packages/airflow/models/taskinstance.py", line 733, in _execute_callable
    return ExecutionCallableRunner(
           ^^^^^^^^^^^^^^^^^^^^^^^^
  File "/home/airflow/.local/lib/python3.12/site-packages/airflow/utils/operator_helpers.py", line 252, in run
    return self.func(*args, **kwargs)
           ^^^^^^^^^^^^^^^^^^^^^^^^^^
  File "/home/airflow/.local/lib/python3.12/site-packages/airflow/models/baseoperator.py", line 422, in wrapper
    return func(self, *args, **kwargs)
           ^^^^^^^^^^^^^^^^^^^^^^^^^^^
  File "/home/airflow/.local/lib/python3.12/site-packages/airflow/operators/bash.py", line 276, in execute
    raise AirflowException(
airflow.exceptions.AirflowException: Bash command failed. The command returned a non-zero exit code 1.
[2026-08-31T18:34:15.351+0000] {taskinstance.py:1225} INFO - Marking task as FAILED. dag_id=etl_pipeline, task_id=transform_data, run_id=manual__2026-08-31T18:34:11.044849+00:00, execution_date=20260831T183411, start_date=20260831T183414, end_date=20260831T183415
[2026-08-31T18:34:15.364+0000] {taskinstance.py:340} INFO - ::group::Post task execution logs
[2026-08-31T18:34:15.365+0000] {standard_task_runner.py:124} ERROR - Failed to execute job 3 for task transform_data (Bash command failed. The command returned a non-zero exit code 1.; 205)
Traceback (most recent call last):
  File "/home/airflow/.local/lib/python3.12/site-packages/airflow/task/task_runner/standard_task_runner.py", line 117, in _start_by_fork
    ret = args.func(args, dag=self.dag)
          ^^^^^^^^^^^^^^^^^^^^^^^^^^^^^
  File "/home/airflow/.local/lib/python3.12/site-packages/airflow/cli/cli_config.py", line 49, in command
    return func(*args, **kwargs)
           ^^^^^^^^^^^^^^^^^^^^^
  File "/home/airflow/.local/lib/python3.12/site-packages/airflow/utils/cli.py", line 116, in wrapper
    return f(*args, **kwargs)
           ^^^^^^^^^^^^^^^^^^
  File "/home/airflow/.local/lib/python3.12/site-packages/airflow/cli/commands/task_command.py", line 483, in task_run
    task_return_code = _run_task_by_selected_method(args, _dag, ti)
                       ^^^^^^^^^^^^^^^^^^^^^^^^^^^^^^^^^^^^^^^^^^^^
  File "/home/airflow/.local/lib/python3.12/site-packages/airflow/cli/commands/task_command.py", line 256, in _run_task_by_selected_method
    return _run_raw_task(args, ti)
           ^^^^^^^^^^^^^^^^^^^^^^^
  File "/home/airflow/.local/lib/python3.12/site-packages/airflow/cli/commands/task_command.py", line 341, in _run_raw_task
    return ti._run_raw_task(
           ^^^^^^^^^^^^^^^^^
  File "/home/airflow/.local/lib/python3.12/site-packages/airflow/utils/session.py", line 97, in wrapper
    return func(*args, session=session, **kwargs)
           ^^^^^^^^^^^^^^^^^^^^^^^^^^^^^^^^^^^^^^
  File "/home/airflow/.local/lib/python3.12/site-packages/airflow/models/taskinstance.py", line 3005, in _run_raw_task
    return _run_raw_task(
           ^^^^^^^^^^^^^^
  File "/home/airflow/.local/lib/python3.12/site-packages/airflow/models/taskinstance.py", line 273, in _run_raw_task
    TaskInstance._execute_task_with_callbacks(
  File "/home/airflow/.local/lib/python3.12/site-packages/airflow/models/taskinstance.py", line 3159, in _execute_task_with_callbacks
    result = self._execute_task(context, task_orig)
             ^^^^^^^^^^^^^^^^^^^^^^^^^^^^^^^^^^^^^^
  File "/home/airflow/.local/lib/python3.12/site-packages/airflow/models/taskinstance.py", line 3183, in _execute_task
    return _execute_task(self, context, task_orig)
           ^^^^^^^^^^^^^^^^^^^^^^^^^^^^^^^^^^^^^^^
  File "/home/airflow/.local/lib/python3.12/site-packages/airflow/models/taskinstance.py", line 767, in _execute_task
    result = _execute_callable(context=context, **execute_callable_kwargs)
             ^^^^^^^^^^^^^^^^^^^^^^^^^^^^^^^^^^^^^^^^^^^^^^^^^^^^^^^^^^^^^
  File "/home/airflow/.local/lib/python3.12/site-packages/airflow/models/taskinstance.py", line 733, in _execute_callable
    return ExecutionCallableRunner(
           ^^^^^^^^^^^^^^^^^^^^^^^^
  File "/home/airflow/.local/lib/python3.12/site-packages/airflow/utils/operator_helpers.py", line 252, in run
    return self.func(*args, **kwargs)
           ^^^^^^^^^^^^^^^^^^^^^^^^^^
  File "/home/airflow/.local/lib/python3.12/site-packages/airflow/models/baseoperator.py", line 422, in wrapper
    return func(self, *args, **kwargs)
           ^^^^^^^^^^^^^^^^^^^^^^^^^^^
  File "/home/airflow/.local/lib/python3.12/site-packages/airflow/operators/bash.py", line 276, in execute
    raise AirflowException(
airflow.exceptions.AirflowException: Bash command failed. The command returned a non-zero exit code 1.
[2026-08-31T18:34:15.413+0000] {local_task_job_runner.py:266} INFO - Task exited with return code 1
[2026-08-31T18:34:15.434+0000] {taskinstance.py:3895} INFO - 0 downstream tasks scheduled from follow-on schedule check
[2026-08-31T18:34:15.439+0000] {local_task_job_runner.py:245} INFO - ::endgroup::
