[2026-08-31T14:41:25.841+0000] {local_task_job_runner.py:123} INFO - ::group::Pre task execution logs
[2026-08-31T14:41:25.870+0000] {taskinstance.py:2613} INFO - Dependencies all met for dep_context=non-requeueable deps ti=<TaskInstance: etl_pipeline.extract_csv manual__2026-08-31T14:41:25.307580+00:00 [queued]>
[2026-08-31T14:41:25.887+0000] {taskinstance.py:2613} INFO - Dependencies all met for dep_context=requeueable deps ti=<TaskInstance: etl_pipeline.extract_csv manual__2026-08-31T14:41:25.307580+00:00 [queued]>
[2026-08-31T14:41:25.889+0000] {taskinstance.py:2866} INFO - Starting attempt 1 of 1
[2026-08-31T14:41:25.912+0000] {taskinstance.py:2889} INFO - Executing <Task(BashOperator): extract_csv> on 2026-08-31 14:41:25.307580+00:00
[2026-08-31T14:41:25.927+0000] {logging_mixin.py:190} WARNING - /home/airflow/.local/lib/python3.12/site-packages/airflow/task/task_runner/standard_task_runner.py:70 DeprecationWarning: This process (pid=182) is multi-threaded, use of fork() may lead to deadlocks in the child.
[2026-08-31T14:41:25.930+0000] {standard_task_runner.py:72} INFO - Started process 183 to run task
[2026-08-31T14:41:25.929+0000] {standard_task_runner.py:104} INFO - Running: ['airflow', 'tasks', 'run', 'etl_pipeline', 'extract_csv', 'manual__2026-08-31T14:41:25.307580+00:00', '--job-id', '15', '--raw', '--subdir', 'DAGS_FOLDER/sales_etl_dag.py', '--cfg-path', '/tmp/tmpihhv4e1v']
[2026-08-31T14:41:25.932+0000] {standard_task_runner.py:105} INFO - Job 15: Subtask extract_csv
[2026-08-31T14:41:26.057+0000] {task_command.py:467} INFO - Running <TaskInstance: etl_pipeline.extract_csv manual__2026-08-31T14:41:25.307580+00:00 [running]> on host 4c6b0a7de6c1
[2026-08-31T14:41:26.167+0000] {taskinstance.py:3132} INFO - Exporting env vars: AIRFLOW_CTX_DAG_OWNER='airflow' AIRFLOW_CTX_DAG_ID='etl_pipeline' AIRFLOW_CTX_TASK_ID='extract_csv' AIRFLOW_CTX_EXECUTION_DATE='2026-08-31T14:41:25.307580+00:00' AIRFLOW_CTX_TRY_NUMBER='1' AIRFLOW_CTX_DAG_RUN_ID='manual__2026-08-31T14:41:25.307580+00:00'
[2026-08-31T14:41:26.167+0000] {taskinstance.py:731} INFO - ::endgroup::
[2026-08-31T14:41:26.213+0000] {subprocess.py:78} INFO - Tmp dir root location: /tmp
[2026-08-31T14:41:26.215+0000] {subprocess.py:88} INFO - Running command: ['/usr/bin/bash', '-c', 'PYTHONPATH=/opt/airflow/src python -m extract']
[2026-08-31T14:41:26.224+0000] {subprocess.py:99} INFO - Output:
[2026-08-31T14:41:28.071+0000] {subprocess.py:110} INFO - Command exited with return code 0
[2026-08-31T14:41:28.098+0000] {taskinstance.py:340} INFO - ::group::Post task execution logs
[2026-08-31T14:41:28.099+0000] {taskinstance.py:352} INFO - Marking task as SUCCESS. dag_id=etl_pipeline, task_id=extract_csv, run_id=manual__2026-08-31T14:41:25.307580+00:00, execution_date=20260831T144125, start_date=20260831T144125, end_date=20260831T144128
[2026-08-31T14:41:28.155+0000] {local_task_job_runner.py:266} INFO - Task exited with return code 0
[2026-08-31T14:41:28.183+0000] {taskinstance.py:3895} INFO - 1 downstream tasks scheduled from follow-on schedule check
[2026-08-31T14:41:28.186+0000] {local_task_job_runner.py:245} INFO - ::endgroup::
