[2026-09-03T11:29:42.048+0000] {local_task_job_runner.py:123} INFO - ::group::Pre task execution logs
[2026-09-03T11:29:42.075+0000] {taskinstance.py:2613} INFO - Dependencies all met for dep_context=non-requeueable deps ti=<TaskInstance: etl_pipeline.dim_product manual__2026-09-03T11:28:29.948059+00:00 [queued]>
[2026-09-03T11:29:42.088+0000] {taskinstance.py:2613} INFO - Dependencies all met for dep_context=requeueable deps ti=<TaskInstance: etl_pipeline.dim_product manual__2026-09-03T11:28:29.948059+00:00 [queued]>
[2026-09-03T11:29:42.089+0000] {taskinstance.py:2866} INFO - Starting attempt 1 of 1
[2026-09-03T11:29:42.112+0000] {taskinstance.py:2889} INFO - Executing <Task(BashOperator): dim_product> on 2026-09-03 11:28:29.948059+00:00
[2026-09-03T11:29:42.127+0000] {standard_task_runner.py:104} INFO - Running: ['airflow', 'tasks', 'run', 'etl_pipeline', 'dim_product', 'manual__2026-09-03T11:28:29.948059+00:00', '--job-id', '137', '--raw', '--subdir', 'DAGS_FOLDER/sales_etl_dag.py', '--cfg-path', '/tmp/tmpq4oyxda7']
[2026-09-03T11:29:42.131+0000] {logging_mixin.py:190} WARNING - /home/airflow/.local/lib/python3.12/site-packages/airflow/task/task_runner/standard_task_runner.py:70 DeprecationWarning: This process (pid=1354) is multi-threaded, use of fork() may lead to deadlocks in the child.
[2026-09-03T11:29:42.131+0000] {standard_task_runner.py:105} INFO - Job 137: Subtask dim_product
[2026-09-03T11:29:42.132+0000] {standard_task_runner.py:72} INFO - Started process 1359 to run task
[2026-09-03T11:29:42.237+0000] {task_command.py:467} INFO - Running <TaskInstance: etl_pipeline.dim_product manual__2026-09-03T11:28:29.948059+00:00 [running]> on host 62d0451776ea
[2026-09-03T11:29:42.369+0000] {taskinstance.py:3132} INFO - Exporting env vars: AIRFLOW_CTX_DAG_OWNER='airflow' AIRFLOW_CTX_DAG_ID='etl_pipeline' AIRFLOW_CTX_TASK_ID='dim_product' AIRFLOW_CTX_EXECUTION_DATE='2026-09-03T11:28:29.948059+00:00' AIRFLOW_CTX_TRY_NUMBER='1' AIRFLOW_CTX_DAG_RUN_ID='manual__2026-09-03T11:28:29.948059+00:00'
[2026-09-03T11:29:42.370+0000] {taskinstance.py:731} INFO - ::endgroup::
[2026-09-03T11:29:42.396+0000] {subprocess.py:78} INFO - Tmp dir root location: /tmp
[2026-09-03T11:29:42.399+0000] {subprocess.py:88} INFO - Running command: ['/usr/bin/bash', '-c', 'PYTHONPATH=/opt/airflow/src python -m warehouse.dim_product']
[2026-09-03T11:29:42.417+0000] {subprocess.py:99} INFO - Output:
[2026-09-03T11:29:46.714+0000] {subprocess.py:106} INFO - DIMENSION TABLE CREATED
[2026-09-03T11:29:46.716+0000] {subprocess.py:106} INFO - [('public', 'dim_product')]
[2026-09-03T11:29:46.717+0000] {subprocess.py:106} INFO - (32951, 32951)
[2026-09-03T11:29:46.879+0000] {subprocess.py:110} INFO - Command exited with return code 0
[2026-09-03T11:29:46.941+0000] {taskinstance.py:340} INFO - ::group::Post task execution logs
[2026-09-03T11:29:46.943+0000] {taskinstance.py:352} INFO - Marking task as SUCCESS. dag_id=etl_pipeline, task_id=dim_product, run_id=manual__2026-09-03T11:28:29.948059+00:00, execution_date=20260903T112829, start_date=20260903T112942, end_date=20260903T112946
[2026-09-03T11:29:47.012+0000] {local_task_job_runner.py:266} INFO - Task exited with return code 0
[2026-09-03T11:29:47.048+0000] {taskinstance.py:3895} INFO - 0 downstream tasks scheduled from follow-on schedule check
[2026-09-03T11:29:47.059+0000] {local_task_job_runner.py:245} INFO - ::endgroup::
