[2026-09-03T11:29:49.206+0000] {local_task_job_runner.py:123} INFO - ::group::Pre task execution logs
[2026-09-03T11:29:49.227+0000] {taskinstance.py:2613} INFO - Dependencies all met for dep_context=non-requeueable deps ti=<TaskInstance: etl_pipeline.fact_table manual__2026-09-03T11:28:29.948059+00:00 [queued]>
[2026-09-03T11:29:49.237+0000] {taskinstance.py:2613} INFO - Dependencies all met for dep_context=requeueable deps ti=<TaskInstance: etl_pipeline.fact_table manual__2026-09-03T11:28:29.948059+00:00 [queued]>
[2026-09-03T11:29:49.238+0000] {taskinstance.py:2866} INFO - Starting attempt 1 of 1
[2026-09-03T11:29:49.250+0000] {taskinstance.py:2889} INFO - Executing <Task(BashOperator): fact_table> on 2026-09-03 11:28:29.948059+00:00
[2026-09-03T11:29:49.258+0000] {standard_task_runner.py:104} INFO - Running: ['airflow', 'tasks', 'run', 'etl_pipeline', 'fact_table', 'manual__2026-09-03T11:28:29.948059+00:00', '--job-id', '138', '--raw', '--subdir', 'DAGS_FOLDER/sales_etl_dag.py', '--cfg-path', '/tmp/tmp7yqdn5yy']
[2026-09-03T11:29:49.259+0000] {logging_mixin.py:190} WARNING - /home/airflow/.local/lib/python3.12/site-packages/airflow/task/task_runner/standard_task_runner.py:70 DeprecationWarning: This process (pid=1401) is multi-threaded, use of fork() may lead to deadlocks in the child.
[2026-09-03T11:29:49.260+0000] {standard_task_runner.py:105} INFO - Job 138: Subtask fact_table
[2026-09-03T11:29:49.260+0000] {standard_task_runner.py:72} INFO - Started process 1402 to run task
[2026-09-03T11:29:49.339+0000] {task_command.py:467} INFO - Running <TaskInstance: etl_pipeline.fact_table manual__2026-09-03T11:28:29.948059+00:00 [running]> on host 62d0451776ea
[2026-09-03T11:29:49.435+0000] {taskinstance.py:3132} INFO - Exporting env vars: AIRFLOW_CTX_DAG_OWNER='airflow' AIRFLOW_CTX_DAG_ID='etl_pipeline' AIRFLOW_CTX_TASK_ID='fact_table' AIRFLOW_CTX_EXECUTION_DATE='2026-09-03T11:28:29.948059+00:00' AIRFLOW_CTX_TRY_NUMBER='1' AIRFLOW_CTX_DAG_RUN_ID='manual__2026-09-03T11:28:29.948059+00:00'
[2026-09-03T11:29:49.436+0000] {taskinstance.py:731} INFO - ::endgroup::
[2026-09-03T11:29:49.455+0000] {subprocess.py:78} INFO - Tmp dir root location: /tmp
[2026-09-03T11:29:49.457+0000] {subprocess.py:88} INFO - Running command: ['/usr/bin/bash', '-c', 'PYTHONPATH=/opt/airflow/src python -m warehouse.fact_table']
[2026-09-03T11:29:49.466+0000] {subprocess.py:99} INFO - Output:
[2026-09-03T11:29:53.855+0000] {subprocess.py:106} INFO - /opt/airflow/src/warehouse/fact_table.py:70: SettingWithCopyWarning:
[2026-09-03T11:29:53.856+0000] {subprocess.py:106} INFO - A value is trying to be set on a copy of a slice from a DataFrame.
[2026-09-03T11:29:53.856+0000] {subprocess.py:106} INFO - Try using .loc[row_indexer,col_indexer] = value instead
[2026-09-03T11:29:53.857+0000] {subprocess.py:106} INFO - 
[2026-09-03T11:29:53.857+0000] {subprocess.py:106} INFO - See the caveats in the documentation: https://pandas.pydata.org/pandas-docs/stable/user_guide/indexing.html#returning-a-view-versus-a-copy
[2026-09-03T11:29:53.858+0000] {subprocess.py:106} INFO -   sales_fact["sales_key"] = sales_fact.index + 1
[2026-09-03T11:29:59.816+0000] {subprocess.py:106} INFO - (112650, 112650, 15843553.239998734)
[2026-09-03T11:29:59.817+0000] {subprocess.py:106} INFO - (112650, 0, 0, 0, 0)
[2026-09-03T11:29:59.818+0000] {subprocess.py:106} INFO - (112650, 112650)
[2026-09-03T11:29:59.990+0000] {subprocess.py:110} INFO - Command exited with return code 0
[2026-09-03T11:30:00.034+0000] {taskinstance.py:340} INFO - ::group::Post task execution logs
[2026-09-03T11:30:00.035+0000] {taskinstance.py:352} INFO - Marking task as SUCCESS. dag_id=etl_pipeline, task_id=fact_table, run_id=manual__2026-09-03T11:28:29.948059+00:00, execution_date=20260903T112829, start_date=20260903T112949, end_date=20260903T113000
[2026-09-03T11:30:00.069+0000] {local_task_job_runner.py:266} INFO - Task exited with return code 0
[2026-09-03T11:30:00.090+0000] {taskinstance.py:3895} INFO - 0 downstream tasks scheduled from follow-on schedule check
[2026-09-03T11:30:00.093+0000] {local_task_job_runner.py:245} INFO - ::endgroup::
