[2026-09-03T11:41:38.865+0000] {local_task_job_runner.py:123} INFO - ::group::Pre task execution logs
[2026-09-03T11:41:38.890+0000] {taskinstance.py:2613} INFO - Dependencies all met for dep_context=non-requeueable deps ti=<TaskInstance: etl_pipeline.dim_product scheduled__2026-09-02T02:00:00+00:00 [queued]>
[2026-09-03T11:41:38.901+0000] {taskinstance.py:2613} INFO - Dependencies all met for dep_context=requeueable deps ti=<TaskInstance: etl_pipeline.dim_product scheduled__2026-09-02T02:00:00+00:00 [queued]>
[2026-09-03T11:41:38.902+0000] {taskinstance.py:2866} INFO - Starting attempt 1 of 3
[2026-09-03T11:41:38.920+0000] {taskinstance.py:2889} INFO - Executing <Task(BashOperator): dim_product> on 2026-09-02 02:00:00+00:00
[2026-09-03T11:41:38.931+0000] {standard_task_runner.py:104} INFO - Running: ['airflow', 'tasks', 'run', 'etl_pipeline', 'dim_product', 'scheduled__2026-09-02T02:00:00+00:00', '--job-id', '143', '--raw', '--subdir', 'DAGS_FOLDER/sales_etl_dag.py', '--cfg-path', '/tmp/tmpn85s2y9m']
[2026-09-03T11:41:38.935+0000] {standard_task_runner.py:105} INFO - Job 143: Subtask dim_product
[2026-09-03T11:41:38.935+0000] {logging_mixin.py:190} WARNING - /home/airflow/.local/lib/python3.12/site-packages/airflow/task/task_runner/standard_task_runner.py:70 DeprecationWarning: This process (pid=1635) is multi-threaded, use of fork() may lead to deadlocks in the child.
[2026-09-03T11:41:38.937+0000] {standard_task_runner.py:72} INFO - Started process 1640 to run task
[2026-09-03T11:41:39.027+0000] {task_command.py:467} INFO - Running <TaskInstance: etl_pipeline.dim_product scheduled__2026-09-02T02:00:00+00:00 [running]> on host 62d0451776ea
[2026-09-03T11:41:39.123+0000] {taskinstance.py:3132} INFO - Exporting env vars: AIRFLOW_CTX_DAG_OWNER='airflow' AIRFLOW_CTX_DAG_ID='etl_pipeline' AIRFLOW_CTX_TASK_ID='dim_product' AIRFLOW_CTX_EXECUTION_DATE='2026-09-02T02:00:00+00:00' AIRFLOW_CTX_TRY_NUMBER='1' AIRFLOW_CTX_DAG_RUN_ID='scheduled__2026-09-02T02:00:00+00:00'
[2026-09-03T11:41:39.124+0000] {taskinstance.py:731} INFO - ::endgroup::
[2026-09-03T11:41:39.146+0000] {subprocess.py:78} INFO - Tmp dir root location: /tmp
[2026-09-03T11:41:39.147+0000] {subprocess.py:88} INFO - Running command: ['/usr/bin/bash', '-c', 'PYTHONPATH=/opt/airflow/src python -m warehouse.dim_product']
[2026-09-03T11:41:39.160+0000] {subprocess.py:99} INFO - Output:
[2026-09-03T11:41:43.412+0000] {subprocess.py:106} INFO - DIMENSION TABLE CREATED
[2026-09-03T11:41:43.413+0000] {subprocess.py:106} INFO - [('public', 'dim_product')]
[2026-09-03T11:41:43.414+0000] {subprocess.py:106} INFO - (32951, 32951)
[2026-09-03T11:41:43.582+0000] {subprocess.py:110} INFO - Command exited with return code 0
[2026-09-03T11:41:43.612+0000] {taskinstance.py:340} INFO - ::group::Post task execution logs
[2026-09-03T11:41:43.613+0000] {taskinstance.py:352} INFO - Marking task as SUCCESS. dag_id=etl_pipeline, task_id=dim_product, run_id=scheduled__2026-09-02T02:00:00+00:00, execution_date=20260902T020000, start_date=20260903T114138, end_date=20260903T114143
[2026-09-03T11:41:43.643+0000] {local_task_job_runner.py:266} INFO - Task exited with return code 0
[2026-09-03T11:41:43.666+0000] {taskinstance.py:3895} INFO - 0 downstream tasks scheduled from follow-on schedule check
[2026-09-03T11:41:43.671+0000] {local_task_job_runner.py:245} INFO - ::endgroup::
