[2026-09-02T14:59:32.059+0000] {local_task_job_runner.py:123} INFO - ::group::Pre task execution logs
[2026-09-02T14:59:32.137+0000] {taskinstance.py:2613} INFO - Dependencies all met for dep_context=non-requeueable deps ti=<TaskInstance: etl_pipeline.dim_product manual__2026-09-02T14:59:18.990001+00:00 [queued]>
[2026-09-02T14:59:32.164+0000] {taskinstance.py:2613} INFO - Dependencies all met for dep_context=requeueable deps ti=<TaskInstance: etl_pipeline.dim_product manual__2026-09-02T14:59:18.990001+00:00 [queued]>
[2026-09-02T14:59:32.166+0000] {taskinstance.py:2866} INFO - Starting attempt 1 of 1
[2026-09-02T14:59:32.202+0000] {taskinstance.py:2889} INFO - Executing <Task(BashOperator): dim_product> on 2026-09-02 14:59:18.990001+00:00
[2026-09-02T14:59:32.233+0000] {standard_task_runner.py:104} INFO - Running: ['airflow', 'tasks', 'run', 'etl_pipeline', 'dim_product', 'manual__2026-09-02T14:59:18.990001+00:00', '--job-id', '107', '--raw', '--subdir', 'DAGS_FOLDER/sales_etl_dag.py', '--cfg-path', '/tmp/tmph1eogv3z']
[2026-09-02T14:59:32.248+0000] {standard_task_runner.py:105} INFO - Job 107: Subtask dim_product
[2026-09-02T14:59:32.250+0000] {logging_mixin.py:190} WARNING - /home/airflow/.local/lib/python3.12/site-packages/airflow/task/task_runner/standard_task_runner.py:70 DeprecationWarning: This process (pid=219) is multi-threaded, use of fork() may lead to deadlocks in the child.
[2026-09-02T14:59:32.252+0000] {standard_task_runner.py:72} INFO - Started process 224 to run task
[2026-09-02T14:59:32.522+0000] {task_command.py:467} INFO - Running <TaskInstance: etl_pipeline.dim_product manual__2026-09-02T14:59:18.990001+00:00 [running]> on host 62d0451776ea
[2026-09-02T14:59:33.188+0000] {taskinstance.py:3132} INFO - Exporting env vars: AIRFLOW_CTX_DAG_OWNER='airflow' AIRFLOW_CTX_DAG_ID='etl_pipeline' AIRFLOW_CTX_TASK_ID='dim_product' AIRFLOW_CTX_EXECUTION_DATE='2026-09-02T14:59:18.990001+00:00' AIRFLOW_CTX_TRY_NUMBER='1' AIRFLOW_CTX_DAG_RUN_ID='manual__2026-09-02T14:59:18.990001+00:00'
[2026-09-02T14:59:33.193+0000] {taskinstance.py:731} INFO - ::endgroup::
[2026-09-02T14:59:33.301+0000] {subprocess.py:78} INFO - Tmp dir root location: /tmp
[2026-09-02T14:59:33.310+0000] {subprocess.py:88} INFO - Running command: ['/usr/bin/bash', '-c', 'PYTHONPATH=/opt/airflow/src python -m warehouse.dim_product']
[2026-09-02T14:59:33.357+0000] {subprocess.py:99} INFO - Output:
[2026-09-02T14:59:39.943+0000] {subprocess.py:106} INFO - Traceback (most recent call last):
[2026-09-02T14:59:39.945+0000] {subprocess.py:106} INFO -   File "/home/airflow/.local/lib/python3.12/site-packages/sqlalchemy/engine/base.py", line 1910, in _execute_context
[2026-09-02T14:59:39.946+0000] {subprocess.py:106} INFO -     self.dialect.do_execute(
[2026-09-02T14:59:39.947+0000] {subprocess.py:106} INFO -   File "/home/airflow/.local/lib/python3.12/site-packages/sqlalchemy/engine/default.py", line 736, in do_execute
[2026-09-02T14:59:39.948+0000] {subprocess.py:106} INFO -     cursor.execute(statement, parameters)
[2026-09-02T14:59:39.949+0000] {subprocess.py:106} INFO - psycopg2.errors.UndefinedTable: relation "stg_products" does not exist
[2026-09-02T14:59:39.950+0000] {subprocess.py:106} INFO - LINE 13:     FROM stg_products AS p
[2026-09-02T14:59:39.951+0000] {subprocess.py:106} INFO -                   ^
[2026-09-02T14:59:39.952+0000] {subprocess.py:106} INFO - 
[2026-09-02T14:59:39.953+0000] {subprocess.py:106} INFO - 
[2026-09-02T14:59:39.954+0000] {subprocess.py:106} INFO - The above exception was the direct cause of the following exception:
[2026-09-02T14:59:39.954+0000] {subprocess.py:106} INFO - 
[2026-09-02T14:59:39.955+0000] {subprocess.py:106} INFO - Traceback (most recent call last):
[2026-09-02T14:59:39.956+0000] {subprocess.py:106} INFO -   File "<frozen runpy>", line 198, in _run_module_as_main
[2026-09-02T14:59:39.957+0000] {subprocess.py:106} INFO -   File "<frozen runpy>", line 88, in _run_code
[2026-09-02T14:59:39.958+0000] {subprocess.py:106} INFO -   File "/opt/airflow/src/warehouse/dim_product.py", line 19, in <module>
[2026-09-02T14:59:39.959+0000] {subprocess.py:106} INFO -     products=pd.read_sql(
[2026-09-02T14:59:39.960+0000] {subprocess.py:106} INFO -              ^^^^^^^^^^^^
[2026-09-02T14:59:39.964+0000] {subprocess.py:106} INFO -   File "/home/airflow/.local/lib/python3.12/site-packages/pandas/io/sql.py", line 682, in read_sql
[2026-09-02T14:59:39.965+0000] {subprocess.py:106} INFO -     return pandas_sql.read_query(
[2026-09-02T14:59:39.966+0000] {subprocess.py:106} INFO -            ^^^^^^^^^^^^^^^^^^^^^^
[2026-09-02T14:59:39.967+0000] {subprocess.py:106} INFO -   File "/home/airflow/.local/lib/python3.12/site-packages/pandas/io/sql.py", line 1776, in read_query
[2026-09-02T14:59:39.968+0000] {subprocess.py:106} INFO -     result = self.execute(sql, params)
[2026-09-02T14:59:39.969+0000] {subprocess.py:106} INFO -              ^^^^^^^^^^^^^^^^^^^^^^^^^
[2026-09-02T14:59:39.971+0000] {subprocess.py:106} INFO -   File "/home/airflow/.local/lib/python3.12/site-packages/pandas/io/sql.py", line 1599, in execute
[2026-09-02T14:59:39.972+0000] {subprocess.py:106} INFO -     return self.con.exec_driver_sql(sql, *args)
[2026-09-02T14:59:39.973+0000] {subprocess.py:106} INFO -            ^^^^^^^^^^^^^^^^^^^^^^^^^^^^^^^^^^^^
[2026-09-02T14:59:39.974+0000] {subprocess.py:106} INFO -   File "/home/airflow/.local/lib/python3.12/site-packages/sqlalchemy/engine/base.py", line 1770, in exec_driver_sql
[2026-09-02T14:59:39.976+0000] {subprocess.py:106} INFO -     return self._exec_driver_sql(
[2026-09-02T14:59:39.976+0000] {subprocess.py:106} INFO -            ^^^^^^^^^^^^^^^^^^^^^^
[2026-09-02T14:59:39.978+0000] {subprocess.py:106} INFO -   File "/home/airflow/.local/lib/python3.12/site-packages/sqlalchemy/engine/base.py", line 1674, in _exec_driver_sql
[2026-09-02T14:59:39.979+0000] {subprocess.py:106} INFO -     ret = self._execute_context(
[2026-09-02T14:59:39.979+0000] {subprocess.py:106} INFO -           ^^^^^^^^^^^^^^^^^^^^^^
[2026-09-02T14:59:39.981+0000] {subprocess.py:106} INFO -   File "/home/airflow/.local/lib/python3.12/site-packages/sqlalchemy/engine/base.py", line 1953, in _execute_context
[2026-09-02T14:59:39.982+0000] {subprocess.py:106} INFO -     self._handle_dbapi_exception(
[2026-09-02T14:59:39.983+0000] {subprocess.py:106} INFO -   File "/home/airflow/.local/lib/python3.12/site-packages/sqlalchemy/engine/base.py", line 2134, in _handle_dbapi_exception
[2026-09-02T14:59:39.984+0000] {subprocess.py:106} INFO -     util.raise_(
[2026-09-02T14:59:39.985+0000] {subprocess.py:106} INFO -   File "/home/airflow/.local/lib/python3.12/site-packages/sqlalchemy/util/compat.py", line 211, in raise_
[2026-09-02T14:59:39.985+0000] {subprocess.py:106} INFO -     raise exception
[2026-09-02T14:59:39.986+0000] {subprocess.py:106} INFO -   File "/home/airflow/.local/lib/python3.12/site-packages/sqlalchemy/engine/base.py", line 1910, in _execute_context
[2026-09-02T14:59:39.988+0000] {subprocess.py:106} INFO -     self.dialect.do_execute(
[2026-09-02T14:59:39.988+0000] {subprocess.py:106} INFO -   File "/home/airflow/.local/lib/python3.12/site-packages/sqlalchemy/engine/default.py", line 736, in do_execute
[2026-09-02T14:59:39.990+0000] {subprocess.py:106} INFO -     cursor.execute(statement, parameters)
[2026-09-02T14:59:39.991+0000] {subprocess.py:106} INFO - sqlalchemy.exc.ProgrammingError: (psycopg2.errors.UndefinedTable) relation "stg_products" does not exist
[2026-09-02T14:59:39.992+0000] {subprocess.py:106} INFO - LINE 13:     FROM stg_products AS p
[2026-09-02T14:59:39.993+0000] {subprocess.py:106} INFO -                   ^
[2026-09-02T14:59:39.994+0000] {subprocess.py:106} INFO - 
[2026-09-02T14:59:39.995+0000] {subprocess.py:106} INFO - [SQL:
[2026-09-02T14:59:39.995+0000] {subprocess.py:106} INFO -     SELECT
[2026-09-02T14:59:39.996+0000] {subprocess.py:106} INFO -         p.product_id,
[2026-09-02T14:59:39.997+0000] {subprocess.py:106} INFO -         p.product_category_name,
[2026-09-02T14:59:39.998+0000] {subprocess.py:106} INFO -         p.product_name_lenght,
[2026-09-02T14:59:39.998+0000] {subprocess.py:106} INFO -         p.product_description_lenght,
[2026-09-02T14:59:39.999+0000] {subprocess.py:106} INFO -         p.product_photos_qty,
[2026-09-02T14:59:40.000+0000] {subprocess.py:106} INFO -         p.product_weight_g,
[2026-09-02T14:59:40.001+0000] {subprocess.py:106} INFO -         p.product_length_cm,
[2026-09-02T14:59:40.002+0000] {subprocess.py:106} INFO -         p.product_height_cm,
[2026-09-02T14:59:40.003+0000] {subprocess.py:106} INFO -         p.product_width_cm,
[2026-09-02T14:59:40.004+0000] {subprocess.py:106} INFO -         c.product_category_name_english
[2026-09-02T14:59:40.005+0000] {subprocess.py:106} INFO -     FROM stg_products AS p
[2026-09-02T14:59:40.006+0000] {subprocess.py:106} INFO -     LEFT JOIN stg_product_category_name_translation AS c
[2026-09-02T14:59:40.007+0000] {subprocess.py:106} INFO -     ON p.product_category_name=c.product_category_name
[2026-09-02T14:59:40.007+0000] {subprocess.py:106} INFO -     ]
[2026-09-02T14:59:40.008+0000] {subprocess.py:106} INFO - (Background on this error at: https://sqlalche.me/e/14/f405)
[2026-09-02T14:59:40.191+0000] {subprocess.py:110} INFO - Command exited with return code 1
[2026-09-02T14:59:40.223+0000] {taskinstance.py:3311} ERROR - Task failed with exception
Traceback (most recent call last):
  File "/home/airflow/.local/lib/python3.12/site-packages/airflow/models/taskinstance.py", line 767, in _execute_task
    result = _execute_callable(context=context, **execute_callable_kwargs)
             ^^^^^^^^^^^^^^^^^^^^^^^^^^^^^^^^^^^^^^^^^^^^^^^^^^^^^^^^^^^^^
  File "/home/airflow/.local/lib/python3.12/site-packages/airflow/models/taskinstance.py", line 733, in _execute_callable
    return ExecutionCallableRunner(
           ^^^^^^^^^^^^^^^^^^^^^^^^
  File "/home/airflow/.local/lib/python3.12/site-packages/airflow/utils/operator_helpers.py", line 252, in run
    return self.func(*args, **kwargs)
           ^^^^^^^^^^^^^^^^^^^^^^^^^^
  File "/home/airflow/.local/lib/python3.12/site-packages/airflow/models/baseoperator.py", line 422, in wrapper
    return func(self, *args, **kwargs)
           ^^^^^^^^^^^^^^^^^^^^^^^^^^^
  File "/home/airflow/.local/lib/python3.12/site-packages/airflow/operators/bash.py", line 276, in execute
    raise AirflowException(
airflow.exceptions.AirflowException: Bash command failed. The command returned a non-zero exit code 1.
[2026-09-02T14:59:40.233+0000] {taskinstance.py:1225} INFO - Marking task as FAILED. dag_id=etl_pipeline, task_id=dim_product, run_id=manual__2026-09-02T14:59:18.990001+00:00, execution_date=20260902T145918, start_date=20260902T145932, end_date=20260902T145940
[2026-09-02T14:59:40.262+0000] {taskinstance.py:340} INFO - ::group::Post task execution logs
[2026-09-02T14:59:40.264+0000] {standard_task_runner.py:124} ERROR - Failed to execute job 107 for task dim_product (Bash command failed. The command returned a non-zero exit code 1.; 224)
Traceback (most recent call last):
  File "/home/airflow/.local/lib/python3.12/site-packages/airflow/task/task_runner/standard_task_runner.py", line 117, in _start_by_fork
    ret = args.func(args, dag=self.dag)
          ^^^^^^^^^^^^^^^^^^^^^^^^^^^^^
  File "/home/airflow/.local/lib/python3.12/site-packages/airflow/cli/cli_config.py", line 49, in command
    return func(*args, **kwargs)
           ^^^^^^^^^^^^^^^^^^^^^
  File "/home/airflow/.local/lib/python3.12/site-packages/airflow/utils/cli.py", line 116, in wrapper
    return f(*args, **kwargs)
           ^^^^^^^^^^^^^^^^^^
  File "/home/airflow/.local/lib/python3.12/site-packages/airflow/cli/commands/task_command.py", line 483, in task_run
    task_return_code = _run_task_by_selected_method(args, _dag, ti)
                       ^^^^^^^^^^^^^^^^^^^^^^^^^^^^^^^^^^^^^^^^^^^^
  File "/home/airflow/.local/lib/python3.12/site-packages/airflow/cli/commands/task_command.py", line 256, in _run_task_by_selected_method
    return _run_raw_task(args, ti)
           ^^^^^^^^^^^^^^^^^^^^^^^
  File "/home/airflow/.local/lib/python3.12/site-packages/airflow/cli/commands/task_command.py", line 341, in _run_raw_task
    return ti._run_raw_task(
           ^^^^^^^^^^^^^^^^^
  File "/home/airflow/.local/lib/python3.12/site-packages/airflow/utils/session.py", line 97, in wrapper
    return func(*args, session=session, **kwargs)
           ^^^^^^^^^^^^^^^^^^^^^^^^^^^^^^^^^^^^^^
  File "/home/airflow/.local/lib/python3.12/site-packages/airflow/models/taskinstance.py", line 3005, in _run_raw_task
    return _run_raw_task(
           ^^^^^^^^^^^^^^
  File "/home/airflow/.local/lib/python3.12/site-packages/airflow/models/taskinstance.py", line 273, in _run_raw_task
    TaskInstance._execute_task_with_callbacks(
  File "/home/airflow/.local/lib/python3.12/site-packages/airflow/models/taskinstance.py", line 3159, in _execute_task_with_callbacks
    result = self._execute_task(context, task_orig)
             ^^^^^^^^^^^^^^^^^^^^^^^^^^^^^^^^^^^^^^
  File "/home/airflow/.local/lib/python3.12/site-packages/airflow/models/taskinstance.py", line 3183, in _execute_task
    return _execute_task(self, context, task_orig)
           ^^^^^^^^^^^^^^^^^^^^^^^^^^^^^^^^^^^^^^^
  File "/home/airflow/.local/lib/python3.12/site-packages/airflow/models/taskinstance.py", line 767, in _execute_task
    result = _execute_callable(context=context, **execute_callable_kwargs)
             ^^^^^^^^^^^^^^^^^^^^^^^^^^^^^^^^^^^^^^^^^^^^^^^^^^^^^^^^^^^^^
  File "/home/airflow/.local/lib/python3.12/site-packages/airflow/models/taskinstance.py", line 733, in _execute_callable
    return ExecutionCallableRunner(
           ^^^^^^^^^^^^^^^^^^^^^^^^
  File "/home/airflow/.local/lib/python3.12/site-packages/airflow/utils/operator_helpers.py", line 252, in run
    return self.func(*args, **kwargs)
           ^^^^^^^^^^^^^^^^^^^^^^^^^^
  File "/home/airflow/.local/lib/python3.12/site-packages/airflow/models/baseoperator.py", line 422, in wrapper
    return func(self, *args, **kwargs)
           ^^^^^^^^^^^^^^^^^^^^^^^^^^^
  File "/home/airflow/.local/lib/python3.12/site-packages/airflow/operators/bash.py", line 276, in execute
    raise AirflowException(
airflow.exceptions.AirflowException: Bash command failed. The command returned a non-zero exit code 1.
[2026-09-02T14:59:40.299+0000] {local_task_job_runner.py:266} INFO - Task exited with return code 1
[2026-09-02T14:59:40.348+0000] {taskinstance.py:3895} INFO - 0 downstream tasks scheduled from follow-on schedule check
[2026-09-02T14:59:40.357+0000] {local_task_job_runner.py:245} INFO - ::endgroup::
