[2026-09-28T18:09:26.271+0000] {local_task_job_runner.py:123} INFO - ::group::Pre task execution logs
[2026-09-28T18:09:26.300+0000] {taskinstance.py:2613} INFO - Dependencies all met for dep_context=non-requeueable deps ti=<TaskInstance: etl_pipeline.dim_seller scheduled__2026-09-27T02:00:00+00:00 [queued]>
[2026-09-28T18:09:26.316+0000] {taskinstance.py:2613} INFO - Dependencies all met for dep_context=requeueable deps ti=<TaskInstance: etl_pipeline.dim_seller scheduled__2026-09-27T02:00:00+00:00 [queued]>
[2026-09-28T18:09:26.317+0000] {taskinstance.py:2866} INFO - Starting attempt 1 of 3
[2026-09-28T18:09:26.341+0000] {taskinstance.py:2889} INFO - Executing <Task(BashOperator): dim_seller> on 2026-09-27 02:00:00+00:00
[2026-09-28T18:09:26.354+0000] {standard_task_runner.py:104} INFO - Running: ['airflow', 'tasks', 'run', 'etl_pipeline', 'dim_seller', 'scheduled__2026-09-27T02:00:00+00:00', '--job-id', '177', '--raw', '--subdir', 'DAGS_FOLDER/sales_etl_dag.py', '--cfg-path', '/tmp/tmpx73dwasd']
[2026-09-28T18:09:26.358+0000] {standard_task_runner.py:105} INFO - Job 177: Subtask dim_seller
[2026-09-28T18:09:26.371+0000] {logging_mixin.py:190} WARNING - /home/airflow/.local/lib/python3.12/site-packages/airflow/task/task_runner/standard_task_runner.py:70 DeprecationWarning: This process (pid=326) is multi-threaded, use of fork() may lead to deadlocks in the child.
[2026-09-28T18:09:26.372+0000] {standard_task_runner.py:72} INFO - Started process 329 to run task
[2026-09-28T18:09:26.448+0000] {task_command.py:467} INFO - Running <TaskInstance: etl_pipeline.dim_seller scheduled__2026-09-27T02:00:00+00:00 [running]> on host c0ac871157a5
[2026-09-28T18:09:26.611+0000] {taskinstance.py:3132} INFO - Exporting env vars: AIRFLOW_CTX_DAG_OWNER='airflow' AIRFLOW_CTX_DAG_ID='etl_pipeline' AIRFLOW_CTX_TASK_ID='dim_seller' AIRFLOW_CTX_EXECUTION_DATE='2026-09-27T02:00:00+00:00' AIRFLOW_CTX_TRY_NUMBER='1' AIRFLOW_CTX_DAG_RUN_ID='scheduled__2026-09-27T02:00:00+00:00'
[2026-09-28T18:09:26.612+0000] {taskinstance.py:731} INFO - ::endgroup::
[2026-09-28T18:09:26.637+0000] {subprocess.py:78} INFO - Tmp dir root location: /tmp
[2026-09-28T18:09:26.638+0000] {subprocess.py:88} INFO - Running command: ['/usr/bin/bash', '-c', 'PYTHONPATH=/opt/airflow/src python -m warehouse.dim_seller']
[2026-09-28T18:09:26.655+0000] {subprocess.py:99} INFO - Output:
[2026-09-28T18:09:29.323+0000] {subprocess.py:106} INFO - seller_data:
[2026-09-28T18:09:29.325+0000] {subprocess.py:106} INFO -                           seller_id  ...  seller_key
[2026-09-28T18:09:29.326+0000] {subprocess.py:106} INFO - 0  3442f8959a84dea7ee197c632cb2df15  ...           1
[2026-09-28T18:09:29.327+0000] {subprocess.py:106} INFO - 1  d1b65fc7debc3361ea86b5f14c68d2e2  ...           2
[2026-09-28T18:09:29.328+0000] {subprocess.py:106} INFO - 2  ce3ad9de960102d0677a81f5d0bb7b2d  ...           3
[2026-09-28T18:09:29.329+0000] {subprocess.py:106} INFO - 3  c0f3eea2e14555b6faeea3dd58c1b1c3  ...           4
[2026-09-28T18:09:29.329+0000] {subprocess.py:106} INFO - 4  51a04a8a6bdcb23deccc82b0b80742cf  ...           5
[2026-09-28T18:09:29.331+0000] {subprocess.py:106} INFO - 
[2026-09-28T18:09:29.332+0000] {subprocess.py:106} INFO - [5 rows x 5 columns]
[2026-09-28T18:09:29.333+0000] {subprocess.py:106} INFO - (3095, 5)
[2026-09-28T18:09:29.334+0000] {subprocess.py:106} INFO - Dimension table is created
[2026-09-28T18:09:29.335+0000] {subprocess.py:106} INFO - (3095, 3095)
[2026-09-28T18:09:29.563+0000] {subprocess.py:110} INFO - Command exited with return code 0
[2026-09-28T18:09:29.619+0000] {taskinstance.py:340} INFO - ::group::Post task execution logs
[2026-09-28T18:09:29.620+0000] {taskinstance.py:352} INFO - Marking task as SUCCESS. dag_id=etl_pipeline, task_id=dim_seller, run_id=scheduled__2026-09-27T02:00:00+00:00, execution_date=20260927T020000, start_date=20260928T180926, end_date=20260928T180929
[2026-09-28T18:09:29.657+0000] {local_task_job_runner.py:266} INFO - Task exited with return code 0
[2026-09-28T18:09:29.702+0000] {taskinstance.py:3895} INFO - 0 downstream tasks scheduled from follow-on schedule check
[2026-09-28T18:09:29.705+0000] {local_task_job_runner.py:245} INFO - ::endgroup::
