[2026-09-02T14:39:45.267+0000] {local_task_job_runner.py:123} INFO - ::group::Pre task execution logs
[2026-09-02T14:39:45.299+0000] {taskinstance.py:2613} INFO - Dependencies all met for dep_context=non-requeueable deps ti=<TaskInstance: etl_pipeline.load_data manual__2026-09-02T14:39:34.203943+00:00 [queued]>
[2026-09-02T14:39:45.315+0000] {taskinstance.py:2613} INFO - Dependencies all met for dep_context=requeueable deps ti=<TaskInstance: etl_pipeline.load_data manual__2026-09-02T14:39:34.203943+00:00 [queued]>
[2026-09-02T14:39:45.317+0000] {taskinstance.py:2866} INFO - Starting attempt 1 of 1
[2026-09-02T14:39:45.343+0000] {taskinstance.py:2889} INFO - Executing <Task(BashOperator): load_data> on 2026-09-02 14:39:34.203943+00:00
[2026-09-02T14:39:45.360+0000] {standard_task_runner.py:104} INFO - Running: ['airflow', 'tasks', 'run', 'etl_pipeline', 'load_data', 'manual__2026-09-02T14:39:34.203943+00:00', '--job-id', '91', '--raw', '--subdir', 'DAGS_FOLDER/sales_etl_dag.py', '--cfg-path', '/tmp/tmp8grn2v0a']
[2026-09-02T14:39:45.367+0000] {standard_task_runner.py:105} INFO - Job 91: Subtask load_data
[2026-09-02T14:39:45.373+0000] {logging_mixin.py:190} WARNING - /home/airflow/.local/lib/python3.12/site-packages/airflow/task/task_runner/standard_task_runner.py:70 DeprecationWarning: This process (pid=369) is multi-threaded, use of fork() may lead to deadlocks in the child.
[2026-09-02T14:39:45.375+0000] {standard_task_runner.py:72} INFO - Started process 370 to run task
[2026-09-02T14:39:45.548+0000] {task_command.py:467} INFO - Running <TaskInstance: etl_pipeline.load_data manual__2026-09-02T14:39:34.203943+00:00 [running]> on host a914322f514a
[2026-09-02T14:39:45.736+0000] {taskinstance.py:3132} INFO - Exporting env vars: AIRFLOW_CTX_DAG_OWNER='airflow' AIRFLOW_CTX_DAG_ID='etl_pipeline' AIRFLOW_CTX_TASK_ID='load_data' AIRFLOW_CTX_EXECUTION_DATE='2026-09-02T14:39:34.203943+00:00' AIRFLOW_CTX_TRY_NUMBER='1' AIRFLOW_CTX_DAG_RUN_ID='manual__2026-09-02T14:39:34.203943+00:00'
[2026-09-02T14:39:45.738+0000] {taskinstance.py:731} INFO - ::endgroup::
[2026-09-02T14:39:45.772+0000] {subprocess.py:78} INFO - Tmp dir root location: /tmp
[2026-09-02T14:39:45.775+0000] {subprocess.py:88} INFO - Running command: ['/usr/bin/bash', '-c', 'PYTHONPATH=/opt/airflow/src python -m load']
[2026-09-02T14:39:45.791+0000] {subprocess.py:99} INFO - Output:
[2026-09-02T14:39:48.129+0000] {subprocess.py:106} INFO - DATASETS EXTRACTED:
[2026-09-02T14:39:48.130+0000] {subprocess.py:106} INFO - dict_keys([])
[2026-09-02T14:39:48.327+0000] {subprocess.py:110} INFO - Command exited with return code 0
[2026-09-02T14:39:48.384+0000] {taskinstance.py:340} INFO - ::group::Post task execution logs
[2026-09-02T14:39:48.386+0000] {taskinstance.py:352} INFO - Marking task as SUCCESS. dag_id=etl_pipeline, task_id=load_data, run_id=manual__2026-09-02T14:39:34.203943+00:00, execution_date=20260902T143934, start_date=20260902T143945, end_date=20260902T143948
[2026-09-02T14:39:48.465+0000] {local_task_job_runner.py:266} INFO - Task exited with return code 0
[2026-09-02T14:39:48.546+0000] {taskinstance.py:3895} INFO - 4 downstream tasks scheduled from follow-on schedule check
[2026-09-02T14:39:48.552+0000] {local_task_job_runner.py:245} INFO - ::endgroup::
