[2026-09-23T16:46:43.714+0000] {local_task_job_runner.py:123} INFO - ::group::Pre task execution logs
[2026-09-23T16:46:43.735+0000] {taskinstance.py:2613} INFO - Dependencies all met for dep_context=non-requeueable deps ti=<TaskInstance: etl_pipeline.dim_seller scheduled__2026-09-03T02:00:00+00:00 [queued]>
[2026-09-23T16:46:43.745+0000] {taskinstance.py:2613} INFO - Dependencies all met for dep_context=requeueable deps ti=<TaskInstance: etl_pipeline.dim_seller scheduled__2026-09-03T02:00:00+00:00 [queued]>
[2026-09-23T16:46:43.746+0000] {taskinstance.py:2866} INFO - Starting attempt 1 of 3
[2026-09-23T16:46:43.762+0000] {taskinstance.py:2889} INFO - Executing <Task(BashOperator): dim_seller> on 2026-09-03 02:00:00+00:00
[2026-09-23T16:46:43.772+0000] {standard_task_runner.py:104} INFO - Running: ['airflow', 'tasks', 'run', 'etl_pipeline', 'dim_seller', 'scheduled__2026-09-03T02:00:00+00:00', '--job-id', '161', '--raw', '--subdir', 'DAGS_FOLDER/sales_etl_dag.py', '--cfg-path', '/tmp/tmpw2ikzkpe']
[2026-09-23T16:46:43.776+0000] {logging_mixin.py:190} WARNING - /home/airflow/.local/lib/python3.12/site-packages/airflow/task/task_runner/standard_task_runner.py:70 DeprecationWarning: This process (pid=321) is multi-threaded, use of fork() may lead to deadlocks in the child.
[2026-09-23T16:46:43.779+0000] {standard_task_runner.py:105} INFO - Job 161: Subtask dim_seller
[2026-09-23T16:46:43.779+0000] {standard_task_runner.py:72} INFO - Started process 325 to run task
[2026-09-23T16:46:43.839+0000] {task_command.py:467} INFO - Running <TaskInstance: etl_pipeline.dim_seller scheduled__2026-09-03T02:00:00+00:00 [running]> on host 62d0451776ea
[2026-09-23T16:46:43.950+0000] {taskinstance.py:3132} INFO - Exporting env vars: AIRFLOW_CTX_DAG_OWNER='airflow' AIRFLOW_CTX_DAG_ID='etl_pipeline' AIRFLOW_CTX_TASK_ID='dim_seller' AIRFLOW_CTX_EXECUTION_DATE='2026-09-03T02:00:00+00:00' AIRFLOW_CTX_TRY_NUMBER='1' AIRFLOW_CTX_DAG_RUN_ID='scheduled__2026-09-03T02:00:00+00:00'
[2026-09-23T16:46:43.951+0000] {taskinstance.py:731} INFO - ::endgroup::
[2026-09-23T16:46:43.974+0000] {subprocess.py:78} INFO - Tmp dir root location: /tmp
[2026-09-23T16:46:43.976+0000] {subprocess.py:88} INFO - Running command: ['/usr/bin/bash', '-c', 'PYTHONPATH=/opt/airflow/src python -m warehouse.dim_seller']
[2026-09-23T16:46:43.990+0000] {subprocess.py:99} INFO - Output:
[2026-09-23T16:46:46.105+0000] {subprocess.py:106} INFO - seller_data:
[2026-09-23T16:46:46.108+0000] {subprocess.py:106} INFO -                           seller_id  ...  seller_key
[2026-09-23T16:46:46.109+0000] {subprocess.py:106} INFO - 0  3442f8959a84dea7ee197c632cb2df15  ...           1
[2026-09-23T16:46:46.110+0000] {subprocess.py:106} INFO - 1  d1b65fc7debc3361ea86b5f14c68d2e2  ...           2
[2026-09-23T16:46:46.110+0000] {subprocess.py:106} INFO - 2  ce3ad9de960102d0677a81f5d0bb7b2d  ...           3
[2026-09-23T16:46:46.111+0000] {subprocess.py:106} INFO - 3  c0f3eea2e14555b6faeea3dd58c1b1c3  ...           4
[2026-09-23T16:46:46.112+0000] {subprocess.py:106} INFO - 4  51a04a8a6bdcb23deccc82b0b80742cf  ...           5
[2026-09-23T16:46:46.112+0000] {subprocess.py:106} INFO - 
[2026-09-23T16:46:46.113+0000] {subprocess.py:106} INFO - [5 rows x 5 columns]
[2026-09-23T16:46:46.114+0000] {subprocess.py:106} INFO - (3095, 5)
[2026-09-23T16:46:46.115+0000] {subprocess.py:106} INFO - Dimension table is created
[2026-09-23T16:46:46.116+0000] {subprocess.py:106} INFO - (3095, 3095)
[2026-09-23T16:46:46.313+0000] {subprocess.py:110} INFO - Command exited with return code 0
[2026-09-23T16:46:46.352+0000] {taskinstance.py:340} INFO - ::group::Post task execution logs
[2026-09-23T16:46:46.354+0000] {taskinstance.py:352} INFO - Marking task as SUCCESS. dag_id=etl_pipeline, task_id=dim_seller, run_id=scheduled__2026-09-03T02:00:00+00:00, execution_date=20260903T020000, start_date=20260923T164643, end_date=20260923T164646
[2026-09-23T16:46:46.407+0000] {local_task_job_runner.py:266} INFO - Task exited with return code 0
[2026-09-23T16:46:46.426+0000] {local_task_job_runner.py:245} INFO - ::endgroup::
