[2026-09-02T15:29:00.914+0000] {local_task_job_runner.py:123} INFO - ::group::Pre task execution logs
[2026-09-02T15:29:00.943+0000] {taskinstance.py:2613} INFO - Dependencies all met for dep_context=non-requeueable deps ti=<TaskInstance: etl_pipeline.transform_data manual__2026-09-02T15:28:53.147700+00:00 [queued]>
[2026-09-02T15:29:00.954+0000] {taskinstance.py:2613} INFO - Dependencies all met for dep_context=requeueable deps ti=<TaskInstance: etl_pipeline.transform_data manual__2026-09-02T15:28:53.147700+00:00 [queued]>
[2026-09-02T15:29:00.956+0000] {taskinstance.py:2866} INFO - Starting attempt 1 of 1
[2026-09-02T15:29:00.984+0000] {taskinstance.py:2889} INFO - Executing <Task(BashOperator): transform_data> on 2026-09-02 15:28:53.147700+00:00
[2026-09-02T15:29:00.996+0000] {standard_task_runner.py:104} INFO - Running: ['airflow', 'tasks', 'run', 'etl_pipeline', 'transform_data', 'manual__2026-09-02T15:28:53.147700+00:00', '--job-id', '126', '--raw', '--subdir', 'DAGS_FOLDER/sales_etl_dag.py', '--cfg-path', '/tmp/tmp1z8_rjs7']
[2026-09-02T15:29:01.000+0000] {standard_task_runner.py:105} INFO - Job 126: Subtask transform_data
[2026-09-02T15:29:01.002+0000] {logging_mixin.py:190} WARNING - /home/airflow/.local/lib/python3.12/site-packages/airflow/task/task_runner/standard_task_runner.py:70 DeprecationWarning: This process (pid=742) is multi-threaded, use of fork() may lead to deadlocks in the child.
[2026-09-02T15:29:01.004+0000] {standard_task_runner.py:72} INFO - Started process 743 to run task
[2026-09-02T15:29:01.125+0000] {task_command.py:467} INFO - Running <TaskInstance: etl_pipeline.transform_data manual__2026-09-02T15:28:53.147700+00:00 [running]> on host 62d0451776ea
[2026-09-02T15:29:01.255+0000] {taskinstance.py:3132} INFO - Exporting env vars: AIRFLOW_CTX_DAG_OWNER='airflow' AIRFLOW_CTX_DAG_ID='etl_pipeline' AIRFLOW_CTX_TASK_ID='transform_data' AIRFLOW_CTX_EXECUTION_DATE='2026-09-02T15:28:53.147700+00:00' AIRFLOW_CTX_TRY_NUMBER='1' AIRFLOW_CTX_DAG_RUN_ID='manual__2026-09-02T15:28:53.147700+00:00'
[2026-09-02T15:29:01.257+0000] {taskinstance.py:731} INFO - ::endgroup::
[2026-09-02T15:29:01.283+0000] {subprocess.py:78} INFO - Tmp dir root location: /tmp
[2026-09-02T15:29:01.285+0000] {subprocess.py:88} INFO - Running command: ['/usr/bin/bash', '-c', 'PYTHONPATH=/opt/airflow/src python -m transform']
[2026-09-02T15:29:01.297+0000] {subprocess.py:99} INFO - Output:
[2026-09-02T15:29:05.757+0000] {subprocess.py:106} INFO - Traceback (most recent call last):
[2026-09-02T15:29:05.758+0000] {subprocess.py:106} INFO -   File "/home/airflow/.local/lib/python3.12/site-packages/pandas/core/ops/array_ops.py", line 220, in _na_arithmetic_op
[2026-09-02T15:29:05.759+0000] {subprocess.py:106} INFO -     result = func(left, right)
[2026-09-02T15:29:05.759+0000] {subprocess.py:106} INFO -              ^^^^^^^^^^^^^^^^^
[2026-09-02T15:29:05.760+0000] {subprocess.py:106} INFO -   File "/home/airflow/.local/lib/python3.12/site-packages/pandas/core/computation/expressions.py", line 242, in evaluate
[2026-09-02T15:29:05.760+0000] {subprocess.py:106} INFO -     return _evaluate(op, op_str, a, b)  # type: ignore[misc]
[2026-09-02T15:29:05.761+0000] {subprocess.py:106} INFO -            ^^^^^^^^^^^^^^^^^^^^^^^^^^^
[2026-09-02T15:29:05.761+0000] {subprocess.py:106} INFO -   File "/home/airflow/.local/lib/python3.12/site-packages/pandas/core/computation/expressions.py", line 73, in _evaluate_standard
[2026-09-02T15:29:05.762+0000] {subprocess.py:106} INFO -     return op(a, b)
[2026-09-02T15:29:05.762+0000] {subprocess.py:106} INFO -            ^^^^^^^^
[2026-09-02T15:29:05.763+0000] {subprocess.py:106} INFO - TypeError: unsupported operand type(s) for -: 'str' and 'str'
[2026-09-02T15:29:05.763+0000] {subprocess.py:106} INFO - 
[2026-09-02T15:29:05.764+0000] {subprocess.py:106} INFO - During handling of the above exception, another exception occurred:
[2026-09-02T15:29:05.765+0000] {subprocess.py:106} INFO - 
[2026-09-02T15:29:05.765+0000] {subprocess.py:106} INFO - Traceback (most recent call last):
[2026-09-02T15:29:05.766+0000] {subprocess.py:106} INFO -   File "<frozen runpy>", line 198, in _run_module_as_main
[2026-09-02T15:29:05.767+0000] {subprocess.py:106} INFO -   File "<frozen runpy>", line 88, in _run_code
[2026-09-02T15:29:05.768+0000] {subprocess.py:106} INFO -   File "/opt/airflow/src/transform.py", line 62, in <module>
[2026-09-02T15:29:05.768+0000] {subprocess.py:106} INFO -     datasets["olist_orders_dataset"]["delivery_days"] = (datasets["olist_orders_dataset"]["order_delivered_customer_date"] - datasets["olist_orders_dataset"]["order_purchase_timestamp"]).dt.days
[2026-09-02T15:29:05.769+0000] {subprocess.py:106} INFO -                                                          ~~~~~~~~~~~~~~~~~~~~~~~~~~~~~~~~~~~~~~~~~~~~~~~~~~~~~~~~~~~~~~~~~~^~~~~~~~~~~~~~~~~~~~~~~~~~~~~~~~~~~~~~~~~~~~~~~~~~~~~~~~~~~~~~
[2026-09-02T15:29:05.770+0000] {subprocess.py:106} INFO -   File "/home/airflow/.local/lib/python3.12/site-packages/pandas/core/ops/common.py", line 76, in new_method
[2026-09-02T15:29:05.770+0000] {subprocess.py:106} INFO -     return method(self, other)
[2026-09-02T15:29:05.771+0000] {subprocess.py:106} INFO -            ^^^^^^^^^^^^^^^^^^^
[2026-09-02T15:29:05.771+0000] {subprocess.py:106} INFO -   File "/home/airflow/.local/lib/python3.12/site-packages/pandas/core/arraylike.py", line 194, in __sub__
[2026-09-02T15:29:05.772+0000] {subprocess.py:106} INFO -     return self._arith_method(other, operator.sub)
[2026-09-02T15:29:05.772+0000] {subprocess.py:106} INFO -            ^^^^^^^^^^^^^^^^^^^^^^^^^^^^^^^^^^^^^^^
[2026-09-02T15:29:05.773+0000] {subprocess.py:106} INFO -   File "/home/airflow/.local/lib/python3.12/site-packages/pandas/core/series.py", line 5819, in _arith_method
[2026-09-02T15:29:05.773+0000] {subprocess.py:106} INFO -     return base.IndexOpsMixin._arith_method(self, other, op)
[2026-09-02T15:29:05.773+0000] {subprocess.py:106} INFO -            ^^^^^^^^^^^^^^^^^^^^^^^^^^^^^^^^^^^^^^^^^^^^^^^^^
[2026-09-02T15:29:05.774+0000] {subprocess.py:106} INFO -   File "/home/airflow/.local/lib/python3.12/site-packages/pandas/core/base.py", line 1381, in _arith_method
[2026-09-02T15:29:05.775+0000] {subprocess.py:106} INFO -     result = ops.arithmetic_op(lvalues, rvalues, op)
[2026-09-02T15:29:05.776+0000] {subprocess.py:106} INFO -              ^^^^^^^^^^^^^^^^^^^^^^^^^^^^^^^^^^^^^^^
[2026-09-02T15:29:05.776+0000] {subprocess.py:106} INFO -   File "/home/airflow/.local/lib/python3.12/site-packages/pandas/core/ops/array_ops.py", line 285, in arithmetic_op
[2026-09-02T15:29:05.777+0000] {subprocess.py:106} INFO -     res_values = _na_arithmetic_op(left, right, op)  # type: ignore[arg-type]
[2026-09-02T15:29:05.778+0000] {subprocess.py:106} INFO -                  ^^^^^^^^^^^^^^^^^^^^^^^^^^^^^^^^^^
[2026-09-02T15:29:05.779+0000] {subprocess.py:106} INFO -   File "/home/airflow/.local/lib/python3.12/site-packages/pandas/core/ops/array_ops.py", line 229, in _na_arithmetic_op
[2026-09-02T15:29:05.779+0000] {subprocess.py:106} INFO -     result = _masked_arith_op(left, right, op)
[2026-09-02T15:29:05.780+0000] {subprocess.py:106} INFO -              ^^^^^^^^^^^^^^^^^^^^^^^^^^^^^^^^^
[2026-09-02T15:29:05.780+0000] {subprocess.py:106} INFO -   File "/home/airflow/.local/lib/python3.12/site-packages/pandas/core/ops/array_ops.py", line 165, in _masked_arith_op
[2026-09-02T15:29:05.781+0000] {subprocess.py:106} INFO -     result[mask] = op(xrav[mask], yrav[mask])
[2026-09-02T15:29:05.782+0000] {subprocess.py:106} INFO -                    ^^^^^^^^^^^^^^^^^^^^^^^^^^
[2026-09-02T15:29:05.783+0000] {subprocess.py:106} INFO - TypeError: unsupported operand type(s) for -: 'str' and 'str'
[2026-09-02T15:29:05.784+0000] {subprocess.py:106} INFO - CURRENT DIRECTORY: /tmp/airflowtmpw0h1rh6j
[2026-09-02T15:29:05.785+0000] {subprocess.py:106} INFO - DATA FOLDER: /opt/airflow/data/raw
[2026-09-02T15:29:05.787+0000] {subprocess.py:106} INFO - CSV FILES: [PosixPath('/opt/airflow/data/raw/olist_customers_dataset.csv'), PosixPath('/opt/airflow/data/raw/olist_geolocation_dataset.csv'), PosixPath('/opt/airflow/data/raw/olist_orders_dataset.csv'), PosixPath('/opt/airflow/data/raw/olist_order_items_dataset.csv'), PosixPath('/opt/airflow/data/raw/olist_order_payments_dataset.csv'), PosixPath('/opt/airflow/data/raw/olist_order_reviews_dataset.csv'), PosixPath('/opt/airflow/data/raw/olist_products_dataset.csv'), PosixPath('/opt/airflow/data/raw/olist_sellers_dataset.csv'), PosixPath('/opt/airflow/data/raw/product_category_name_translation.csv')]
[2026-09-02T15:29:05.787+0000] {subprocess.py:106} INFO - DATASETS EXTRACTED:
[2026-09-02T15:29:05.789+0000] {subprocess.py:106} INFO - dict_keys(['olist_customers_dataset', 'olist_geolocation_dataset', 'olist_orders_dataset', 'olist_order_items_dataset', 'olist_order_payments_dataset', 'olist_order_reviews_dataset', 'olist_products_dataset', 'olist_sellers_dataset', 'product_category_name_translation'])
[2026-09-02T15:29:05.998+0000] {subprocess.py:110} INFO - Command exited with return code 1
[2026-09-02T15:29:06.014+0000] {taskinstance.py:3311} ERROR - Task failed with exception
Traceback (most recent call last):
  File "/home/airflow/.local/lib/python3.12/site-packages/airflow/models/taskinstance.py", line 767, in _execute_task
    result = _execute_callable(context=context, **execute_callable_kwargs)
             ^^^^^^^^^^^^^^^^^^^^^^^^^^^^^^^^^^^^^^^^^^^^^^^^^^^^^^^^^^^^^
  File "/home/airflow/.local/lib/python3.12/site-packages/airflow/models/taskinstance.py", line 733, in _execute_callable
    return ExecutionCallableRunner(
           ^^^^^^^^^^^^^^^^^^^^^^^^
  File "/home/airflow/.local/lib/python3.12/site-packages/airflow/utils/operator_helpers.py", line 252, in run
    return self.func(*args, **kwargs)
           ^^^^^^^^^^^^^^^^^^^^^^^^^^
  File "/home/airflow/.local/lib/python3.12/site-packages/airflow/models/baseoperator.py", line 422, in wrapper
    return func(self, *args, **kwargs)
           ^^^^^^^^^^^^^^^^^^^^^^^^^^^
  File "/home/airflow/.local/lib/python3.12/site-packages/airflow/operators/bash.py", line 276, in execute
    raise AirflowException(
airflow.exceptions.AirflowException: Bash command failed. The command returned a non-zero exit code 1.
[2026-09-02T15:29:06.021+0000] {taskinstance.py:1225} INFO - Marking task as FAILED. dag_id=etl_pipeline, task_id=transform_data, run_id=manual__2026-09-02T15:28:53.147700+00:00, execution_date=20260902T152853, start_date=20260902T152900, end_date=20260902T152906
[2026-09-02T15:29:06.039+0000] {taskinstance.py:340} INFO - ::group::Post task execution logs
[2026-09-02T15:29:06.042+0000] {standard_task_runner.py:124} ERROR - Failed to execute job 126 for task transform_data (Bash command failed. The command returned a non-zero exit code 1.; 743)
Traceback (most recent call last):
  File "/home/airflow/.local/lib/python3.12/site-packages/airflow/task/task_runner/standard_task_runner.py", line 117, in _start_by_fork
    ret = args.func(args, dag=self.dag)
          ^^^^^^^^^^^^^^^^^^^^^^^^^^^^^
  File "/home/airflow/.local/lib/python3.12/site-packages/airflow/cli/cli_config.py", line 49, in command
    return func(*args, **kwargs)
           ^^^^^^^^^^^^^^^^^^^^^
  File "/home/airflow/.local/lib/python3.12/site-packages/airflow/utils/cli.py", line 116, in wrapper
    return f(*args, **kwargs)
           ^^^^^^^^^^^^^^^^^^
  File "/home/airflow/.local/lib/python3.12/site-packages/airflow/cli/commands/task_command.py", line 483, in task_run
    task_return_code = _run_task_by_selected_method(args, _dag, ti)
                       ^^^^^^^^^^^^^^^^^^^^^^^^^^^^^^^^^^^^^^^^^^^^
  File "/home/airflow/.local/lib/python3.12/site-packages/airflow/cli/commands/task_command.py", line 256, in _run_task_by_selected_method
    return _run_raw_task(args, ti)
           ^^^^^^^^^^^^^^^^^^^^^^^
  File "/home/airflow/.local/lib/python3.12/site-packages/airflow/cli/commands/task_command.py", line 341, in _run_raw_task
    return ti._run_raw_task(
           ^^^^^^^^^^^^^^^^^
  File "/home/airflow/.local/lib/python3.12/site-packages/airflow/utils/session.py", line 97, in wrapper
    return func(*args, session=session, **kwargs)
           ^^^^^^^^^^^^^^^^^^^^^^^^^^^^^^^^^^^^^^
  File "/home/airflow/.local/lib/python3.12/site-packages/airflow/models/taskinstance.py", line 3005, in _run_raw_task
    return _run_raw_task(
           ^^^^^^^^^^^^^^
  File "/home/airflow/.local/lib/python3.12/site-packages/airflow/models/taskinstance.py", line 273, in _run_raw_task
    TaskInstance._execute_task_with_callbacks(
  File "/home/airflow/.local/lib/python3.12/site-packages/airflow/models/taskinstance.py", line 3159, in _execute_task_with_callbacks
    result = self._execute_task(context, task_orig)
             ^^^^^^^^^^^^^^^^^^^^^^^^^^^^^^^^^^^^^^
  File "/home/airflow/.local/lib/python3.12/site-packages/airflow/models/taskinstance.py", line 3183, in _execute_task
    return _execute_task(self, context, task_orig)
           ^^^^^^^^^^^^^^^^^^^^^^^^^^^^^^^^^^^^^^^
  File "/home/airflow/.local/lib/python3.12/site-packages/airflow/models/taskinstance.py", line 767, in _execute_task
    result = _execute_callable(context=context, **execute_callable_kwargs)
             ^^^^^^^^^^^^^^^^^^^^^^^^^^^^^^^^^^^^^^^^^^^^^^^^^^^^^^^^^^^^^
  File "/home/airflow/.local/lib/python3.12/site-packages/airflow/models/taskinstance.py", line 733, in _execute_callable
    return ExecutionCallableRunner(
           ^^^^^^^^^^^^^^^^^^^^^^^^
  File "/home/airflow/.local/lib/python3.12/site-packages/airflow/utils/operator_helpers.py", line 252, in run
    return self.func(*args, **kwargs)
           ^^^^^^^^^^^^^^^^^^^^^^^^^^
  File "/home/airflow/.local/lib/python3.12/site-packages/airflow/models/baseoperator.py", line 422, in wrapper
    return func(self, *args, **kwargs)
           ^^^^^^^^^^^^^^^^^^^^^^^^^^^
  File "/home/airflow/.local/lib/python3.12/site-packages/airflow/operators/bash.py", line 276, in execute
    raise AirflowException(
airflow.exceptions.AirflowException: Bash command failed. The command returned a non-zero exit code 1.
[2026-09-02T15:29:06.092+0000] {local_task_job_runner.py:266} INFO - Task exited with return code 1
[2026-09-02T15:29:06.124+0000] {taskinstance.py:3895} INFO - 0 downstream tasks scheduled from follow-on schedule check
[2026-09-02T15:29:06.132+0000] {local_task_job_runner.py:245} INFO - ::endgroup::
