[2026-09-02T14:39:07.589+0000] {local_task_job_runner.py:123} INFO - ::group::Pre task execution logs
[2026-09-02T14:39:07.675+0000] {taskinstance.py:2613} INFO - Dependencies all met for dep_context=non-requeueable deps ti=<TaskInstance: etl_pipeline.transform_data scheduled__2026-09-01T00:00:00+00:00 [queued]>
[2026-09-02T14:39:07.717+0000] {taskinstance.py:2613} INFO - Dependencies all met for dep_context=requeueable deps ti=<TaskInstance: etl_pipeline.transform_data scheduled__2026-09-01T00:00:00+00:00 [queued]>
[2026-09-02T14:39:07.719+0000] {taskinstance.py:2866} INFO - Starting attempt 1 of 1
[2026-09-02T14:39:07.793+0000] {taskinstance.py:2889} INFO - Executing <Task(BashOperator): transform_data> on 2026-09-01 00:00:00+00:00
[2026-09-02T14:39:07.816+0000] {standard_task_runner.py:104} INFO - Running: ['airflow', 'tasks', 'run', 'etl_pipeline', 'transform_data', 'scheduled__2026-09-01T00:00:00+00:00', '--job-id', '77', '--raw', '--subdir', 'DAGS_FOLDER/sales_etl_dag.py', '--cfg-path', '/tmp/tmprymt90hd']
[2026-09-02T14:39:07.834+0000] {standard_task_runner.py:105} INFO - Job 77: Subtask transform_data
[2026-09-02T14:39:07.844+0000] {logging_mixin.py:190} WARNING - /home/airflow/.local/lib/python3.12/site-packages/airflow/task/task_runner/standard_task_runner.py:70 DeprecationWarning: This process (pid=197) is multi-threaded, use of fork() may lead to deadlocks in the child.
[2026-09-02T14:39:07.855+0000] {standard_task_runner.py:72} INFO - Started process 198 to run task
[2026-09-02T14:39:08.071+0000] {task_command.py:467} INFO - Running <TaskInstance: etl_pipeline.transform_data scheduled__2026-09-01T00:00:00+00:00 [running]> on host a914322f514a
[2026-09-02T14:39:08.326+0000] {taskinstance.py:3132} INFO - Exporting env vars: AIRFLOW_CTX_DAG_OWNER='airflow' AIRFLOW_CTX_DAG_ID='etl_pipeline' AIRFLOW_CTX_TASK_ID='transform_data' AIRFLOW_CTX_EXECUTION_DATE='2026-09-01T00:00:00+00:00' AIRFLOW_CTX_TRY_NUMBER='1' AIRFLOW_CTX_DAG_RUN_ID='scheduled__2026-09-01T00:00:00+00:00'
[2026-09-02T14:39:08.327+0000] {taskinstance.py:731} INFO - ::endgroup::
[2026-09-02T14:39:08.381+0000] {subprocess.py:78} INFO - Tmp dir root location: /tmp
[2026-09-02T14:39:08.387+0000] {subprocess.py:88} INFO - Running command: ['/usr/bin/bash', '-c', 'PYTHONPATH=/opt/airflow/src python -m transform']
[2026-09-02T14:39:08.426+0000] {subprocess.py:99} INFO - Output:
[2026-09-02T14:39:12.546+0000] {subprocess.py:106} INFO - DATASETS EXTRACTED:
[2026-09-02T14:39:12.548+0000] {subprocess.py:106} INFO - dict_keys([])
[2026-09-02T14:39:12.788+0000] {subprocess.py:110} INFO - Command exited with return code 0
[2026-09-02T14:39:12.865+0000] {taskinstance.py:340} INFO - ::group::Post task execution logs
[2026-09-02T14:39:12.866+0000] {taskinstance.py:352} INFO - Marking task as SUCCESS. dag_id=etl_pipeline, task_id=transform_data, run_id=scheduled__2026-09-01T00:00:00+00:00, execution_date=20260901T000000, start_date=20260902T143907, end_date=20260902T143912
[2026-09-02T14:39:13.033+0000] {local_task_job_runner.py:266} INFO - Task exited with return code 0
[2026-09-02T14:39:13.067+0000] {local_task_job_runner.py:245} INFO - ::endgroup::
