[2026-08-31T18:25:30.671+0000] {local_task_job_runner.py:123} INFO - ::group::Pre task execution logs
[2026-08-31T18:25:30.705+0000] {taskinstance.py:2613} INFO - Dependencies all met for dep_context=non-requeueable deps ti=<TaskInstance: etl_pipeline.extract_csv manual__2026-08-31T18:25:29.494912+00:00 [queued]>
[2026-08-31T18:25:30.719+0000] {taskinstance.py:2613} INFO - Dependencies all met for dep_context=requeueable deps ti=<TaskInstance: etl_pipeline.extract_csv manual__2026-08-31T18:25:29.494912+00:00 [queued]>
[2026-08-31T18:25:30.721+0000] {taskinstance.py:2866} INFO - Starting attempt 1 of 1
[2026-08-31T18:25:30.741+0000] {taskinstance.py:2889} INFO - Executing <Task(BashOperator): extract_csv> on 2026-08-31 18:25:29.494912+00:00
[2026-08-31T18:25:30.753+0000] {standard_task_runner.py:104} INFO - Running: ['airflow', 'tasks', 'run', 'etl_pipeline', 'extract_csv', 'manual__2026-08-31T18:25:29.494912+00:00', '--job-id', '20', '--raw', '--subdir', 'DAGS_FOLDER/sales_etl_dag.py', '--cfg-path', '/tmp/tmpkriwg6pl']
[2026-08-31T18:25:30.756+0000] {logging_mixin.py:190} WARNING - /home/airflow/.local/lib/python3.12/site-packages/airflow/task/task_runner/standard_task_runner.py:70 DeprecationWarning: This process (pid=177) is multi-threaded, use of fork() may lead to deadlocks in the child.
[2026-08-31T18:25:30.757+0000] {standard_task_runner.py:105} INFO - Job 20: Subtask extract_csv
[2026-08-31T18:25:30.758+0000] {standard_task_runner.py:72} INFO - Started process 178 to run task
[2026-08-31T18:25:30.866+0000] {task_command.py:467} INFO - Running <TaskInstance: etl_pipeline.extract_csv manual__2026-08-31T18:25:29.494912+00:00 [running]> on host 4c6b0a7de6c1
[2026-08-31T18:25:31.019+0000] {taskinstance.py:3132} INFO - Exporting env vars: AIRFLOW_CTX_DAG_OWNER='airflow' AIRFLOW_CTX_DAG_ID='etl_pipeline' AIRFLOW_CTX_TASK_ID='extract_csv' AIRFLOW_CTX_EXECUTION_DATE='2026-08-31T18:25:29.494912+00:00' AIRFLOW_CTX_TRY_NUMBER='1' AIRFLOW_CTX_DAG_RUN_ID='manual__2026-08-31T18:25:29.494912+00:00'
[2026-08-31T18:25:31.023+0000] {taskinstance.py:731} INFO - ::endgroup::
[2026-08-31T18:25:31.071+0000] {subprocess.py:78} INFO - Tmp dir root location: /tmp
[2026-08-31T18:25:31.074+0000] {subprocess.py:88} INFO - Running command: ['/usr/bin/bash', '-c', 'PYTHONPATH=/opt/airflow/src python -m extract']
[2026-08-31T18:25:31.088+0000] {subprocess.py:99} INFO - Output:
[2026-08-31T18:25:32.393+0000] {subprocess.py:110} INFO - Command exited with return code 0
[2026-08-31T18:25:32.429+0000] {taskinstance.py:340} INFO - ::group::Post task execution logs
[2026-08-31T18:25:32.430+0000] {taskinstance.py:352} INFO - Marking task as SUCCESS. dag_id=etl_pipeline, task_id=extract_csv, run_id=manual__2026-08-31T18:25:29.494912+00:00, execution_date=20260831T182529, start_date=20260831T182530, end_date=20260831T182532
[2026-08-31T18:25:32.477+0000] {local_task_job_runner.py:266} INFO - Task exited with return code 0
[2026-08-31T18:25:32.508+0000] {taskinstance.py:3895} INFO - 1 downstream tasks scheduled from follow-on schedule check
[2026-08-31T18:25:32.511+0000] {local_task_job_runner.py:245} INFO - ::endgroup::
