[2026-09-28T18:08:51.026+0000] {local_task_job_runner.py:123} INFO - ::group::Pre task execution logs
[2026-09-28T18:08:51.057+0000] {taskinstance.py:2613} INFO - Dependencies all met for dep_context=non-requeueable deps ti=<TaskInstance: etl_pipeline.dim_date scheduled__2026-09-23T02:00:00+00:00 [queued]>
[2026-09-28T18:08:51.078+0000] {taskinstance.py:2613} INFO - Dependencies all met for dep_context=requeueable deps ti=<TaskInstance: etl_pipeline.dim_date scheduled__2026-09-23T02:00:00+00:00 [queued]>
[2026-09-28T18:08:51.079+0000] {taskinstance.py:2866} INFO - Starting attempt 1 of 3
[2026-09-28T18:08:51.109+0000] {taskinstance.py:2889} INFO - Executing <Task(BashOperator): dim_date> on 2026-09-23 02:00:00+00:00
[2026-09-28T18:08:51.128+0000] {standard_task_runner.py:104} INFO - Running: ['airflow', 'tasks', 'run', 'etl_pipeline', 'dim_date', 'scheduled__2026-09-23T02:00:00+00:00', '--job-id', '172', '--raw', '--subdir', 'DAGS_FOLDER/sales_etl_dag.py', '--cfg-path', '/tmp/tmpnj132t61']
[2026-09-28T18:08:51.133+0000] {standard_task_runner.py:105} INFO - Job 172: Subtask dim_date
[2026-09-28T18:08:51.134+0000] {logging_mixin.py:190} WARNING - /home/airflow/.local/lib/python3.12/site-packages/airflow/task/task_runner/standard_task_runner.py:70 DeprecationWarning: This process (pid=259) is multi-threaded, use of fork() may lead to deadlocks in the child.
[2026-09-28T18:08:51.135+0000] {standard_task_runner.py:72} INFO - Started process 266 to run task
[2026-09-28T18:08:51.221+0000] {task_command.py:467} INFO - Running <TaskInstance: etl_pipeline.dim_date scheduled__2026-09-23T02:00:00+00:00 [running]> on host c0ac871157a5
[2026-09-28T18:08:51.377+0000] {taskinstance.py:3132} INFO - Exporting env vars: AIRFLOW_CTX_DAG_OWNER='airflow' AIRFLOW_CTX_DAG_ID='etl_pipeline' AIRFLOW_CTX_TASK_ID='dim_date' AIRFLOW_CTX_EXECUTION_DATE='2026-09-23T02:00:00+00:00' AIRFLOW_CTX_TRY_NUMBER='1' AIRFLOW_CTX_DAG_RUN_ID='scheduled__2026-09-23T02:00:00+00:00'
[2026-09-28T18:08:51.380+0000] {taskinstance.py:731} INFO - ::endgroup::
[2026-09-28T18:08:51.408+0000] {subprocess.py:78} INFO - Tmp dir root location: /tmp
[2026-09-28T18:08:51.411+0000] {subprocess.py:88} INFO - Running command: ['/usr/bin/bash', '-c', 'PYTHONPATH=/opt/airflow/src python -m warehouse.dim_date']
[2026-09-28T18:08:51.427+0000] {subprocess.py:99} INFO - Output:
[2026-09-28T18:08:53.875+0000] {subprocess.py:106} INFO - 2016-09-04
[2026-09-28T18:08:53.876+0000] {subprocess.py:106} INFO - 2018-10-17
[2026-09-28T18:08:53.879+0000] {subprocess.py:106} INFO -    full_date  date_key  day  month  ...  year  month_name day_of_week   day_name
[2026-09-28T18:08:53.880+0000] {subprocess.py:106} INFO - 0 2016-09-04  20160904    4      9  ...  2016   September           7     Sunday
[2026-09-28T18:08:53.881+0000] {subprocess.py:106} INFO - 1 2016-09-05  20160905    5      9  ...  2016   September           1     Monday
[2026-09-28T18:08:53.881+0000] {subprocess.py:106} INFO - 2 2016-09-06  20160906    6      9  ...  2016   September           2    Tuesday
[2026-09-28T18:08:53.882+0000] {subprocess.py:106} INFO - 3 2016-09-07  20160907    7      9  ...  2016   September           3  Wednesday
[2026-09-28T18:08:53.883+0000] {subprocess.py:106} INFO - 4 2016-09-08  20160908    8      9  ...  2016   September           4   Thursday
[2026-09-28T18:08:53.883+0000] {subprocess.py:106} INFO - 
[2026-09-28T18:08:53.884+0000] {subprocess.py:106} INFO - [5 rows x 9 columns]
[2026-09-28T18:08:53.887+0000] {subprocess.py:106} INFO - (774, 774, datetime.date(2016, 9, 4), datetime.date(2018, 10, 17))
[2026-09-28T18:08:54.091+0000] {subprocess.py:110} INFO - Command exited with return code 0
[2026-09-28T18:08:54.145+0000] {taskinstance.py:340} INFO - ::group::Post task execution logs
[2026-09-28T18:08:54.146+0000] {taskinstance.py:352} INFO - Marking task as SUCCESS. dag_id=etl_pipeline, task_id=dim_date, run_id=scheduled__2026-09-23T02:00:00+00:00, execution_date=20260923T020000, start_date=20260928T180851, end_date=20260928T180854
[2026-09-28T18:08:54.183+0000] {local_task_job_runner.py:266} INFO - Task exited with return code 0
[2026-09-28T18:08:54.221+0000] {taskinstance.py:3895} INFO - 0 downstream tasks scheduled from follow-on schedule check
[2026-09-28T18:08:54.226+0000] {local_task_job_runner.py:245} INFO - ::endgroup::
