[2026-08-31T14:22:57.026+0000] {local_task_job_runner.py:123} INFO - ::group::Pre task execution logs
[2026-08-31T14:22:57.046+0000] {taskinstance.py:2613} INFO - Dependencies all met for dep_context=non-requeueable deps ti=<TaskInstance: etl_pipeline.transform_data manual__2026-08-31T14:22:53.621164+00:00 [queued]>
[2026-08-31T14:22:57.056+0000] {taskinstance.py:2613} INFO - Dependencies all met for dep_context=requeueable deps ti=<TaskInstance: etl_pipeline.transform_data manual__2026-08-31T14:22:53.621164+00:00 [queued]>
[2026-08-31T14:22:57.057+0000] {taskinstance.py:2866} INFO - Starting attempt 1 of 1
[2026-08-31T14:22:57.071+0000] {taskinstance.py:2889} INFO - Executing <Task(BashOperator): transform_data> on 2026-08-31 14:22:53.621164+00:00
[2026-08-31T14:22:57.079+0000] {standard_task_runner.py:104} INFO - Running: ['airflow', 'tasks', 'run', 'etl_pipeline', 'transform_data', 'manual__2026-08-31T14:22:53.621164+00:00', '--job-id', '4', '--raw', '--subdir', 'DAGS_FOLDER/sales_etl_dag.py', '--cfg-path', '/tmp/tmpe39n2gf8']
[2026-08-31T14:22:57.082+0000] {logging_mixin.py:190} WARNING - /home/airflow/.local/lib/python3.12/site-packages/airflow/task/task_runner/standard_task_runner.py:70 DeprecationWarning: This process (pid=199) is multi-threaded, use of fork() may lead to deadlocks in the child.
[2026-08-31T14:22:57.082+0000] {standard_task_runner.py:105} INFO - Job 4: Subtask transform_data
[2026-08-31T14:22:57.083+0000] {standard_task_runner.py:72} INFO - Started process 200 to run task
[2026-08-31T14:22:57.152+0000] {task_command.py:467} INFO - Running <TaskInstance: etl_pipeline.transform_data manual__2026-08-31T14:22:53.621164+00:00 [running]> on host ded07224e676
[2026-08-31T14:22:57.228+0000] {taskinstance.py:3132} INFO - Exporting env vars: AIRFLOW_CTX_DAG_OWNER='airflow' AIRFLOW_CTX_DAG_ID='etl_pipeline' AIRFLOW_CTX_TASK_ID='transform_data' AIRFLOW_CTX_EXECUTION_DATE='2026-08-31T14:22:53.621164+00:00' AIRFLOW_CTX_TRY_NUMBER='1' AIRFLOW_CTX_DAG_RUN_ID='manual__2026-08-31T14:22:53.621164+00:00'
[2026-08-31T14:22:57.229+0000] {taskinstance.py:731} INFO - ::endgroup::
[2026-08-31T14:22:57.243+0000] {subprocess.py:78} INFO - Tmp dir root location: /tmp
[2026-08-31T14:22:57.245+0000] {subprocess.py:88} INFO - Running command: ['/usr/bin/bash', '-c', 'PYTHONPATH=/opt/airflow/src python -m transform']
[2026-08-31T14:22:57.253+0000] {subprocess.py:99} INFO - Output:
[2026-08-31T14:22:58.011+0000] {subprocess.py:106} INFO - Traceback (most recent call last):
[2026-08-31T14:22:58.012+0000] {subprocess.py:106} INFO -   File "<frozen runpy>", line 198, in _run_module_as_main
[2026-08-31T14:22:58.013+0000] {subprocess.py:106} INFO -   File "<frozen runpy>", line 88, in _run_code
[2026-08-31T14:22:58.013+0000] {subprocess.py:106} INFO -   File "/opt/airflow/src/transform.py", line 2, in <module>
[2026-08-31T14:22:58.015+0000] {subprocess.py:106} INFO -     from .extract import datasets
[2026-08-31T14:22:58.015+0000] {subprocess.py:106} INFO - ImportError: attempted relative import with no known parent package
[2026-08-31T14:22:58.071+0000] {subprocess.py:110} INFO - Command exited with return code 1
[2026-08-31T14:22:58.081+0000] {taskinstance.py:3311} ERROR - Task failed with exception
Traceback (most recent call last):
  File "/home/airflow/.local/lib/python3.12/site-packages/airflow/models/taskinstance.py", line 767, in _execute_task
    result = _execute_callable(context=context, **execute_callable_kwargs)
             ^^^^^^^^^^^^^^^^^^^^^^^^^^^^^^^^^^^^^^^^^^^^^^^^^^^^^^^^^^^^^
  File "/home/airflow/.local/lib/python3.12/site-packages/airflow/models/taskinstance.py", line 733, in _execute_callable
    return ExecutionCallableRunner(
           ^^^^^^^^^^^^^^^^^^^^^^^^
  File "/home/airflow/.local/lib/python3.12/site-packages/airflow/utils/operator_helpers.py", line 252, in run
    return self.func(*args, **kwargs)
           ^^^^^^^^^^^^^^^^^^^^^^^^^^
  File "/home/airflow/.local/lib/python3.12/site-packages/airflow/models/baseoperator.py", line 422, in wrapper
    return func(self, *args, **kwargs)
           ^^^^^^^^^^^^^^^^^^^^^^^^^^^
  File "/home/airflow/.local/lib/python3.12/site-packages/airflow/operators/bash.py", line 276, in execute
    raise AirflowException(
airflow.exceptions.AirflowException: Bash command failed. The command returned a non-zero exit code 1.
[2026-08-31T14:22:58.085+0000] {taskinstance.py:1225} INFO - Marking task as FAILED. dag_id=etl_pipeline, task_id=transform_data, run_id=manual__2026-08-31T14:22:53.621164+00:00, execution_date=20260831T142253, start_date=20260831T142257, end_date=20260831T142258
[2026-08-31T14:22:58.096+0000] {taskinstance.py:340} INFO - ::group::Post task execution logs
[2026-08-31T14:22:58.097+0000] {standard_task_runner.py:124} ERROR - Failed to execute job 4 for task transform_data (Bash command failed. The command returned a non-zero exit code 1.; 200)
Traceback (most recent call last):
  File "/home/airflow/.local/lib/python3.12/site-packages/airflow/task/task_runner/standard_task_runner.py", line 117, in _start_by_fork
    ret = args.func(args, dag=self.dag)
          ^^^^^^^^^^^^^^^^^^^^^^^^^^^^^
  File "/home/airflow/.local/lib/python3.12/site-packages/airflow/cli/cli_config.py", line 49, in command
    return func(*args, **kwargs)
           ^^^^^^^^^^^^^^^^^^^^^
  File "/home/airflow/.local/lib/python3.12/site-packages/airflow/utils/cli.py", line 116, in wrapper
    return f(*args, **kwargs)
           ^^^^^^^^^^^^^^^^^^
  File "/home/airflow/.local/lib/python3.12/site-packages/airflow/cli/commands/task_command.py", line 483, in task_run
    task_return_code = _run_task_by_selected_method(args, _dag, ti)
                       ^^^^^^^^^^^^^^^^^^^^^^^^^^^^^^^^^^^^^^^^^^^^
  File "/home/airflow/.local/lib/python3.12/site-packages/airflow/cli/commands/task_command.py", line 256, in _run_task_by_selected_method
    return _run_raw_task(args, ti)
           ^^^^^^^^^^^^^^^^^^^^^^^
  File "/home/airflow/.local/lib/python3.12/site-packages/airflow/cli/commands/task_command.py", line 341, in _run_raw_task
    return ti._run_raw_task(
           ^^^^^^^^^^^^^^^^^
  File "/home/airflow/.local/lib/python3.12/site-packages/airflow/utils/session.py", line 97, in wrapper
    return func(*args, session=session, **kwargs)
           ^^^^^^^^^^^^^^^^^^^^^^^^^^^^^^^^^^^^^^
  File "/home/airflow/.local/lib/python3.12/site-packages/airflow/models/taskinstance.py", line 3005, in _run_raw_task
    return _run_raw_task(
           ^^^^^^^^^^^^^^
  File "/home/airflow/.local/lib/python3.12/site-packages/airflow/models/taskinstance.py", line 273, in _run_raw_task
    TaskInstance._execute_task_with_callbacks(
  File "/home/airflow/.local/lib/python3.12/site-packages/airflow/models/taskinstance.py", line 3159, in _execute_task_with_callbacks
    result = self._execute_task(context, task_orig)
             ^^^^^^^^^^^^^^^^^^^^^^^^^^^^^^^^^^^^^^
  File "/home/airflow/.local/lib/python3.12/site-packages/airflow/models/taskinstance.py", line 3183, in _execute_task
    return _execute_task(self, context, task_orig)
           ^^^^^^^^^^^^^^^^^^^^^^^^^^^^^^^^^^^^^^^
  File "/home/airflow/.local/lib/python3.12/site-packages/airflow/models/taskinstance.py", line 767, in _execute_task
    result = _execute_callable(context=context, **execute_callable_kwargs)
             ^^^^^^^^^^^^^^^^^^^^^^^^^^^^^^^^^^^^^^^^^^^^^^^^^^^^^^^^^^^^^
  File "/home/airflow/.local/lib/python3.12/site-packages/airflow/models/taskinstance.py", line 733, in _execute_callable
    return ExecutionCallableRunner(
           ^^^^^^^^^^^^^^^^^^^^^^^^
  File "/home/airflow/.local/lib/python3.12/site-packages/airflow/utils/operator_helpers.py", line 252, in run
    return self.func(*args, **kwargs)
           ^^^^^^^^^^^^^^^^^^^^^^^^^^
  File "/home/airflow/.local/lib/python3.12/site-packages/airflow/models/baseoperator.py", line 422, in wrapper
    return func(self, *args, **kwargs)
           ^^^^^^^^^^^^^^^^^^^^^^^^^^^
  File "/home/airflow/.local/lib/python3.12/site-packages/airflow/operators/bash.py", line 276, in execute
    raise AirflowException(
airflow.exceptions.AirflowException: Bash command failed. The command returned a non-zero exit code 1.
[2026-08-31T14:22:58.144+0000] {local_task_job_runner.py:266} INFO - Task exited with return code 1
[2026-08-31T14:22:58.164+0000] {taskinstance.py:3895} INFO - 0 downstream tasks scheduled from follow-on schedule check
[2026-08-31T14:22:58.170+0000] {local_task_job_runner.py:245} INFO - ::endgroup::
