[2026-09-02T14:39:19.682+0000] {local_task_job_runner.py:123} INFO - ::group::Pre task execution logs
[2026-09-02T14:39:19.758+0000] {taskinstance.py:2613} INFO - Dependencies all met for dep_context=non-requeueable deps ti=<TaskInstance: etl_pipeline.dim_product scheduled__2026-08-31T00:00:00+00:00 [queued]>
[2026-09-02T14:39:19.781+0000] {taskinstance.py:2613} INFO - Dependencies all met for dep_context=requeueable deps ti=<TaskInstance: etl_pipeline.dim_product scheduled__2026-08-31T00:00:00+00:00 [queued]>
[2026-09-02T14:39:19.782+0000] {taskinstance.py:2866} INFO - Starting attempt 1 of 1
[2026-09-02T14:39:19.864+0000] {taskinstance.py:2889} INFO - Executing <Task(BashOperator): dim_product> on 2026-08-31 00:00:00+00:00
[2026-09-02T14:39:19.923+0000] {logging_mixin.py:190} WARNING - /home/airflow/.local/lib/python3.12/site-packages/airflow/task/task_runner/standard_task_runner.py:70 DeprecationWarning: This process (pid=245) is multi-threaded, use of fork() may lead to deadlocks in the child.
[2026-09-02T14:39:19.936+0000] {standard_task_runner.py:72} INFO - Started process 256 to run task
[2026-09-02T14:39:19.931+0000] {standard_task_runner.py:104} INFO - Running: ['airflow', 'tasks', 'run', 'etl_pipeline', 'dim_product', 'scheduled__2026-08-31T00:00:00+00:00', '--job-id', '83', '--raw', '--subdir', 'DAGS_FOLDER/sales_etl_dag.py', '--cfg-path', '/tmp/tmplfx6eqnc']
[2026-09-02T14:39:19.944+0000] {standard_task_runner.py:105} INFO - Job 83: Subtask dim_product
[2026-09-02T14:39:20.211+0000] {task_command.py:467} INFO - Running <TaskInstance: etl_pipeline.dim_product scheduled__2026-08-31T00:00:00+00:00 [running]> on host a914322f514a
[2026-09-02T14:39:20.624+0000] {taskinstance.py:3132} INFO - Exporting env vars: AIRFLOW_CTX_DAG_OWNER='airflow' AIRFLOW_CTX_DAG_ID='etl_pipeline' AIRFLOW_CTX_TASK_ID='dim_product' AIRFLOW_CTX_EXECUTION_DATE='2026-08-31T00:00:00+00:00' AIRFLOW_CTX_TRY_NUMBER='1' AIRFLOW_CTX_DAG_RUN_ID='scheduled__2026-08-31T00:00:00+00:00'
[2026-09-02T14:39:20.630+0000] {taskinstance.py:731} INFO - ::endgroup::
[2026-09-02T14:39:20.685+0000] {subprocess.py:78} INFO - Tmp dir root location: /tmp
[2026-09-02T14:39:20.695+0000] {subprocess.py:88} INFO - Running command: ['/usr/bin/bash', '-c', 'PYTHONPATH=/opt/airflow/src python -m warehouse.dim_product']
[2026-09-02T14:39:20.747+0000] {subprocess.py:99} INFO - Output:
[2026-09-02T14:39:27.462+0000] {subprocess.py:106} INFO - Traceback (most recent call last):
[2026-09-02T14:39:27.477+0000] {subprocess.py:106} INFO -   File "/home/airflow/.local/lib/python3.12/site-packages/sqlalchemy/engine/base.py", line 1910, in _execute_context
[2026-09-02T14:39:27.478+0000] {subprocess.py:106} INFO -     self.dialect.do_execute(
[2026-09-02T14:39:27.479+0000] {subprocess.py:106} INFO -   File "/home/airflow/.local/lib/python3.12/site-packages/sqlalchemy/engine/default.py", line 736, in do_execute
[2026-09-02T14:39:27.480+0000] {subprocess.py:106} INFO -     cursor.execute(statement, parameters)
[2026-09-02T14:39:27.482+0000] {subprocess.py:106} INFO - psycopg2.errors.UndefinedTable: relation "stg_products" does not exist
[2026-09-02T14:39:27.484+0000] {subprocess.py:106} INFO - LINE 13:     FROM stg_products AS p
[2026-09-02T14:39:27.485+0000] {subprocess.py:106} INFO -                   ^
[2026-09-02T14:39:27.502+0000] {subprocess.py:106} INFO - 
[2026-09-02T14:39:27.504+0000] {subprocess.py:106} INFO - 
[2026-09-02T14:39:27.506+0000] {subprocess.py:106} INFO - The above exception was the direct cause of the following exception:
[2026-09-02T14:39:27.508+0000] {subprocess.py:106} INFO - 
[2026-09-02T14:39:27.515+0000] {subprocess.py:106} INFO - Traceback (most recent call last):
[2026-09-02T14:39:27.518+0000] {subprocess.py:106} INFO -   File "<frozen runpy>", line 198, in _run_module_as_main
[2026-09-02T14:39:27.519+0000] {subprocess.py:106} INFO -   File "<frozen runpy>", line 88, in _run_code
[2026-09-02T14:39:27.524+0000] {subprocess.py:106} INFO -   File "/opt/airflow/src/warehouse/dim_product.py", line 19, in <module>
[2026-09-02T14:39:27.527+0000] {subprocess.py:106} INFO -     products=pd.read_sql(
[2026-09-02T14:39:27.529+0000] {subprocess.py:106} INFO -              ^^^^^^^^^^^^
[2026-09-02T14:39:27.543+0000] {subprocess.py:106} INFO -   File "/home/airflow/.local/lib/python3.12/site-packages/pandas/io/sql.py", line 682, in read_sql
[2026-09-02T14:39:27.547+0000] {subprocess.py:106} INFO -     return pandas_sql.read_query(
[2026-09-02T14:39:27.548+0000] {subprocess.py:106} INFO -            ^^^^^^^^^^^^^^^^^^^^^^
[2026-09-02T14:39:27.549+0000] {subprocess.py:106} INFO -   File "/home/airflow/.local/lib/python3.12/site-packages/pandas/io/sql.py", line 1776, in read_query
[2026-09-02T14:39:27.550+0000] {subprocess.py:106} INFO -     result = self.execute(sql, params)
[2026-09-02T14:39:27.552+0000] {subprocess.py:106} INFO -              ^^^^^^^^^^^^^^^^^^^^^^^^^
[2026-09-02T14:39:27.559+0000] {subprocess.py:106} INFO -   File "/home/airflow/.local/lib/python3.12/site-packages/pandas/io/sql.py", line 1599, in execute
[2026-09-02T14:39:27.560+0000] {subprocess.py:106} INFO -     return self.con.exec_driver_sql(sql, *args)
[2026-09-02T14:39:27.560+0000] {subprocess.py:106} INFO -            ^^^^^^^^^^^^^^^^^^^^^^^^^^^^^^^^^^^^
[2026-09-02T14:39:27.561+0000] {subprocess.py:106} INFO -   File "/home/airflow/.local/lib/python3.12/site-packages/sqlalchemy/engine/base.py", line 1770, in exec_driver_sql
[2026-09-02T14:39:27.571+0000] {subprocess.py:106} INFO -     return self._exec_driver_sql(
[2026-09-02T14:39:27.573+0000] {subprocess.py:106} INFO -            ^^^^^^^^^^^^^^^^^^^^^^
[2026-09-02T14:39:27.573+0000] {subprocess.py:106} INFO -   File "/home/airflow/.local/lib/python3.12/site-packages/sqlalchemy/engine/base.py", line 1674, in _exec_driver_sql
[2026-09-02T14:39:27.574+0000] {subprocess.py:106} INFO -     ret = self._execute_context(
[2026-09-02T14:39:27.575+0000] {subprocess.py:106} INFO -           ^^^^^^^^^^^^^^^^^^^^^^
[2026-09-02T14:39:27.576+0000] {subprocess.py:106} INFO -   File "/home/airflow/.local/lib/python3.12/site-packages/sqlalchemy/engine/base.py", line 1953, in _execute_context
[2026-09-02T14:39:27.576+0000] {subprocess.py:106} INFO -     self._handle_dbapi_exception(
[2026-09-02T14:39:27.588+0000] {subprocess.py:106} INFO -   File "/home/airflow/.local/lib/python3.12/site-packages/sqlalchemy/engine/base.py", line 2134, in _handle_dbapi_exception
[2026-09-02T14:39:27.589+0000] {subprocess.py:106} INFO -     util.raise_(
[2026-09-02T14:39:27.590+0000] {subprocess.py:106} INFO -   File "/home/airflow/.local/lib/python3.12/site-packages/sqlalchemy/util/compat.py", line 211, in raise_
[2026-09-02T14:39:27.591+0000] {subprocess.py:106} INFO -     raise exception
[2026-09-02T14:39:27.591+0000] {subprocess.py:106} INFO -   File "/home/airflow/.local/lib/python3.12/site-packages/sqlalchemy/engine/base.py", line 1910, in _execute_context
[2026-09-02T14:39:27.592+0000] {subprocess.py:106} INFO -     self.dialect.do_execute(
[2026-09-02T14:39:27.593+0000] {subprocess.py:106} INFO -   File "/home/airflow/.local/lib/python3.12/site-packages/sqlalchemy/engine/default.py", line 736, in do_execute
[2026-09-02T14:39:27.594+0000] {subprocess.py:106} INFO -     cursor.execute(statement, parameters)
[2026-09-02T14:39:27.594+0000] {subprocess.py:106} INFO - sqlalchemy.exc.ProgrammingError: (psycopg2.errors.UndefinedTable) relation "stg_products" does not exist
[2026-09-02T14:39:27.595+0000] {subprocess.py:106} INFO - LINE 13:     FROM stg_products AS p
[2026-09-02T14:39:27.596+0000] {subprocess.py:106} INFO -                   ^
[2026-09-02T14:39:27.597+0000] {subprocess.py:106} INFO - 
[2026-09-02T14:39:27.598+0000] {subprocess.py:106} INFO - [SQL:
[2026-09-02T14:39:27.603+0000] {subprocess.py:106} INFO -     SELECT
[2026-09-02T14:39:27.608+0000] {subprocess.py:106} INFO -         p.product_id,
[2026-09-02T14:39:27.609+0000] {subprocess.py:106} INFO -         p.product_category_name,
[2026-09-02T14:39:27.610+0000] {subprocess.py:106} INFO -         p.product_name_lenght,
[2026-09-02T14:39:27.610+0000] {subprocess.py:106} INFO -         p.product_description_lenght,
[2026-09-02T14:39:27.611+0000] {subprocess.py:106} INFO -         p.product_photos_qty,
[2026-09-02T14:39:27.616+0000] {subprocess.py:106} INFO -         p.product_weight_g,
[2026-09-02T14:39:27.617+0000] {subprocess.py:106} INFO -         p.product_length_cm,
[2026-09-02T14:39:27.618+0000] {subprocess.py:106} INFO -         p.product_height_cm,
[2026-09-02T14:39:27.618+0000] {subprocess.py:106} INFO -         p.product_width_cm,
[2026-09-02T14:39:27.619+0000] {subprocess.py:106} INFO -         c.product_category_name_english
[2026-09-02T14:39:27.620+0000] {subprocess.py:106} INFO -     FROM stg_products AS p
[2026-09-02T14:39:27.620+0000] {subprocess.py:106} INFO -     LEFT JOIN stg_product_category_name_translation AS c
[2026-09-02T14:39:27.621+0000] {subprocess.py:106} INFO -     ON p.product_category_name=c.product_category_name
[2026-09-02T14:39:27.622+0000] {subprocess.py:106} INFO -     ]
[2026-09-02T14:39:27.622+0000] {subprocess.py:106} INFO - (Background on this error at: https://sqlalche.me/e/14/f405)
[2026-09-02T14:39:27.935+0000] {subprocess.py:110} INFO - Command exited with return code 1
[2026-09-02T14:39:27.981+0000] {taskinstance.py:3311} ERROR - Task failed with exception
Traceback (most recent call last):
  File "/home/airflow/.local/lib/python3.12/site-packages/airflow/models/taskinstance.py", line 767, in _execute_task
    result = _execute_callable(context=context, **execute_callable_kwargs)
             ^^^^^^^^^^^^^^^^^^^^^^^^^^^^^^^^^^^^^^^^^^^^^^^^^^^^^^^^^^^^^
  File "/home/airflow/.local/lib/python3.12/site-packages/airflow/models/taskinstance.py", line 733, in _execute_callable
    return ExecutionCallableRunner(
           ^^^^^^^^^^^^^^^^^^^^^^^^
  File "/home/airflow/.local/lib/python3.12/site-packages/airflow/utils/operator_helpers.py", line 252, in run
    return self.func(*args, **kwargs)
           ^^^^^^^^^^^^^^^^^^^^^^^^^^
  File "/home/airflow/.local/lib/python3.12/site-packages/airflow/models/baseoperator.py", line 422, in wrapper
    return func(self, *args, **kwargs)
           ^^^^^^^^^^^^^^^^^^^^^^^^^^^
  File "/home/airflow/.local/lib/python3.12/site-packages/airflow/operators/bash.py", line 276, in execute
    raise AirflowException(
airflow.exceptions.AirflowException: Bash command failed. The command returned a non-zero exit code 1.
[2026-09-02T14:39:28.000+0000] {taskinstance.py:1225} INFO - Marking task as FAILED. dag_id=etl_pipeline, task_id=dim_product, run_id=scheduled__2026-08-31T00:00:00+00:00, execution_date=20260831T000000, start_date=20260902T143919, end_date=20260902T143927
[2026-09-02T14:39:28.106+0000] {taskinstance.py:340} INFO - ::group::Post task execution logs
[2026-09-02T14:39:28.120+0000] {standard_task_runner.py:124} ERROR - Failed to execute job 83 for task dim_product (Bash command failed. The command returned a non-zero exit code 1.; 256)
Traceback (most recent call last):
  File "/home/airflow/.local/lib/python3.12/site-packages/airflow/task/task_runner/standard_task_runner.py", line 117, in _start_by_fork
    ret = args.func(args, dag=self.dag)
          ^^^^^^^^^^^^^^^^^^^^^^^^^^^^^
  File "/home/airflow/.local/lib/python3.12/site-packages/airflow/cli/cli_config.py", line 49, in command
    return func(*args, **kwargs)
           ^^^^^^^^^^^^^^^^^^^^^
  File "/home/airflow/.local/lib/python3.12/site-packages/airflow/utils/cli.py", line 116, in wrapper
    return f(*args, **kwargs)
           ^^^^^^^^^^^^^^^^^^
  File "/home/airflow/.local/lib/python3.12/site-packages/airflow/cli/commands/task_command.py", line 483, in task_run
    task_return_code = _run_task_by_selected_method(args, _dag, ti)
                       ^^^^^^^^^^^^^^^^^^^^^^^^^^^^^^^^^^^^^^^^^^^^
  File "/home/airflow/.local/lib/python3.12/site-packages/airflow/cli/commands/task_command.py", line 256, in _run_task_by_selected_method
    return _run_raw_task(args, ti)
           ^^^^^^^^^^^^^^^^^^^^^^^
  File "/home/airflow/.local/lib/python3.12/site-packages/airflow/cli/commands/task_command.py", line 341, in _run_raw_task
    return ti._run_raw_task(
           ^^^^^^^^^^^^^^^^^
  File "/home/airflow/.local/lib/python3.12/site-packages/airflow/utils/session.py", line 97, in wrapper
    return func(*args, session=session, **kwargs)
           ^^^^^^^^^^^^^^^^^^^^^^^^^^^^^^^^^^^^^^
  File "/home/airflow/.local/lib/python3.12/site-packages/airflow/models/taskinstance.py", line 3005, in _run_raw_task
    return _run_raw_task(
           ^^^^^^^^^^^^^^
  File "/home/airflow/.local/lib/python3.12/site-packages/airflow/models/taskinstance.py", line 273, in _run_raw_task
    TaskInstance._execute_task_with_callbacks(
  File "/home/airflow/.local/lib/python3.12/site-packages/airflow/models/taskinstance.py", line 3159, in _execute_task_with_callbacks
    result = self._execute_task(context, task_orig)
             ^^^^^^^^^^^^^^^^^^^^^^^^^^^^^^^^^^^^^^
  File "/home/airflow/.local/lib/python3.12/site-packages/airflow/models/taskinstance.py", line 3183, in _execute_task
    return _execute_task(self, context, task_orig)
           ^^^^^^^^^^^^^^^^^^^^^^^^^^^^^^^^^^^^^^^
  File "/home/airflow/.local/lib/python3.12/site-packages/airflow/models/taskinstance.py", line 767, in _execute_task
    result = _execute_callable(context=context, **execute_callable_kwargs)
             ^^^^^^^^^^^^^^^^^^^^^^^^^^^^^^^^^^^^^^^^^^^^^^^^^^^^^^^^^^^^^
  File "/home/airflow/.local/lib/python3.12/site-packages/airflow/models/taskinstance.py", line 733, in _execute_callable
    return ExecutionCallableRunner(
           ^^^^^^^^^^^^^^^^^^^^^^^^
  File "/home/airflow/.local/lib/python3.12/site-packages/airflow/utils/operator_helpers.py", line 252, in run
    return self.func(*args, **kwargs)
           ^^^^^^^^^^^^^^^^^^^^^^^^^^
  File "/home/airflow/.local/lib/python3.12/site-packages/airflow/models/baseoperator.py", line 422, in wrapper
    return func(self, *args, **kwargs)
           ^^^^^^^^^^^^^^^^^^^^^^^^^^^
  File "/home/airflow/.local/lib/python3.12/site-packages/airflow/operators/bash.py", line 276, in execute
    raise AirflowException(
airflow.exceptions.AirflowException: Bash command failed. The command returned a non-zero exit code 1.
[2026-09-02T14:39:28.166+0000] {local_task_job_runner.py:266} INFO - Task exited with return code 1
[2026-09-02T14:39:28.240+0000] {taskinstance.py:3895} INFO - 0 downstream tasks scheduled from follow-on schedule check
[2026-09-02T14:39:28.249+0000] {local_task_job_runner.py:245} INFO - ::endgroup::
